Archive member included to satisfy reference by file (symbol)

c:/nxp/s32ds.3.6.7/s32ds/build_tools/gcc_v10.2/gcc-10.2-arm32-eabi/bin/../lib/gcc/arm-none-eabi/10.2.0/../../../../arm-none-eabi/lib/thumb/v7e-m+fp/hard\libc_nano.a(lib_a-memcmp.o)
                              ./src/HSE_FlashStorage_Example.o (memcmp)
c:/nxp/s32ds.3.6.7/s32ds/build_tools/gcc_v10.2/gcc-10.2-arm32-eabi/bin/../lib/gcc/arm-none-eabi/10.2.0/../../../../arm-none-eabi/lib/thumb/v7e-m+fp/hard\libc_nano.a(lib_a-memset.o)
                              ./src/HSE_Mac_Ecc_Example.o (memset)
c:/nxp/s32ds.3.6.7/s32ds/build_tools/gcc_v10.2/gcc-10.2-arm32-eabi/bin/../lib/gcc/arm-none-eabi/10.2.0/../../../../arm-none-eabi/lib/thumb/v7e-m+fp/hard\libc_nano.a(lib_a-strlen.o)
                              ./src/HSE_Main.o (strlen)
c:/nxp/s32ds.3.6.7/s32ds/build_tools/gcc_v10.2/gcc-10.2-arm32-eabi/bin/../lib/gcc/arm-none-eabi/10.2.0/thumb/v7e-m+fp/hard\libgcc.a(_aeabi_uldivmod.o)
                              ./RTD/src/Clock_Ip_Monitor.o (__aeabi_uldivmod)
c:/nxp/s32ds.3.6.7/s32ds/build_tools/gcc_v10.2/gcc-10.2-arm32-eabi/bin/../lib/gcc/arm-none-eabi/10.2.0/thumb/v7e-m+fp/hard\libgcc.a(_udivmoddi4.o)
                              c:/nxp/s32ds.3.6.7/s32ds/build_tools/gcc_v10.2/gcc-10.2-arm32-eabi/bin/../lib/gcc/arm-none-eabi/10.2.0/thumb/v7e-m+fp/hard\libgcc.a(_aeabi_uldivmod.o) (__udivmoddi4)
c:/nxp/s32ds.3.6.7/s32ds/build_tools/gcc_v10.2/gcc-10.2-arm32-eabi/bin/../lib/gcc/arm-none-eabi/10.2.0/thumb/v7e-m+fp/hard\libgcc.a(_dvmd_tls.o)
                              c:/nxp/s32ds.3.6.7/s32ds/build_tools/gcc_v10.2/gcc-10.2-arm32-eabi/bin/../lib/gcc/arm-none-eabi/10.2.0/thumb/v7e-m+fp/hard\libgcc.a(_aeabi_uldivmod.o) (__aeabi_ldiv0)

Discarded input sections

 .group         0x00000000        0xc ./Project_Settings/Startup_Code/exceptions.o
 .group         0x00000000        0xc ./Project_Settings/Startup_Code/exceptions.o
 .group         0x00000000        0xc ./Project_Settings/Startup_Code/exceptions.o
 .group         0x00000000        0xc ./Project_Settings/Startup_Code/exceptions.o
 .group         0x00000000        0xc ./Project_Settings/Startup_Code/exceptions.o
 .group         0x00000000        0xc ./Project_Settings/Startup_Code/exceptions.o
 .group         0x00000000        0xc ./Project_Settings/Startup_Code/exceptions.o
 .group         0x00000000        0xc ./Project_Settings/Startup_Code/exceptions.o
 .group         0x00000000        0xc ./Project_Settings/Startup_Code/exceptions.o
 .group         0x00000000        0xc ./Project_Settings/Startup_Code/exceptions.o
 .group         0x00000000        0xc ./Project_Settings/Startup_Code/exceptions.o
 .group         0x00000000        0xc ./Project_Settings/Startup_Code/exceptions.o
 .group         0x00000000        0xc ./Project_Settings/Startup_Code/exceptions.o
 .group         0x00000000        0xc ./Project_Settings/Startup_Code/exceptions.o
 .group         0x00000000        0xc ./Project_Settings/Startup_Code/exceptions.o
 .group         0x00000000        0xc ./Project_Settings/Startup_Code/exceptions.o
 .group         0x00000000        0xc ./Project_Settings/Startup_Code/exceptions.o
 .group         0x00000000        0xc ./Project_Settings/Startup_Code/exceptions.o
 .group         0x00000000        0xc ./Project_Settings/Startup_Code/exceptions.o
 .group         0x00000000        0xc ./Project_Settings/Startup_Code/exceptions.o
 .group         0x00000000        0xc ./Project_Settings/Startup_Code/exceptions.o
 .group         0x00000000        0xc ./Project_Settings/Startup_Code/exceptions.o
 .group         0x00000000        0xc ./Project_Settings/Startup_Code/exceptions.o
 .group         0x00000000        0xc ./Project_Settings/Startup_Code/exceptions.o
 .group         0x00000000        0xc ./Project_Settings/Startup_Code/exceptions.o
 .group         0x00000000        0xc ./Project_Settings/Startup_Code/exceptions.o
 .group         0x00000000        0xc ./Project_Settings/Startup_Code/exceptions.o
 .group         0x00000000        0xc ./Project_Settings/Startup_Code/exceptions.o
 .group         0x00000000        0xc ./Project_Settings/Startup_Code/exceptions.o
 .group         0x00000000        0xc ./Project_Settings/Startup_Code/exceptions.o
 .group         0x00000000        0xc ./Project_Settings/Startup_Code/nvic.o
 .group         0x00000000        0xc ./Project_Settings/Startup_Code/nvic.o
 .group         0x00000000        0xc ./Project_Settings/Startup_Code/nvic.o
 .group         0x00000000        0xc ./Project_Settings/Startup_Code/nvic.o
 .group         0x00000000        0xc ./Project_Settings/Startup_Code/nvic.o
 .group         0x00000000        0xc ./Project_Settings/Startup_Code/nvic.o
 .group         0x00000000        0xc ./Project_Settings/Startup_Code/nvic.o
 .group         0x00000000        0xc ./Project_Settings/Startup_Code/nvic.o
 .group         0x00000000        0xc ./Project_Settings/Startup_Code/nvic.o
[...]
Memory Configuration

Name             Origin             Length             Attributes
int_pflash       0x00400000         0x001d4000
int_dflash       0x10000000         0x00016000
int_itcm         0x00000000         0x00008000
int_dtcm         0x20000000         0x0000f000
int_stack_dtcm   0x2000f000         0x00001000
int_sram         0x20400000         0x00007f00
int_sram_fls_rsv 0x20407f00         0x00000100
int_sram_no_cacheable 0x20408000         0x00007f00
int_sram_results 0x2040ff00         0x00000100
int_sram_shareable 0x20410000         0x00008000
ram_rsvd2        0x20418000         0x00000000
*default*        0x00000000         0xffffffff

Linker script and memory map

LOAD ./Project_Settings/Startup_Code/Vector_Table.o
LOAD ./Project_Settings/Startup_Code/exceptions.o
LOAD ./Project_Settings/Startup_Code/nvic.o
LOAD ./Project_Settings/Startup_Code/startup.o
LOAD ./Project_Settings/Startup_Code/startup_cm7.o
LOAD ./Project_Settings/Startup_Code/system.o
LOAD ./RTD/src/C40_Ip.o
LOAD ./RTD/src/C40_Ip_Ac.o
LOAD ./RTD/src/Cache_Ip.o
LOAD ./RTD/src/Cache_Ip_HwAcc_ArmCoreMx.o
LOAD ./RTD/src/Clock_Ip.o
LOAD ./RTD/src/Clock_Ip_Data.o
LOAD ./RTD/src/Clock_Ip_Divider.o
LOAD ./RTD/src/Clock_Ip_DividerTrigger.o
LOAD ./RTD/src/Clock_Ip_ExtOsc.o
LOAD ./RTD/src/Clock_Ip_FracDiv.o
LOAD ./RTD/src/Clock_Ip_Frequency.o
LOAD ./RTD/src/Clock_Ip_Gate.o
LOAD ./RTD/src/Clock_Ip_IntOsc.o
LOAD ./RTD/src/Clock_Ip_Irq.o
LOAD ./RTD/src/Clock_Ip_Monitor.o
LOAD ./RTD/src/Clock_Ip_Pll.o
LOAD ./RTD/src/Clock_Ip_ProgFreqSwitch.o
LOAD ./RTD/src/Clock_Ip_Selector.o
LOAD ./RTD/src/Clock_Ip_Specific.o
LOAD ./RTD/src/Det.o
LOAD ./RTD/src/Det_stub.o
LOAD ./RTD/src/Hse_Ip.o
LOAD ./RTD/src/Hse_Ip_Semaphore.o
LOAD ./RTD/src/Igf_Port_Ip.o
LOAD ./RTD/src/IntCtrl_Ip.o
LOAD ./RTD/src/Lpuart_Uart_Ip.o
LOAD ./RTD/src/Lpuart_Uart_Ip_Irq.o
LOAD ./RTD/src/Mu_Ip_Irq.o
LOAD ./RTD/src/OsIf_Interrupts.o
LOAD ./RTD/src/OsIf_Software_Semaphore.o
LOAD ./RTD/src/OsIf_Timer.o
LOAD ./RTD/src/OsIf_Timer_System.o
LOAD ./RTD/src/OsIf_Timer_System_Internal_Systick.o
LOAD ./RTD/src/SchM_BaseNXP.o
LOAD ./RTD/src/SchM_Crypto_43_HSE.o
LOAD ./RTD/src/SchM_Dio.o
LOAD ./RTD/src/SchM_Mcl.o
LOAD ./RTD/src/SchM_Mcu.o
LOAD ./RTD/src/SchM_Mem_43_INFLS.o
LOAD ./RTD/src/SchM_Port.o
LOAD ./RTD/src/SchM_Uart.o
LOAD ./RTD/src/Siul2_Dio_Ip.o
LOAD ./RTD/src/Siul2_Port_Ip.o
LOAD ./RTD/src/Tspc_Port_Ip.o
LOAD ./board/Siul2_Port_Ip_Cfg.o
LOAD ./board/Tspc_Port_Ip_Cfg.o
LOAD ./generate/src/C40_Ip_Cfg.o
LOAD ./generate/src/Clock_Ip_Cfg.o
LOAD ./generate/src/Hse_Ip_Cfg.o
LOAD ./generate/src/Igf_Port_Ip_Cfg.o
LOAD ./generate/src/IntCtrl_Ip_Cfg.o
LOAD ./generate/src/Lpuart_Uart_Ip_Sa_PBcfg.o
LOAD ./generate/src/OsIf_Cfg.o
LOAD ./src/APP_Main.o
LOAD ./src/HSE_FlashStorage_Example.o
LOAD ./src/HSE_Mac_Ecc_Example.o
LOAD ./src/HSE_Main.o
LOAD ./src/HSE_SecureBoot.o
LOAD ./src/HSE_TestDummySmrInstall.o
LOAD ./src/LED.o
LOAD ./src/UART_Print.o
LOAD ./src/main.o
LOAD c:/nxp/s32ds.3.6.7/s32ds/build_tools/gcc_v10.2/gcc-10.2-arm32-eabi/bin/../lib/gcc/arm-none-eabi/10.2.0/../../../../arm-none-eabi/lib/thumb/v7e-m+fp/hard\libc_nano.a
LOAD c:/nxp/s32ds.3.6.7/s32ds/build_tools/gcc_v10.2/gcc-10.2-arm32-eabi/bin/../lib/gcc/arm-none-eabi/10.2.0/../../../../arm-none-eabi/lib/thumb/v7e-m+fp/hard\libm.a
LOAD c:/nxp/s32ds.3.6.7/s32ds/build_tools/gcc_v10.2/gcc-10.2-arm32-eabi/bin/../lib/gcc/arm-none-eabi/10.2.0/thumb/v7e-m+fp/hard\libgcc.a
START GROUP
LOAD c:/nxp/s32ds.3.6.7/s32ds/build_tools/gcc_v10.2/gcc-10.2-arm32-eabi/bin/../lib/gcc/arm-none-eabi/10.2.0/thumb/v7e-m+fp/hard\libgcc.a
LOAD c:/nxp/s32ds.3.6.7/s32ds/build_tools/gcc_v10.2/gcc-10.2-arm32-eabi/bin/../lib/gcc/arm-none-eabi/10.2.0/../../../../arm-none-eabi/lib/thumb/v7e-m+fp/hard\libg_nano.a
LOAD c:/nxp/s32ds.3.6.7/s32ds/build_tools/gcc_v10.2/gcc-10.2-arm32-eabi/bin/../lib/gcc/arm-none-eabi/10.2.0/../../../../arm-none-eabi/lib/thumb/v7e-m+fp/hard\libc_nano.a
END GROUP
START GROUP
LOAD c:/nxp/s32ds.3.6.7/s32ds/build_tools/gcc_v10.2/gcc-10.2-arm32-eabi/bin/../lib/gcc/arm-none-eabi/10.2.0/thumb/v7e-m+fp/hard\libgcc.a
LOAD c:/nxp/s32ds.3.6.7/s32ds/build_tools/gcc_v10.2/gcc-10.2-arm32-eabi/bin/../lib/gcc/arm-none-eabi/10.2.0/../../../../arm-none-eabi/lib/thumb/v7e-m+fp/hard\libc_nano.a
LOAD c:/nxp/s32ds.3.6.7/s32ds/build_tools/gcc_v10.2/gcc-10.2-arm32-eabi/bin/../lib/gcc/arm-none-eabi/10.2.0/../../../../arm-none-eabi/lib/thumb/v7e-m+fp/hard\libnosys.a
END GROUP
START GROUP
LOAD c:/nxp/s32ds.3.6.7/s32ds/build_tools/gcc_v10.2/gcc-10.2-arm32-eabi/bin/../lib/gcc/arm-none-eabi/10.2.0/thumb/v7e-m+fp/hard\libgcc.a
LOAD c:/nxp/s32ds.3.6.7/s32ds/build_tools/gcc_v10.2/gcc-10.2-arm32-eabi/bin/../lib/gcc/arm-none-eabi/10.2.0/../../../../arm-none-eabi/lib/thumb/v7e-m+fp/hard\libc_nano.a
LOAD c:/nxp/s32ds.3.6.7/s32ds/build_tools/gcc_v10.2/gcc-10.2-arm32-eabi/bin/../lib/gcc/arm-none-eabi/10.2.0/../../../../arm-none-eabi/lib/thumb/v7e-m+fp/hard\libnosys.a
END GROUP
                0x00000200                HEAP_SIZE = DEFINED (__heap_size__)?__heap_size__:0x200
                0x20407fff                __STANDBY_RAM_LIMIT_END = 0x20407fff

.pflash         0x00400000    0x18154
 *(.boot_header)
 .boot_header   0x00400000      0x100 ./Project_Settings/Startup_Code/startup_cm7.o
                0x00402000                . = ALIGN (0x2000)
 *fill*         0x00400100     0x1f00 
                0x00402000                __text_start = .
                0x00402000                __interrupts_init_start = .
 *(.intc_vector)
 .intc_vector   0x00402000      0x408 ./Project_Settings/Startup_Code/Vector_Table.o
                0x00402000                VTABLE
                0x00402408                . = ALIGN (0x4)
                0x00402408                __interrupts_init_end = .
 *(.core_loop)
 .core_loop     0x00402408        0xc ./Project_Settings/Startup_Code/startup_cm7.o
                0x00402408                _core_loop
                0x00402414                . = ALIGN (0x4)
 *(.startup)
 *fill*         0x00402414        0xc 
 .startup       0x00402420      0x214 ./Project_Settings/Startup_Code/startup_cm7.o
                0x00402420                Reset_Handler
                0x00402420                _start
                0x004025b4                MCAL_LTB_TRACE_OFF
                0x004025b6                _end_of_eunit_test
                0x00402634                . = ALIGN (0x4)
 *(.systeminit)
                0x00402634                . = ALIGN (0x4)
 *(.text.startup)
                0x00402634                . = ALIGN (0x4)
 *(.text)
 .text          0x00402634        0x0 ./Project_Settings/Startup_Code/Vector_Table.o
 .text          0x00402634        0x0 ./Project_Settings/Startup_Code/exceptions.o
 .text          0x00402634        0x0 ./Project_Settings/Startup_Code/nvic.o
 .text          0x00402634        0x0 ./Project_Settings/Startup_Code/startup.o
 .text          0x00402634        0x0 ./Project_Settings/Startup_Code/startup_cm7.o
 .text          0x00402634        0x0 ./Project_Settings/Startup_Code/system.o
 .text          0x00402634        0x0 ./RTD/src/C40_Ip.o
 .text          0x00402634        0x0 ./RTD/src/C40_Ip_Ac.o
 .text          0x00402634        0x0 ./RTD/src/Cache_Ip.o
 .text          0x00402634        0x0 ./RTD/src/Cache_Ip_HwAcc_ArmCoreMx.o
 .text          0x00402634        0x0 ./RTD/src/Clock_Ip.o
 .text          0x00402634        0x0 ./RTD/src/Clock_Ip_Data.o
 .text          0x00402634        0x0 ./RTD/src/Clock_Ip_Divider.o
 .text          0x00402634        0x0 ./RTD/src/Clock_Ip_DividerTrigger.o
 .text          0x00402634        0x0 ./RTD/src/Clock_Ip_ExtOsc.o
 .text          0x00402634        0x0 ./RTD/src/Clock_Ip_FracDiv.o
 .text          0x00402634        0x0 ./RTD/src/Clock_Ip_Frequency.o
 .text          0x00402634        0x0 ./RTD/src/Clock_Ip_Gate.o
 .text          0x00402634        0x0 ./RTD/src/Clock_Ip_IntOsc.o
 .text          0x00402634        0x0 ./RTD/src/Clock_Ip_Irq.o
 .text          0x00402634        0x0 ./RTD/src/Clock_Ip_Monitor.o
 .text          0x00402634        0x0 ./RTD/src/Clock_Ip_Pll.o
 .text          0x00402634        0x0 ./RTD/src/Clock_Ip_ProgFreqSwitch.o
 .text          0x00402634        0x0 ./RTD/src/Clock_Ip_Selector.o
 .text          0x00402634        0x0 ./RTD/src/Clock_Ip_Specific.o
 .text          0x00402634        0x0 ./RTD/src/Det.o
 .text          0x00402634        0x0 ./RTD/src/Det_stub.o
 .text          0x00402634        0x0 ./RTD/src/Hse_Ip.o
 .text          0x00402634        0x0 ./RTD/src/Hse_Ip_Semaphore.o
 .text          0x00402634        0x0 ./RTD/src/Igf_Port_Ip.o
 .text          0x00402634       0x1c ./RTD/src/IntCtrl_Ip.o
 .text          0x00402650       0x1c ./RTD/src/Lpuart_Uart_Ip.o
 .text          0x0040266c        0x0 ./RTD/src/Lpuart_Uart_Ip_Irq.o
 .text          0x0040266c        0x0 ./RTD/src/Mu_Ip_Irq.o
 .text          0x0040266c        0x0 ./RTD/src/OsIf_Interrupts.o
 .text          0x0040266c        0x0 ./RTD/src/OsIf_Software_Semaphore.o
 .text          0x0040266c       0x1c ./RTD/src/OsIf_Timer.o
 .text          0x00402688        0x0 ./RTD/src/OsIf_Timer_System.o
 .text          0x00402688        0x0 ./RTD/src/OsIf_Timer_System_Internal_Systick.o
 .text          0x00402688       0x12 ./RTD/src/SchM_BaseNXP.o
                0x00402688                BaseNXP_schm_read_msr
 .text          0x0040269a       0x12 ./RTD/src/SchM_Crypto_43_HSE.o
                0x0040269a                Crypto_43_HSE_schm_read_msr
 .text          0x004026ac       0x12 ./RTD/src/SchM_Dio.o
                0x004026ac                Dio_schm_read_msr
 .text          0x004026be       0x12 ./RTD/src/SchM_Mcl.o
                0x004026be                Mcl_schm_read_msr
 .text          0x004026d0       0x12 ./RTD/src/SchM_Mcu.o
                0x004026d0                Mcu_schm_read_msr
 .text          0x004026e2       0x12 ./RTD/src/SchM_Mem_43_INFLS.o
                0x004026e2                Mem_43_INFLS_schm_read_msr
 .text          0x004026f4       0x12 ./RTD/src/SchM_Port.o
                0x004026f4                Port_schm_read_msr
 .text          0x00402706       0x12 ./RTD/src/SchM_Uart.o
                0x00402706                Uart_schm_read_msr
 .text          0x00402718       0x1c ./RTD/src/Siul2_Dio_Ip.o
 .text          0x00402734       0x1c ./RTD/src/Siul2_Port_Ip.o
 .text          0x00402750       0x1c ./RTD/src/Tspc_Port_Ip.o
 .text          0x0040276c        0x0 ./board/Siul2_Port_Ip_Cfg.o
 .text          0x0040276c        0x0 ./board/Tspc_Port_Ip_Cfg.o
 .text          0x0040276c        0x0 ./generate/src/C40_Ip_Cfg.o
 .text          0x0040276c        0x0 ./generate/src/Clock_Ip_Cfg.o
 .text          0x0040276c        0x0 ./generate/src/Hse_Ip_Cfg.o
 .text          0x0040276c        0x0 ./generate/src/Igf_Port_Ip_Cfg.o
 .text          0x0040276c        0x0 ./generate/src/IntCtrl_Ip_Cfg.o
 .text          0x0040276c        0x0 ./generate/src/Lpuart_Uart_Ip_Sa_PBcfg.o
 .text          0x0040276c        0x0 ./generate/src/OsIf_Cfg.o
 .text          0x0040276c      0x140 ./src/APP_Main.o
                0x0040276c                APP_Main
                0x004028a0                HSE_RX_IRQ
 .text          0x004028ac      0x264 ./src/HSE_FlashStorage_Example.o
                0x0040293e                HSE_Example_StoreEncryptedDataDemo
 .text          0x00402b10      0xa54 ./src/HSE_Mac_Ecc_Example.o
                0x00402bce                HSE_Mac_ImportKey_Ram
                0x00402cc4                HSE_Mac_GenerateTag
                0x00402dac                HSE_Mac_VerifyTag
                0x00402e94                HSE_Mac_StorageCheckDemo
                0x00402fcc                HSE_Ecc_GenerateKeyPair
                0x00403098                HSE_Ecc_SignMessage
                0x004031a0                HSE_Ecc_VerifyMessage
                0x004032a0                HSE_Ecc_ImportPublicKey_Ram
                0x004033a4                HSE_Ecc_StorageCheckDemo
                0x00403558                HSE_Mac_Ecc_Example_Demo
 .text          0x00403564      0xe98 ./src/HSE_Main.o
                0x00403564                HSE_Init
                0x004036a0                HSE_UnlockUtestSector
                0x00403774                HSE_checkHseFwFeatureFlagEnabled
                0x004037ce                HSE_checkHseVersion
                0x00403890                HSE_GetTRNG
                0x0040391c                HSE_getHSECapabilites
                0x00403984                HSE_ActivateAllMuInstances
                0x00403a18                HSE_genreateSHA
                0x00403ad0                HSE_FormatHseKeyCatalogs
                0x00403b74                HSE_ImportAESKey
                0x00403c68                HSE_GetAesKeyInfo
                0x00403d14                HSE_GetNvmAesKeyInfo
                0x00403dc0                HSE_ImportNvmAESKey
                0x00403ee4                HSE_EraseNvmAesKey
                0x00403f90                HSE_GetGeneratedAesKeyInfo
                0x00404040                HSE_GenerateAesKey
                0x004041e0                HSE_AesEncrypt
                0x00404206                HSE_AesDecrypt
                0x00404308                HSE_AesCtrEncryptNvm
                0x00404334                HSE_AesCtrDecryptNvm
                0x00404360                HSE_AesEncryptNvm
                0x00404386                HSE_AesDecryptNvm
                0x004043ac                HSE_AesEncryptGenerated
                0x004043d4                HSE_AesDecryptGenerated
 .text          0x004043fc      0x97c ./src/HSE_SecureBoot.o
                0x004045d8                HSE_SecureBoot_PrepareTestData
                0x0040463c                HSE_ImportSmrSignKey_Ram
                0x00404730                HSE_GetSmrVerifyKeyInfo
                0x004047dc                HSE_ImportSmrVerifyKey_Nvm
                0x00404900                HSE_ComputeSmrInstallTag
                0x004049e8                HSE_EraseSmrSignKey_Ram
                0x00404a84                HSE_InstallSmrEntry
                0x00404ba0                HSE_VerifySmrEntryOnDemand
                0x00404c48                HSE_SecureBoot_NegativeControlTest
                0x00404cec                HSE_SecureBoot_Phase1_Demo
 .text          0x00404d78      0x4a4 ./src/HSE_TestDummySmrInstall.o
                0x00404d78                HSE_TestDummySmrInstall
                0x00405070                HSE_TestRealSmrInstall
 .text          0x0040521c      0x15c ./src/LED.o
                0x0040521c                LED_Init
                0x00405230                LED_ToggleLED
 .text          0x00405378      0x2c4 ./src/UART_Print.o
                0x00405484                UART_Print_Init
                0x004054c8                UART_Print_String
                0x004054f4                UART_Print_HseResponse
                0x00405570                UART_Print_Status
                0x004055e8                UART_Print_Bool
 .text          0x0040563c        0x8 ./src/main.o
                0x0040563c                main
 .text          0x00405644        0x0 c:/nxp/s32ds.3.6.7/s32ds/build_tools/gcc_v10.2/gcc-10.2-arm32-eabi/bin/../lib/gcc/arm-none-eabi/10.2.0/../../../../arm-none-eabi/lib/thumb/v7e-m+fp/hard\libc_nano.a(lib_a-memcmp.o)
 .text          0x00405644        0x0 c:/nxp/s32ds.3.6.7/s32ds/build_tools/gcc_v10.2/gcc-10.2-arm32-eabi/bin/../lib/gcc/arm-none-eabi/10.2.0/../../../../arm-none-eabi/lib/thumb/v7e-m+fp/hard\libc_nano.a(lib_a-memset.o)
 .text          0x00405644       0x10 c:/nxp/s32ds.3.6.7/s32ds/build_tools/gcc_v10.2/gcc-10.2-arm32-eabi/bin/../lib/gcc/arm-none-eabi/10.2.0/../../../../arm-none-eabi/lib/thumb/v7e-m+fp/hard\libc_nano.a(lib_a-strlen.o)
                0x00405644                strlen
 .text          0x00405654       0x30 c:/nxp/s32ds.3.6.7/s32ds/build_tools/gcc_v10.2/gcc-10.2-arm32-eabi/bin/../lib/gcc/arm-none-eabi/10.2.0/thumb/v7e-m+fp/hard\libgcc.a(_aeabi_uldivmod.o)
                0x00405654                __aeabi_uldivmod
 .text          0x00405684      0x2d8 c:/nxp/s32ds.3.6.7/s32ds/build_tools/gcc_v10.2/gcc-10.2-arm32-eabi/bin/../lib/gcc/arm-none-eabi/10.2.0/thumb/v7e-m+fp/hard\libgcc.a(_udivmoddi4.o)
                0x00405684                __udivmoddi4
 .text          0x0040595c        0x4 c:/nxp/s32ds.3.6.7/s32ds/build_tools/gcc_v10.2/gcc-10.2-arm32-eabi/bin/../lib/gcc/arm-none-eabi/10.2.0/thumb/v7e-m+fp/hard\libgcc.a(_dvmd_tls.o)
                0x0040595c                __aeabi_idiv0
                0x0040595c                __aeabi_ldiv0
 *(.text*)
 .text.memcmp   0x00405960       0x20 c:/nxp/s32ds.3.6.7/s32ds/build_tools/gcc_v10.2/gcc-10.2-arm32-eabi/bin/../lib/gcc/arm-none-eabi/10.2.0/../../../../arm-none-eabi/lib/thumb/v7e-m+fp/hard\libc_nano.a(lib_a-memcmp.o)
                0x00405960                memcmp
 .text.memset   0x00405980       0x10 c:/nxp/s32ds.3.6.7/s32ds/build_tools/gcc_v10.2/gcc-10.2-arm32-eabi/bin/../lib/gcc/arm-none-eabi/10.2.0/../../../../arm-none-eabi/lib/thumb/v7e-m+fp/hard\libc_nano.a(lib_a-memset.o)
                0x00405980                memset
                0x00405990                . = ALIGN (0x4)
 *(.mcal_text)
 .mcal_text     0x00405990       0x14 ./Project_Settings/Startup_Code/exceptions.o
                0x00405990                NMI_Handler
                0x00405992                HardFault_Handler
                0x00405994                MemManage_Handler
                0x00405996                BusFault_Handler
                0x00405998                UsageFault_Handler
                0x0040599a                SVC_Handler
                0x0040599c                DebugMon_Handler
                0x0040599e                PendSV_Handler
                0x004059a0                SysTick_Handler
                0x004059a2                undefined_handler
 .mcal_text     0x004059a4       0xbc ./Project_Settings/Startup_Code/nvic.o
                0x004059a4                NVIC_SetPriorityGrouping
                0x004059c6                NVIC_EnableIRQ
                0x004059f6                NVIC_DisableIRQ
                0x00405a26                NVIC_SetPriority
 .mcal_text     0x00405a60      0x2ac ./Project_Settings/Startup_Code/startup.o
                0x00405a60                init_data_bss
                0x00405bf8                init_data_bss_core2
 .mcal_text     0x00405d0c      0x33c ./Project_Settings/Startup_Code/system.o
                0x00405d0c                startup_go_to_user_mode
                0x00405d10                default_interrupt_routine
                0x00405d12                Sys_GetCoreID
                0x00405d28                SystemInit
                0x00406028                Enable_FPU
 .mcal_text     0x00406048     0x1f20 ./RTD/src/C40_Ip.o
                0x004061f8                C40_Ip_GetSETSLOCKRegValue
                0x00406278                C40_Ip_GetLockDomainIDValue
                0x00406364                C40_Ip_Block4PipeSelect
                0x004069f8                C40_Ip_MainInterfaceWriteLogicalAddress
                0x00406a10                C40_Ip_EccDataErrorSuppression
                0x00406eac                C40_Ip_SetAsyncMode
                0x00406ec8                C40_Ip_GetSectorNumberFromAddress
                0x00406f34                C40_Ip_GetBlockNumberFromAddress
                0x00406fdc                C40_Ip_SetLock
                0x00407026                C40_Ip_SetLockProtect
                0x00407128                C40_Ip_GetLock
                0x0040715e                C40_Ip_GetLockProtect
                0x00407208                C40_Ip_ClearLock
                0x0040725a                C40_Ip_ClearLockProtect
                0x00407300                C40_Ip_Init
                0x00407328                C40_Ip_Abort
                0x0040733c                C40_Ip_MainInterfaceHVJobStatus
                0x00407378                C40_Ip_MainInterfaceSectorErase
                0x0040741c                C40_Ip_MainInterfaceSectorEraseStatus
                0x0040745c                C40_Ip_MainInterfaceWrite
                0x00407520                C40_Ip_MainInterfaceWriteStatus
                0x00407560                C40_Ip_Read
                0x00407608                C40_Ip_Compare
                0x00407664                C40_Ip_ArrayIntegrityCheck
                0x0040773c                C40_Ip_CheckUserTestStatus
                0x004077c0                C40_Ip_ArrayIntegrityCheckSuspend
                0x00407844                C40_Ip_ArrayIntegrityCheckResume
                0x004078a0                C40_Ip_UserMarginReadCheck
                0x00407998                C40_Ip_EccLogicCheck
                0x00407b4c                C40_Ip_EdcAfterEccLogicCheck
                0x00407d04                C40_Ip_AddressEncodeLogicCheck
                0x00407e68                C40_Ip_GetFailedAddress
                0x00407f58                C40_Ip_ReportEccUnCorrectedError
 .mcal_text     0x00407f68      0xe74 ./RTD/src/Clock_Ip.o
                0x0040826c                Clock_Ip_Init
                0x004082ac                Clock_Ip_InitClock
                0x00408938                Clock_Ip_GetPllStatus
                0x00408a40                Clock_Ip_DistributePll
                0x00408bbc                Clock_Ip_DisableClockMonitor
                0x00408c00                Clock_Ip_InstallNotificationsCallback
                0x00408c14                Clock_Ip_DisableModuleClock
                0x00408c58                Clock_Ip_EnableModuleClock
                0x00408cd8                Clock_Ip_DisableFircInStandby
                0x00408cf4                Clock_Ip_EnableFircInStandby
                0x00408d10                Clock_Ip_DisableSircInStandby
                0x00408d2c                Clock_Ip_EnableSircInStandby
                0x00408d48                Clock_Ip_ReportClockErrors
                0x00408d68                Clock_Ip_StartTimeout
                0x00408d9c                Clock_Ip_TimeoutExpired
 .mcal_text     0x00408ddc      0x458 ./RTD/src/Clock_Ip_Divider.o
 .mcal_text     0x00409234      0x170 ./RTD/src/Clock_Ip_DividerTrigger.o
 .mcal_text     0x004093a4      0x3b0 ./RTD/src/Clock_Ip_ExtOsc.o
 .mcal_text     0x00409754       0x16 ./RTD/src/Clock_Ip_FracDiv.o
 .mcal_text     0x0040976a        0xe ./RTD/src/Clock_Ip_Frequency.o
                0x0040976a                Clock_Ip_SetExternalSignalFrequency
 .mcal_text     0x00409778      0x32c ./RTD/src/Clock_Ip_Gate.o
 .mcal_text     0x00409aa4      0x1e4 ./RTD/src/Clock_Ip_IntOsc.o
 .mcal_text     0x00409c88        0xa ./RTD/src/Clock_Ip_Irq.o
                0x00409c88                Mcu_Cmu_ClockFail_IRQHandler
 *fill*         0x00409c92        0x2 
 .mcal_text     0x00409c94      0x5a4 ./RTD/src/Clock_Ip_Monitor.o
                0x0040a194                Clock_Ip_CMU_ClockFailInt
 .mcal_text     0x0040a238      0x2d8 ./RTD/src/Clock_Ip_Pll.o
 .mcal_text     0x0040a510      0x768 ./RTD/src/Clock_Ip_ProgFreqSwitch.o
 .mcal_text     0x0040ac78      0xaf8 ./RTD/src/Clock_Ip_Selector.o
                0x0040b72e                Clock_Ip_SetRtcRtccClksel_TrustedCall
 .mcal_text     0x0040b770      0x584 ./RTD/src/Clock_Ip_Specific.o
                0x0040bb94                Clock_Ip_PowerClockIpModules
                0x0040bbae                Clock_Ip_SetRamWaitStates
                0x0040bbb8                Clock_Ip_SetFlashWaitStates
                0x0040bbc2                Clock_Ip_McMeEnterKey
                0x0040bbee                DisableFircInStandbyMode
                0x0040bc04                EnableFircInStandbyMode
                0x0040bc28                DisableSircInStandbyMode
                0x0040bc3c                EnableSircInStandbyMode
                0x0040bcb8                Clock_Ip_Command
 .mcal_text     0x0040bcf4      0xafc ./RTD/src/Det.o
                0x0040bcf4                Det_Init
                0x0040c130                Det_ReportError
                0x0040c1ec                Det_ReportRuntimeError
                0x0040c2a8                Det_ReportTransientFault
                0x0040c364                Det_Start
                0x0040c368                Det_InitDataNode
                0x0040c46e                Det_LinkNodeToHead
                0x0040c4e6                Det_DelAllNodesSameId
                0x0040c746                Det_FreeNodesInLinkedList
 .mcal_text     0x0040c7f0      0x324 ./RTD/src/Det_stub.o
                0x0040c7f0                Det_TestLastReportError
                0x0040c880                Det_TestLastReportRuntimeError
                0x0040c910                Det_TestLastReportTransientFault
                0x0040c9a0                Det_TestNoError
                0x0040ca1c                Det_TestNoRuntimeError
                0x0040ca98                Det_TestNoTransientFault
 .mcal_text     0x0040cb14      0x9cc ./RTD/src/Hse_Ip.o
                0x0040cc62                Hse_Ip_GetPhysicalCoreId
                0x0040cea4                Hse_Ip_Init
                0x0040cf1c                Hse_Ip_Deinit
                0x0040cf3c                Hse_Ip_GetFreeChannel
                0x0040d038                Hse_Ip_ReleaseChannel
                0x0040d07c                Hse_Ip_ToAHBAddress
                0x0040d08c                Hse_Ip_ServiceRequest
                0x0040d244                Hse_Ip_MainFunction
                0x0040d262                Hse_Ip_GetHseStatus
                0x0040d290                Hse_Ip_RegisterGenericCallback
                0x0040d390                Hse_Ip_RxIrqHandler
                0x0040d438                Hse_Ip_GeneralPurposeIrqHandler
 .mcal_text     0x0040d4e0      0x4f4 ./RTD/src/IntCtrl_Ip.o
                0x0040d4e0                IntCtrl_Ip_InstallHandlerPrivileged
                0x0040d550                IntCtrl_Ip_EnableIrqPrivileged
                0x0040d5a8                IntCtrl_Ip_DisableIrqPrivileged
                0x0040d600                IntCtrl_Ip_SetPriorityPrivileged
                0x0040d66e                IntCtrl_Ip_GetPriorityPrivileged
                0x0040d6cc                IntCtrl_Ip_ClearPendingPrivileged
                0x0040d714                IntCtrl_Ip_SetPendingPrivileged
                0x0040d75c                IntCtrl_Ip_GetPendingPrivileged
                0x0040d7a6                IntCtrl_Ip_GetActivePrivileged
                0x0040d7f0                IntCtrl_Ip_Init
                0x0040d8f2                IntCtrl_Ip_InstallHandler
                0x0040d90e                IntCtrl_Ip_EnableIrq
                0x0040d922                IntCtrl_Ip_DisableIrq
                0x0040d936                IntCtrl_Ip_SetPriority
                0x0040d956                IntCtrl_Ip_GetPriority
                0x0040d96c                IntCtrl_Ip_ClearPending
                0x0040d980                IntCtrl_Ip_SetPending
                0x0040d994                IntCtrl_Ip_GetPending
                0x0040d9b4                IntCtrl_Ip_GetActive
 .mcal_text     0x0040d9d4     0x1d44 ./RTD/src/Lpuart_Uart_Ip.o
                0x0040df24                Lpuart_Uart_Ip_Init
                0x0040e06c                Lpuart_Uart_Ip_Deinit
                0x0040e138                Lpuart_Uart_Ip_SyncSend
                0x0040e248                Lpuart_Uart_Ip_AsyncSend
                0x0040e354                Lpuart_Uart_Ip_GetTransmitStatus
                0x0040e40c                Lpuart_Uart_Ip_AbortSendingData
                0x0040e4e4                Lpuart_Uart_Ip_SyncReceive
                0x0040e764                Lpuart_Uart_Ip_AsyncReceive
                0x0040e870                Lpuart_Uart_Ip_GetReceiveStatus
                0x0040e928                Lpuart_Uart_Ip_AbortReceivingData
                0x0040e9e4                Lpuart_Uart_Ip_SetBaudRate
                0x0040eb88                Lpuart_Uart_Ip_GetBaudRate
                0x0040ebdc                Lpuart_Uart_Ip_SetTxBuffer
                0x0040ec48                Lpuart_Uart_Ip_SetRxBuffer
                0x0040ecb4                Lpuart_Uart_Ip_IrqHandler
 .mcal_text     0x0040f718        0xc ./RTD/src/Lpuart_Uart_Ip_Irq.o
                0x0040f718                LPUART_UART_IP_1_IRQHandler
 .mcal_text     0x0040f724       0x30 ./RTD/src/Mu_Ip_Irq.o
                0x0040f724                Mu_Ip_Mu0_OredRx_Isr
                0x0040f730                Mu_Ip_Mu0_OredGP_Isr
                0x0040f73c                Mu_Ip_Mu1_OredRx_Isr
                0x0040f748                Mu_Ip_Mu1_OredGP_Isr
 .mcal_text     0x0040f754       0xd6 ./RTD/src/OsIf_Timer.o
                0x0040f77c                OsIf_Init
                0x0040f796                OsIf_GetCounter
                0x0040f7ba                OsIf_GetElapsed
                0x0040f7e2                OsIf_SetTimerFrequency
                0x0040f802                OsIf_MicrosToTicks
 *fill*         0x0040f82a        0x2 
 .mcal_text     0x0040f82c       0x8c ./RTD/src/OsIf_Timer_System_Internal_Systick.o
                0x0040f82c                OsIf_Timer_System_Internal_Init
                0x0040f854                OsIf_Timer_System_Internal_GetCounter
                0x0040f864                OsIf_Timer_System_Internal_GetElapsed
 .mcal_text     0x0040f8b8      0x148 ./RTD/src/SchM_BaseNXP.o
                0x0040f8b8                SchM_Enter_BaseNXP_BASENXP_EXCLUSIVE_AREA_00
                0x0040f910                SchM_Exit_BaseNXP_BASENXP_EXCLUSIVE_AREA_00
                0x0040f95c                SchM_Enter_BaseNXP_BASENXP_EXCLUSIVE_AREA_01
                0x0040f9b4                SchM_Exit_BaseNXP_BASENXP_EXCLUSIVE_AREA_01
 .mcal_text     0x0040fa00      0x520 ./RTD/src/SchM_Crypto_43_HSE.o
                0x0040fa00                SchM_Enter_Crypto_43_HSE_CRYPTO_EXCLUSIVE_AREA_00
                0x0040fa58                SchM_Exit_Crypto_43_HSE_CRYPTO_EXCLUSIVE_AREA_00
                0x0040faa4                SchM_Enter_Crypto_43_HSE_CRYPTO_EXCLUSIVE_AREA_01
                0x0040fafc                SchM_Exit_Crypto_43_HSE_CRYPTO_EXCLUSIVE_AREA_01
                0x0040fb48                SchM_Enter_Crypto_43_HSE_CRYPTO_EXCLUSIVE_AREA_02
                0x0040fba0                SchM_Exit_Crypto_43_HSE_CRYPTO_EXCLUSIVE_AREA_02
                0x0040fbec                SchM_Enter_Crypto_43_HSE_CRYPTO_EXCLUSIVE_AREA_03
                0x0040fc44                SchM_Exit_Crypto_43_HSE_CRYPTO_EXCLUSIVE_AREA_03
                0x0040fc90                SchM_Enter_Crypto_43_HSE_CRYPTO_EXCLUSIVE_AREA_04
                0x0040fce8                SchM_Exit_Crypto_43_HSE_CRYPTO_EXCLUSIVE_AREA_04
                0x0040fd34                SchM_Enter_Crypto_43_HSE_CRYPTO_EXCLUSIVE_AREA_05
                0x0040fd8c                SchM_Exit_Crypto_43_HSE_CRYPTO_EXCLUSIVE_AREA_05
                0x0040fdd8                SchM_Enter_Crypto_43_HSE_CRYPTO_EXCLUSIVE_AREA_10
                0x0040fe30                SchM_Exit_Crypto_43_HSE_CRYPTO_EXCLUSIVE_AREA_10
                0x0040fe7c                SchM_Enter_Crypto_43_HSE_CRYPTO_EXCLUSIVE_AREA_11
                0x0040fed4                SchM_Exit_Crypto_43_HSE_CRYPTO_EXCLUSIVE_AREA_11
 .mcal_text     0x0040ff20      0x148 ./RTD/src/SchM_Dio.o
                0x0040ff20                SchM_Enter_Dio_DIO_EXCLUSIVE_AREA_00
                0x0040ff78                SchM_Exit_Dio_DIO_EXCLUSIVE_AREA_00
                0x0040ffc4                SchM_Enter_Dio_DIO_EXCLUSIVE_AREA_01
                0x0041001c                SchM_Exit_Dio_DIO_EXCLUSIVE_AREA_01
 .mcal_text     0x00410068     0x1ec0 ./RTD/src/SchM_Mcl.o
                0x00410068                SchM_Enter_Mcl_MCL_EXCLUSIVE_AREA_00
                0x004100c0                SchM_Exit_Mcl_MCL_EXCLUSIVE_AREA_00
                0x0041010c                SchM_Enter_Mcl_MCL_EXCLUSIVE_AREA_01
                0x00410164                SchM_Exit_Mcl_MCL_EXCLUSIVE_AREA_01
                0x004101b0                SchM_Enter_Mcl_MCL_EXCLUSIVE_AREA_02
                0x00410208                SchM_Exit_Mcl_MCL_EXCLUSIVE_AREA_02
                0x00410254                SchM_Enter_Mcl_MCL_EXCLUSIVE_AREA_03
                0x004102ac                SchM_Exit_Mcl_MCL_EXCLUSIVE_AREA_03
                0x004102f8                SchM_Enter_Mcl_MCL_EXCLUSIVE_AREA_04
                0x00410350                SchM_Exit_Mcl_MCL_EXCLUSIVE_AREA_04
                0x0041039c                SchM_Enter_Mcl_MCL_EXCLUSIVE_AREA_05
                0x004103f4                SchM_Exit_Mcl_MCL_EXCLUSIVE_AREA_05
                0x00410440                SchM_Enter_Mcl_MCL_EXCLUSIVE_AREA_06
                0x00410498                SchM_Exit_Mcl_MCL_EXCLUSIVE_AREA_06
                0x004104e4                SchM_Enter_Mcl_MCL_EXCLUSIVE_AREA_07
                0x0041053c                SchM_Exit_Mcl_MCL_EXCLUSIVE_AREA_07
                0x00410588                SchM_Enter_Mcl_MCL_EXCLUSIVE_AREA_08
                0x004105e0                SchM_Exit_Mcl_MCL_EXCLUSIVE_AREA_08
                0x0041062c                SchM_Enter_Mcl_MCL_EXCLUSIVE_AREA_09
                0x00410684                SchM_Exit_Mcl_MCL_EXCLUSIVE_AREA_09
                0x004106d0                SchM_Enter_Mcl_MCL_EXCLUSIVE_AREA_10
                0x00410728                SchM_Exit_Mcl_MCL_EXCLUSIVE_AREA_10
                0x00410774                SchM_Enter_Mcl_MCL_EXCLUSIVE_AREA_11
                0x004107cc                SchM_Exit_Mcl_MCL_EXCLUSIVE_AREA_11
                0x00410818                SchM_Enter_Mcl_MCL_EXCLUSIVE_AREA_12
                0x00410870                SchM_Exit_Mcl_MCL_EXCLUSIVE_AREA_12
                0x004108bc                SchM_Enter_Mcl_MCL_EXCLUSIVE_AREA_13
                0x00410914                SchM_Exit_Mcl_MCL_EXCLUSIVE_AREA_13
                0x00410960                SchM_Enter_Mcl_MCL_EXCLUSIVE_AREA_14
                0x004109b8                SchM_Exit_Mcl_MCL_EXCLUSIVE_AREA_14
                0x00410a04                SchM_Enter_Mcl_MCL_EXCLUSIVE_AREA_15
                0x00410a5c                SchM_Exit_Mcl_MCL_EXCLUSIVE_AREA_15
                0x00410aa8                SchM_Enter_Mcl_MCL_EXCLUSIVE_AREA_16
                0x00410b00                SchM_Exit_Mcl_MCL_EXCLUSIVE_AREA_16
                0x00410b4c                SchM_Enter_Mcl_MCL_EXCLUSIVE_AREA_17
                0x00410ba4                SchM_Exit_Mcl_MCL_EXCLUSIVE_AREA_17
                0x00410bf0                SchM_Enter_Mcl_MCL_EXCLUSIVE_AREA_18
                0x00410c48                SchM_Exit_Mcl_MCL_EXCLUSIVE_AREA_18
                0x00410c94                SchM_Enter_Mcl_MCL_EXCLUSIVE_AREA_19
                0x00410cec                SchM_Exit_Mcl_MCL_EXCLUSIVE_AREA_19
                0x00410d38                SchM_Enter_Mcl_MCL_EXCLUSIVE_AREA_20
                0x00410d90                SchM_Exit_Mcl_MCL_EXCLUSIVE_AREA_20
                0x00410ddc                SchM_Enter_Mcl_MCL_EXCLUSIVE_AREA_21
                0x00410e34                SchM_Exit_Mcl_MCL_EXCLUSIVE_AREA_21
                0x00410e80                SchM_Enter_Mcl_MCL_EXCLUSIVE_AREA_22
                0x00410ed8                SchM_Exit_Mcl_MCL_EXCLUSIVE_AREA_22
                0x00410f24                SchM_Enter_Mcl_MCL_EXCLUSIVE_AREA_23
                0x00410f7c                SchM_Exit_Mcl_MCL_EXCLUSIVE_AREA_23
                0x00410fc8                SchM_Enter_Mcl_MCL_EXCLUSIVE_AREA_24
                0x00411020                SchM_Exit_Mcl_MCL_EXCLUSIVE_AREA_24
                0x0041106c                SchM_Enter_Mcl_MCL_EXCLUSIVE_AREA_25
                0x004110c4                SchM_Exit_Mcl_MCL_EXCLUSIVE_AREA_25
                0x00411110                SchM_Enter_Mcl_MCL_EXCLUSIVE_AREA_26
                0x00411168                SchM_Exit_Mcl_MCL_EXCLUSIVE_AREA_26
                0x004111b4                SchM_Enter_Mcl_MCL_EXCLUSIVE_AREA_27
                0x0041120c                SchM_Exit_Mcl_MCL_EXCLUSIVE_AREA_27
                0x00411258                SchM_Enter_Mcl_MCL_EXCLUSIVE_AREA_28
                0x004112b0                SchM_Exit_Mcl_MCL_EXCLUSIVE_AREA_28
                0x004112fc                SchM_Enter_Mcl_MCL_EXCLUSIVE_AREA_29
                0x00411354                SchM_Exit_Mcl_MCL_EXCLUSIVE_AREA_29
                0x004113a0                SchM_Enter_Mcl_MCL_EXCLUSIVE_AREA_30
                0x004113f8                SchM_Exit_Mcl_MCL_EXCLUSIVE_AREA_30
                0x00411444                SchM_Enter_Mcl_MCL_EXCLUSIVE_AREA_31
                0x0041149c                SchM_Exit_Mcl_MCL_EXCLUSIVE_AREA_31
                0x004114e8                SchM_Enter_Mcl_MCL_EXCLUSIVE_AREA_32
                0x00411540                SchM_Exit_Mcl_MCL_EXCLUSIVE_AREA_32
                0x0041158c                SchM_Enter_Mcl_MCL_EXCLUSIVE_AREA_33
                0x004115e4                SchM_Exit_Mcl_MCL_EXCLUSIVE_AREA_33
                0x00411630                SchM_Enter_Mcl_MCL_EXCLUSIVE_AREA_34
                0x00411688                SchM_Exit_Mcl_MCL_EXCLUSIVE_AREA_34
                0x004116d4                SchM_Enter_Mcl_MCL_EXCLUSIVE_AREA_35
                0x0041172c                SchM_Exit_Mcl_MCL_EXCLUSIVE_AREA_35
                0x00411778                SchM_Enter_Mcl_MCL_EXCLUSIVE_AREA_36
                0x004117d0                SchM_Exit_Mcl_MCL_EXCLUSIVE_AREA_36
                0x0041181c                SchM_Enter_Mcl_MCL_EXCLUSIVE_AREA_37
                0x00411874                SchM_Exit_Mcl_MCL_EXCLUSIVE_AREA_37
                0x004118c0                SchM_Enter_Mcl_MCL_EXCLUSIVE_AREA_38
                0x00411918                SchM_Exit_Mcl_MCL_EXCLUSIVE_AREA_38
                0x00411964                SchM_Enter_Mcl_MCL_EXCLUSIVE_AREA_39
                0x004119bc                SchM_Exit_Mcl_MCL_EXCLUSIVE_AREA_39
                0x00411a08                SchM_Enter_Mcl_MCL_EXCLUSIVE_AREA_40
                0x00411a60                SchM_Exit_Mcl_MCL_EXCLUSIVE_AREA_40
                0x00411aac                SchM_Enter_Mcl_MCL_EXCLUSIVE_AREA_41
                0x00411b04                SchM_Exit_Mcl_MCL_EXCLUSIVE_AREA_41
                0x00411b50                SchM_Enter_Mcl_MCL_EXCLUSIVE_AREA_42
                0x00411ba8                SchM_Exit_Mcl_MCL_EXCLUSIVE_AREA_42
                0x00411bf4                SchM_Enter_Mcl_MCL_EXCLUSIVE_AREA_43
                0x00411c4c                SchM_Exit_Mcl_MCL_EXCLUSIVE_AREA_43
                0x00411c98                SchM_Enter_Mcl_MCL_EXCLUSIVE_AREA_44
                0x00411cf0                SchM_Exit_Mcl_MCL_EXCLUSIVE_AREA_44
                0x00411d3c                SchM_Enter_Mcl_MCL_EXCLUSIVE_AREA_45
                0x00411d94                SchM_Exit_Mcl_MCL_EXCLUSIVE_AREA_45
                0x00411de0                SchM_Enter_Mcl_MCL_EXCLUSIVE_AREA_46
                0x00411e38                SchM_Exit_Mcl_MCL_EXCLUSIVE_AREA_46
                0x00411e84                SchM_Enter_Mcl_MCL_EXCLUSIVE_AREA_47
                0x00411edc                SchM_Exit_Mcl_MCL_EXCLUSIVE_AREA_47
 .mcal_text     0x00411f28      0x1ec ./RTD/src/SchM_Mcu.o
                0x00411f28                SchM_Enter_Mcu_MCU_EXCLUSIVE_AREA_00
                0x00411f80                SchM_Exit_Mcu_MCU_EXCLUSIVE_AREA_00
                0x00411fcc                SchM_Enter_Mcu_MCU_EXCLUSIVE_AREA_01
                0x00412024                SchM_Exit_Mcu_MCU_EXCLUSIVE_AREA_01
                0x00412070                SchM_Enter_Mcu_MCU_EXCLUSIVE_AREA_02
                0x004120c8                SchM_Exit_Mcu_MCU_EXCLUSIVE_AREA_02
 .mcal_text     0x00412114     0x10a8 ./RTD/src/SchM_Mem_43_INFLS.o
                0x00412114                SchM_Enter_Mem_43_INFLS_MEM_EXCLUSIVE_AREA_01
                0x0041216c                SchM_Exit_Mem_43_INFLS_MEM_EXCLUSIVE_AREA_01
                0x004121b8                SchM_Enter_Mem_43_INFLS_MEM_EXCLUSIVE_AREA_02
                0x00412210                SchM_Exit_Mem_43_INFLS_MEM_EXCLUSIVE_AREA_02
                0x0041225c                SchM_Enter_Mem_43_INFLS_MEM_EXCLUSIVE_AREA_03
                0x004122b4                SchM_Exit_Mem_43_INFLS_MEM_EXCLUSIVE_AREA_03
                0x00412300                SchM_Enter_Mem_43_INFLS_MEM_EXCLUSIVE_AREA_04
                0x00412358                SchM_Exit_Mem_43_INFLS_MEM_EXCLUSIVE_AREA_04
                0x004123a4                SchM_Enter_Mem_43_INFLS_MEM_EXCLUSIVE_AREA_05
                0x004123fc                SchM_Exit_Mem_43_INFLS_MEM_EXCLUSIVE_AREA_05
                0x00412448                SchM_Enter_Mem_43_INFLS_MEM_EXCLUSIVE_AREA_06
                0x004124a0                SchM_Exit_Mem_43_INFLS_MEM_EXCLUSIVE_AREA_06
                0x004124ec                SchM_Enter_Mem_43_INFLS_MEM_EXCLUSIVE_AREA_07
                0x00412544                SchM_Exit_Mem_43_INFLS_MEM_EXCLUSIVE_AREA_07
                0x00412590                SchM_Enter_Mem_43_INFLS_MEM_EXCLUSIVE_AREA_08
                0x004125e8                SchM_Exit_Mem_43_INFLS_MEM_EXCLUSIVE_AREA_08
                0x00412634                SchM_Enter_Mem_43_INFLS_MEM_EXCLUSIVE_AREA_09
                0x0041268c                SchM_Exit_Mem_43_INFLS_MEM_EXCLUSIVE_AREA_09
                0x004126d8                SchM_Enter_Mem_43_INFLS_MEM_EXCLUSIVE_AREA_10
                0x00412730                SchM_Exit_Mem_43_INFLS_MEM_EXCLUSIVE_AREA_10
                0x0041277c                SchM_Enter_Mem_43_INFLS_MEM_EXCLUSIVE_AREA_11
                0x004127d4                SchM_Exit_Mem_43_INFLS_MEM_EXCLUSIVE_AREA_11
                0x00412820                SchM_Enter_Mem_43_INFLS_MEM_EXCLUSIVE_AREA_12
                0x00412878                SchM_Exit_Mem_43_INFLS_MEM_EXCLUSIVE_AREA_12
                0x004128c4                SchM_Enter_Mem_43_INFLS_MEM_EXCLUSIVE_AREA_13
                0x0041291c                SchM_Exit_Mem_43_INFLS_MEM_EXCLUSIVE_AREA_13
                0x00412968                SchM_Enter_Mem_43_INFLS_MEM_EXCLUSIVE_AREA_14
                0x004129c0                SchM_Exit_Mem_43_INFLS_MEM_EXCLUSIVE_AREA_14
                0x00412a0c                SchM_Enter_Mem_43_INFLS_MEM_EXCLUSIVE_AREA_15
                0x00412a64                SchM_Exit_Mem_43_INFLS_MEM_EXCLUSIVE_AREA_15
                0x00412ab0                SchM_Enter_Mem_43_INFLS_MEM_EXCLUSIVE_AREA_16
                0x00412b08                SchM_Exit_Mem_43_INFLS_MEM_EXCLUSIVE_AREA_16
                0x00412b54                SchM_Enter_Mem_43_INFLS_MEM_EXCLUSIVE_AREA_17
                0x00412bac                SchM_Exit_Mem_43_INFLS_MEM_EXCLUSIVE_AREA_17
                0x00412bf8                SchM_Enter_Mem_43_INFLS_MEM_EXCLUSIVE_AREA_18
                0x00412c50                SchM_Exit_Mem_43_INFLS_MEM_EXCLUSIVE_AREA_18
                0x00412c9c                SchM_Enter_Mem_43_INFLS_MEM_EXCLUSIVE_AREA_19
                0x00412cf4                SchM_Exit_Mem_43_INFLS_MEM_EXCLUSIVE_AREA_19
                0x00412d40                SchM_Enter_Mem_43_INFLS_MEM_EXCLUSIVE_AREA_20
                0x00412d98                SchM_Exit_Mem_43_INFLS_MEM_EXCLUSIVE_AREA_20
                0x00412de4                SchM_Enter_Mem_43_INFLS_MEM_EXCLUSIVE_AREA_21
                0x00412e3c                SchM_Exit_Mem_43_INFLS_MEM_EXCLUSIVE_AREA_21
                0x00412e88                SchM_Enter_Mem_43_INFLS_MEM_EXCLUSIVE_AREA_22
                0x00412ee0                SchM_Exit_Mem_43_INFLS_MEM_EXCLUSIVE_AREA_22
                0x00412f2c                SchM_Enter_Mem_43_INFLS_MEM_EXCLUSIVE_AREA_23
                0x00412f84                SchM_Exit_Mem_43_INFLS_MEM_EXCLUSIVE_AREA_23
                0x00412fd0                SchM_Enter_Mem_43_INFLS_MEM_EXCLUSIVE_AREA_24
                0x00413028                SchM_Exit_Mem_43_INFLS_MEM_EXCLUSIVE_AREA_24
                0x00413074                SchM_Enter_Mem_43_INFLS_MEM_EXCLUSIVE_AREA_25
                0x004130cc                SchM_Exit_Mem_43_INFLS_MEM_EXCLUSIVE_AREA_25
                0x00413118                SchM_Enter_Mem_43_INFLS_MEM_EXCLUSIVE_AREA_26
                0x00413170                SchM_Exit_Mem_43_INFLS_MEM_EXCLUSIVE_AREA_26
 .mcal_text     0x004131bc     0x11f0 ./RTD/src/SchM_Port.o
                0x004131bc                SchM_Enter_Port_PORT_EXCLUSIVE_AREA_00
                0x00413214                SchM_Exit_Port_PORT_EXCLUSIVE_AREA_00
                0x00413260                SchM_Enter_Port_PORT_EXCLUSIVE_AREA_01
                0x004132b8                SchM_Exit_Port_PORT_EXCLUSIVE_AREA_01
                0x00413304                SchM_Enter_Port_PORT_EXCLUSIVE_AREA_02
                0x0041335c                SchM_Exit_Port_PORT_EXCLUSIVE_AREA_02
                0x004133a8                SchM_Enter_Port_PORT_EXCLUSIVE_AREA_03
                0x00413400                SchM_Exit_Port_PORT_EXCLUSIVE_AREA_03
                0x0041344c                SchM_Enter_Port_PORT_EXCLUSIVE_AREA_04
                0x004134a4                SchM_Exit_Port_PORT_EXCLUSIVE_AREA_04
                0x004134f0                SchM_Enter_Port_PORT_EXCLUSIVE_AREA_05
                0x00413548                SchM_Exit_Port_PORT_EXCLUSIVE_AREA_05
                0x00413594                SchM_Enter_Port_PORT_EXCLUSIVE_AREA_06
                0x004135ec                SchM_Exit_Port_PORT_EXCLUSIVE_AREA_06
                0x00413638                SchM_Enter_Port_PORT_EXCLUSIVE_AREA_07
                0x00413690                SchM_Exit_Port_PORT_EXCLUSIVE_AREA_07
                0x004136dc                SchM_Enter_Port_PORT_EXCLUSIVE_AREA_08
                0x00413734                SchM_Exit_Port_PORT_EXCLUSIVE_AREA_08
                0x00413780                SchM_Enter_Port_PORT_EXCLUSIVE_AREA_09
                0x004137d8                SchM_Exit_Port_PORT_EXCLUSIVE_AREA_09
                0x00413824                SchM_Enter_Port_PORT_EXCLUSIVE_AREA_10
                0x0041387c                SchM_Exit_Port_PORT_EXCLUSIVE_AREA_10
                0x004138c8                SchM_Enter_Port_PORT_EXCLUSIVE_AREA_11
                0x00413920                SchM_Exit_Port_PORT_EXCLUSIVE_AREA_11
                0x0041396c                SchM_Enter_Port_PORT_EXCLUSIVE_AREA_12
                0x004139c4                SchM_Exit_Port_PORT_EXCLUSIVE_AREA_12
                0x00413a10                SchM_Enter_Port_PORT_EXCLUSIVE_AREA_13
                0x00413a68                SchM_Exit_Port_PORT_EXCLUSIVE_AREA_13
                0x00413ab4                SchM_Enter_Port_PORT_EXCLUSIVE_AREA_14
                0x00413b0c                SchM_Exit_Port_PORT_EXCLUSIVE_AREA_14
                0x00413b58                SchM_Enter_Port_PORT_EXCLUSIVE_AREA_15
                0x00413bb0                SchM_Exit_Port_PORT_EXCLUSIVE_AREA_15
                0x00413bfc                SchM_Enter_Port_PORT_EXCLUSIVE_AREA_16
                0x00413c54                SchM_Exit_Port_PORT_EXCLUSIVE_AREA_16
                0x00413ca0                SchM_Enter_Port_PORT_EXCLUSIVE_AREA_17
                0x00413cf8                SchM_Exit_Port_PORT_EXCLUSIVE_AREA_17
                0x00413d44                SchM_Enter_Port_PORT_EXCLUSIVE_AREA_18
                0x00413d9c                SchM_Exit_Port_PORT_EXCLUSIVE_AREA_18
                0x00413de8                SchM_Enter_Port_PORT_EXCLUSIVE_AREA_19
                0x00413e40                SchM_Exit_Port_PORT_EXCLUSIVE_AREA_19
                0x00413e8c                SchM_Enter_Port_PORT_EXCLUSIVE_AREA_20
                0x00413ee4                SchM_Exit_Port_PORT_EXCLUSIVE_AREA_20
                0x00413f30                SchM_Enter_Port_PORT_EXCLUSIVE_AREA_21
                0x00413f88                SchM_Exit_Port_PORT_EXCLUSIVE_AREA_21
                0x00413fd4                SchM_Enter_Port_PORT_EXCLUSIVE_AREA_22
                0x0041402c                SchM_Exit_Port_PORT_EXCLUSIVE_AREA_22
                0x00414078                SchM_Enter_Port_PORT_EXCLUSIVE_AREA_23
                0x004140d0                SchM_Exit_Port_PORT_EXCLUSIVE_AREA_23
                0x0041411c                SchM_Enter_Port_PORT_EXCLUSIVE_AREA_24
                0x00414174                SchM_Exit_Port_PORT_EXCLUSIVE_AREA_24
                0x004141c0                SchM_Enter_Port_PORT_EXCLUSIVE_AREA_25
                0x00414218                SchM_Exit_Port_PORT_EXCLUSIVE_AREA_25
                0x00414264                SchM_Enter_Port_PORT_EXCLUSIVE_AREA_26
                0x004142bc                SchM_Exit_Port_PORT_EXCLUSIVE_AREA_26
                0x00414308                SchM_Enter_Port_PORT_EXCLUSIVE_AREA_27
                0x00414360                SchM_Exit_Port_PORT_EXCLUSIVE_AREA_27
 .mcal_text     0x004143ac      0xe18 ./RTD/src/SchM_Uart.o
                0x004143ac                SchM_Enter_Uart_UART_EXCLUSIVE_AREA_00
                0x00414404                SchM_Exit_Uart_UART_EXCLUSIVE_AREA_00
                0x00414450                SchM_Enter_Uart_UART_EXCLUSIVE_AREA_01
                0x004144a8                SchM_Exit_Uart_UART_EXCLUSIVE_AREA_01
                0x004144f4                SchM_Enter_Uart_UART_EXCLUSIVE_AREA_02
                0x0041454c                SchM_Exit_Uart_UART_EXCLUSIVE_AREA_02
                0x00414598                SchM_Enter_Uart_UART_EXCLUSIVE_AREA_03
                0x004145f0                SchM_Exit_Uart_UART_EXCLUSIVE_AREA_03
                0x0041463c                SchM_Enter_Uart_UART_EXCLUSIVE_AREA_04
                0x00414694                SchM_Exit_Uart_UART_EXCLUSIVE_AREA_04
                0x004146e0                SchM_Enter_Uart_UART_EXCLUSIVE_AREA_05
                0x00414738                SchM_Exit_Uart_UART_EXCLUSIVE_AREA_05
                0x00414784                SchM_Enter_Uart_UART_EXCLUSIVE_AREA_06
                0x004147dc                SchM_Exit_Uart_UART_EXCLUSIVE_AREA_06
                0x00414828                SchM_Enter_Uart_UART_EXCLUSIVE_AREA_07
                0x00414880                SchM_Exit_Uart_UART_EXCLUSIVE_AREA_07
                0x004148cc                SchM_Enter_Uart_UART_EXCLUSIVE_AREA_08
                0x00414924                SchM_Exit_Uart_UART_EXCLUSIVE_AREA_08
                0x00414970                SchM_Enter_Uart_UART_EXCLUSIVE_AREA_09
                0x004149c8                SchM_Exit_Uart_UART_EXCLUSIVE_AREA_09
                0x00414a14                SchM_Enter_Uart_UART_EXCLUSIVE_AREA_10
                0x00414a6c                SchM_Exit_Uart_UART_EXCLUSIVE_AREA_10
                0x00414ab8                SchM_Enter_Uart_UART_EXCLUSIVE_AREA_11
                0x00414b10                SchM_Exit_Uart_UART_EXCLUSIVE_AREA_11
                0x00414b5c                SchM_Enter_Uart_UART_EXCLUSIVE_AREA_12
                0x00414bb4                SchM_Exit_Uart_UART_EXCLUSIVE_AREA_12
                0x00414c00                SchM_Enter_Uart_UART_EXCLUSIVE_AREA_13
                0x00414c58                SchM_Exit_Uart_UART_EXCLUSIVE_AREA_13
                0x00414ca4                SchM_Enter_Uart_UART_EXCLUSIVE_AREA_14
                0x00414cfc                SchM_Exit_Uart_UART_EXCLUSIVE_AREA_14
                0x00414d48                SchM_Enter_Uart_UART_EXCLUSIVE_AREA_15
                0x00414da0                SchM_Exit_Uart_UART_EXCLUSIVE_AREA_15
                0x00414dec                SchM_Enter_Uart_UART_EXCLUSIVE_AREA_16
                0x00414e44                SchM_Exit_Uart_UART_EXCLUSIVE_AREA_16
                0x00414e90                SchM_Enter_Uart_UART_EXCLUSIVE_AREA_17
                0x00414ee8                SchM_Exit_Uart_UART_EXCLUSIVE_AREA_17
                0x00414f34                SchM_Enter_Uart_UART_EXCLUSIVE_AREA_18
                0x00414f8c                SchM_Exit_Uart_UART_EXCLUSIVE_AREA_18
                0x00414fd8                SchM_Enter_Uart_UART_EXCLUSIVE_AREA_19
                0x00415030                SchM_Exit_Uart_UART_EXCLUSIVE_AREA_19
                0x0041507c                SchM_Enter_Uart_UART_EXCLUSIVE_AREA_20
                0x004150d4                SchM_Exit_Uart_UART_EXCLUSIVE_AREA_20
                0x00415120                SchM_Enter_Uart_UART_EXCLUSIVE_AREA_21
                0x00415178                SchM_Exit_Uart_UART_EXCLUSIVE_AREA_21
 .mcal_text     0x004151c4      0x5c8 ./RTD/src/Siul2_Dio_Ip.o
                0x0041531e                Siul2_Dio_Ip_WritePin
                0x00415382                Siul2_Dio_Ip_SetGPDO
                0x004153ac                Siul2_Dio_Ip_ClearGPDO
                0x004153fc                Siul2_Dio_Ip_WritePins
                0x00415458                Siul2_Dio_Ip_GetPinsOutput
                0x004154be                Siul2_Dio_Ip_SetPins
                0x00415522                Siul2_Dio_Ip_ClearPins
                0x00415584                Siul2_Dio_Ip_TogglePins
                0x004155e2                Siul2_Dio_Ip_ReadPins
                0x00415662                Siul2_Dio_Ip_ReadPin
                0x0041574c                Siul2_Dio_Ip_MaskedWritePins
 .mcal_text     0x0041578c      0x950 ./RTD/src/Siul2_Port_Ip.o
                0x00415af0                Siul2_Port_Ip_Init
                0x00415b40                Siul2_Port_Ip_SetPullSel
                0x00415c24                Siul2_Port_Ip_SetOutputBuffer
                0x00415ce0                Siul2_Port_Ip_SetInputBuffer
                0x00415dbc                Siul2_Port_Ip_SetPinDirection
                0x00415eb6                Siul2_Port_Ip_RevertPinConfiguration
                0x00415f78                Siul2_Port_Ip_GetPinConfiguration
 .mcal_text     0x004160dc      0x2c4 ./RTD/src/Tspc_Port_Ip.o
                0x004160dc                Tspc_Port_Ip_EnableObeGroup
                0x00416144                Tspc_Port_Ip_DisableObeGroup
                0x004161ac                Tspc_Port_Ip_MaskObeGroup
                0x00416238                Tspc_Port_Ip_ConfigureObeGroup
 .mcal_text     0x004163a0       0x78 ./src/UART_Print.o
                0x00416418                . = ALIGN (0x4)
 *(.acmcu_code_rom)
                0x00416418                . = ALIGN (0x4)
                0x00416418                __acfls_code_rom_start = .
 *(.acfls_code_rom)
 .acfls_code_rom
                0x00416418       0x74 ./RTD/src/Clock_Ip_Specific.o
                0x00416418                Clock_Ip_PRAMCSetRamIWS
                0x0041648c                . = ALIGN (0x4)
                0x0041648c                __acfls_code_rom_end = .
                0x0041648c                __acmem_43_infls_code_rom_start = .
 *(.acmem_43_infls_code_rom)
 .acmem_43_infls_code_rom
                0x0041648c       0xa4 ./RTD/src/C40_Ip_Ac.o
                0x0041648c                C40_Ip_AccessCode
                0x00416530                . = ALIGN (0x4)
                0x00416530                __acmem_43_infls_code_rom_end = .
 *(.init)
                0x00416530                . = ALIGN (0x4)
 *(.fini)
                0x00416530                . = ALIGN (0x4)
 *(.rodata)
 .rodata        0x00416530       0x30 ./RTD/src/Lpuart_Uart_Ip.o
 .rodata        0x00416560        0x4 ./RTD/src/Siul2_Port_Ip.o
                0x00416560                Port_au32Siul2BaseAddr
 .rodata        0x00416564       0xc6 ./src/APP_Main.o
 *fill*         0x0041662a        0x2 
 .rodata        0x0041662c       0x1e ./src/HSE_FlashStorage_Example.o
 *fill*         0x0041664a        0x2 
 .rodata        0x0041664c       0x10 ./src/HSE_Mac_Ecc_Example.o
 .rodata        0x0041665c       0x28 ./src/HSE_Main.o
 .rodata        0x00416684       0x10 ./src/HSE_SecureBoot.o
 .rodata        0x00416694       0x97 ./src/HSE_TestDummySmrInstall.o
 *fill*         0x0041672b        0x1 
 .rodata        0x0041672c       0x64 ./src/UART_Print.o
 *(.rodata*)
                0x00416790                . = ALIGN (0x4)
 *(.mcal_const_cfg)
 .mcal_const_cfg
                0x00416790      0x480 ./board/Siul2_Port_Ip_Cfg.o
                0x00416790                g_pin_mux_InitConfigArr_PortContainer_0_BOARD_InitPeripherals
 .mcal_const_cfg
                0x00416c10        0x8 ./generate/src/C40_Ip_Cfg.o
                0x00416c10                C40_Ip_InitCfg
 .mcal_const_cfg
                0x00416c18      0x41c ./generate/src/Clock_Ip_Cfg.o
                0x00416fec                Clock_Ip_aClockConfig
 .mcal_const_cfg
                0x00417034       0x14 ./generate/src/IntCtrl_Ip_Cfg.o
                0x00417040                IntCtrlConfig_0
 .mcal_const_cfg
                0x00417048       0x28 ./generate/src/Lpuart_Uart_Ip_Sa_PBcfg.o
                0x00417048                Lpuart_Uart_Ip_xHwConfigPB_1
                0x00417070                . = ALIGN (0x4)
 *(.mcal_const)
 .mcal_const    0x00417070        0x8 ./RTD/src/C40_Ip.o
                0x00417070                C40_Ip_pFlashBaseAddress
 .mcal_const    0x00417078      0xf14 ./RTD/src/Clock_Ip_Data.o
                0x00417078                Clock_Ip_au8DividerCallbackIndex
                0x00417084                Clock_Ip_au8DividerTriggerCallbackIndex
                0x00417090                Clock_Ip_au8XoscCallbackIndex
                0x0041709c                Clock_Ip_au8IrcoscCallbackIndex
                0x004170a8                Clock_Ip_au8GateCallbackIndex
                0x004170b4                Clock_Ip_au8FractionalDividerCallbackIndex
                0x004170c0                Clock_Ip_au8PllCallbackIndex
                0x004170cc                Clock_Ip_au8SelectorCallbackIndex
                0x004170d8                Clock_Ip_au8PcfsCallbackIndex
                0x004170e4                Clock_Ip_au8CmuCallbackIndex
                0x004170f0                Clock_Ip_au8ClockFeatures
                0x00417400                Clock_Ip_au8SoftwareMuxResetValue
                0x00417458                Clock_Ip_au16SelectorEntryHardwareValue
                0x0041747c                Clock_Ip_au16SelectorEntryRtcHardwareValue
                0x004174a0                Clock_Ip_apxCgm
                0x004174f4                Clock_Ip_apxCgmPcfs
                0x004174f8                Clock_Ip_apxXosc
                0x00417500                Clock_Ip_apxPll
                0x00417510                Clock_Ip_apxCmu
                0x0041752c                Clock_Ip_aeCmuNames
                0x00417548                Clock_Ip_axCmuInfo
                0x004175d4                Clock_Ip_apxMcMeSetPartitions
                0x004175e4                Clock_Ip_apxMcMeGetPartitions
                0x004175f4                Clock_Ip_apxMcMeTriggerPartitions
                0x00417604                Clock_Ip_aeSourceTypeClockName
                0x0041764c                Clock_Ip_aeHwPllName
                0x00417650                Clock_Ip_aeHwDfsName
                0x00417654                Clock_Ip_axFeatureExtensions
                0x004178a4                Clock_Ip_axGateInfo
 .mcal_const    0x00417f8c       0x14 ./RTD/src/Clock_Ip_Divider.o
                0x00417f8c                Clock_Ip_axDividerCallbacks
 .mcal_const    0x00417fa0       0x10 ./RTD/src/Clock_Ip_DividerTrigger.o
                0x00417fa0                Clock_Ip_axDividerTriggerCallbacks
 .mcal_const    0x00417fb0       0x30 ./RTD/src/Clock_Ip_ExtOsc.o
                0x00417fb0                Clock_Ip_axExtOscCallbacks
 .mcal_const    0x00417fe0        0xc ./RTD/src/Clock_Ip_FracDiv.o
                0x00417fe0                Clock_Ip_axFracDivCallbacks
 .mcal_const    0x00417fec       0x10 ./RTD/src/Clock_Ip_Gate.o
                0x00417fec                Clock_Ip_axGateCallbacks
 .mcal_const    0x00417ffc       0x30 ./RTD/src/Clock_Ip_IntOsc.o
                0x00417ffc                Clock_Ip_axIntOscCallbacks
 .mcal_const    0x0041802c       0x20 ./RTD/src/Clock_Ip_Monitor.o
                0x0041802c                Clock_Ip_axCmuCallbacks
 .mcal_const    0x0041804c       0x28 ./RTD/src/Clock_Ip_Pll.o
                0x0041804c                Clock_Ip_axPllCallbacks
 .mcal_const    0x00418074       0x28 ./RTD/src/Clock_Ip_ProgFreqSwitch.o
                0x00418094                Clock_Ip_axPcfsCallbacks
 .mcal_const    0x0041809c       0x28 ./RTD/src/Clock_Ip_Selector.o
                0x0041809c                Clock_Ip_axSelectorCallbacks
 .mcal_const    0x004180c4        0x8 ./RTD/src/Hse_Ip.o
 .mcal_const    0x004180cc       0x20 ./RTD/src/Lpuart_Uart_Ip.o
                0x004180ec                . = ALIGN (0x4)
                0x004180ec                __init_table = .
 *(.init_table)
 .init_table    0x004180ec       0x4c ./Project_Settings/Startup_Code/startup_cm7.o
                0x00418138                . = ALIGN (0x4)
                0x00418138                __zero_table = .
 *(.zero_table)
 .zero_table    0x00418138       0x1c ./Project_Settings/Startup_Code/startup_cm7.o

.ARM.extab      0x00418154        0x0
 .ARM.extab     0x00418154        0x0 c:/nxp/s32ds.3.6.7/s32ds/build_tools/gcc_v10.2/gcc-10.2-arm32-eabi/bin/../lib/gcc/arm-none-eabi/10.2.0/thumb/v7e-m+fp/hard\libgcc.a(_udivmoddi4.o)

.ARM.exidx      0x00418154        0x8
 .ARM.exidx     0x00418154        0x8 c:/nxp/s32ds.3.6.7/s32ds/build_tools/gcc_v10.2/gcc-10.2-arm32-eabi/bin/../lib/gcc/arm-none-eabi/10.2.0/thumb/v7e-m+fp/hard\libgcc.a(_udivmoddi4.o)

.glue_7         0x0041815c        0x0
 .glue_7        0x0041815c        0x0 linker stubs

.glue_7t        0x0041815c        0x0
 .glue_7t       0x0041815c        0x0 linker stubs

.vfp11_veneer   0x0041815c        0x0
 .vfp11_veneer  0x0041815c        0x0 linker stubs

.v4_bx          0x0041815c        0x0
 .v4_bx         0x0041815c        0x0 linker stubs

.iplt           0x0041815c        0x0
 .iplt          0x0041815c        0x0 ./Project_Settings/Startup_Code/Vector_Table.o

.rel.dyn        0x0041815c        0x0
 .rel.iplt      0x0041815c        0x0 ./Project_Settings/Startup_Code/Vector_Table.o
                0x0041815c                . = ALIGN (0x4)
                0x0041815c                __text_end = .
                0x0041815c                __sram_data_rom = __text_end

.appsmr_keydata
                0x10000000        0x0
                0x10000000                . = ALIGN (0x4)
                0x10000000                __appsmr_keydata_start = .
 *(.appsmr_keydata)
                0x10000000                . = ALIGN (0x4)
                0x10000000                __appsmr_keydata_end = .

.sram_bss       0x20400000      0xfc4
                0x20400000                . = ALIGN (0x8)
                0x20400000                __standby_ram_begin__ = .
 *(.standby_data)
                0x20400000                . = ALIGN (0x8)
                0x20400000                __standby_ram_end__ = .
                0x20400000                . = ALIGN (0x10)
                0x20400000                __sram_bss_start = .
 *(.bss)
 .bss           0x20400000        0x0 ./Project_Settings/Startup_Code/Vector_Table.o
 .bss           0x20400000        0x0 ./Project_Settings/Startup_Code/exceptions.o
 .bss           0x20400000        0x0 ./Project_Settings/Startup_Code/nvic.o
 .bss           0x20400000        0x0 ./Project_Settings/Startup_Code/startup.o
 .bss           0x20400000        0x0 ./Project_Settings/Startup_Code/startup_cm7.o
 .bss           0x20400000       0x80 ./Project_Settings/Startup_Code/system.o
                0x20400000                rbar
                0x20400040                rasr
 .bss           0x20400080        0x0 ./RTD/src/C40_Ip.o
 .bss           0x20400080        0x0 ./RTD/src/C40_Ip_Ac.o
 .bss           0x20400080        0x0 ./RTD/src/Cache_Ip.o
 .bss           0x20400080        0x0 ./RTD/src/Cache_Ip_HwAcc_ArmCoreMx.o
 .bss           0x20400080        0x0 ./RTD/src/Clock_Ip.o
 .bss           0x20400080        0x0 ./RTD/src/Clock_Ip_Data.o
 .bss           0x20400080        0x0 ./RTD/src/Clock_Ip_Divider.o
 .bss           0x20400080        0x0 ./RTD/src/Clock_Ip_DividerTrigger.o
 .bss           0x20400080        0x0 ./RTD/src/Clock_Ip_ExtOsc.o
 .bss           0x20400080        0x0 ./RTD/src/Clock_Ip_FracDiv.o
 .bss           0x20400080        0x0 ./RTD/src/Clock_Ip_Frequency.o
 .bss           0x20400080        0x0 ./RTD/src/Clock_Ip_Gate.o
 .bss           0x20400080        0x0 ./RTD/src/Clock_Ip_IntOsc.o
 .bss           0x20400080        0x0 ./RTD/src/Clock_Ip_Irq.o
 .bss           0x20400080        0x0 ./RTD/src/Clock_Ip_Monitor.o
 .bss           0x20400080        0x0 ./RTD/src/Clock_Ip_Pll.o
 .bss           0x20400080        0x0 ./RTD/src/Clock_Ip_ProgFreqSwitch.o
 .bss           0x20400080        0x0 ./RTD/src/Clock_Ip_Selector.o
 .bss           0x20400080        0x0 ./RTD/src/Clock_Ip_Specific.o
 .bss           0x20400080        0x0 ./RTD/src/Det.o
 .bss           0x20400080        0x0 ./RTD/src/Det_stub.o
 .bss           0x20400080        0x0 ./RTD/src/Hse_Ip.o
 .bss           0x20400080        0x0 ./RTD/src/Hse_Ip_Semaphore.o
 .bss           0x20400080        0x0 ./RTD/src/Igf_Port_Ip.o
 .bss           0x20400080        0x0 ./RTD/src/IntCtrl_Ip.o
 .bss           0x20400080        0x0 ./RTD/src/Lpuart_Uart_Ip.o
 .bss           0x20400080        0x0 ./RTD/src/Lpuart_Uart_Ip_Irq.o
 .bss           0x20400080        0x0 ./RTD/src/Mu_Ip_Irq.o
 .bss           0x20400080        0x0 ./RTD/src/OsIf_Interrupts.o
 .bss           0x20400080        0x0 ./RTD/src/OsIf_Software_Semaphore.o
 .bss           0x20400080        0x0 ./RTD/src/OsIf_Timer.o
 .bss           0x20400080        0x0 ./RTD/src/OsIf_Timer_System.o
 .bss           0x20400080        0x0 ./RTD/src/OsIf_Timer_System_Internal_Systick.o
 .bss           0x20400080        0x0 ./RTD/src/SchM_BaseNXP.o
 .bss           0x20400080        0x0 ./RTD/src/SchM_Crypto_43_HSE.o
 .bss           0x20400080        0x0 ./RTD/src/SchM_Dio.o
 .bss           0x20400080        0x0 ./RTD/src/SchM_Mcl.o
 .bss           0x20400080        0x0 ./RTD/src/SchM_Mcu.o
 .bss           0x20400080        0x0 ./RTD/src/SchM_Mem_43_INFLS.o
 .bss           0x20400080        0x0 ./RTD/src/SchM_Port.o
 .bss           0x20400080        0x0 ./RTD/src/SchM_Uart.o
 .bss           0x20400080        0x0 ./RTD/src/Siul2_Dio_Ip.o
 .bss           0x20400080        0x0 ./RTD/src/Siul2_Port_Ip.o
 .bss           0x20400080        0x0 ./RTD/src/Tspc_Port_Ip.o
 .bss           0x20400080        0x0 ./board/Siul2_Port_Ip_Cfg.o
 .bss           0x20400080        0x0 ./board/Tspc_Port_Ip_Cfg.o
 .bss           0x20400080        0x0 ./generate/src/C40_Ip_Cfg.o
 .bss           0x20400080        0x0 ./generate/src/Clock_Ip_Cfg.o
 .bss           0x20400080        0x0 ./generate/src/Hse_Ip_Cfg.o
 .bss           0x20400080        0x0 ./generate/src/Igf_Port_Ip_Cfg.o
 .bss           0x20400080        0x0 ./generate/src/IntCtrl_Ip_Cfg.o
 .bss           0x20400080        0x0 ./generate/src/Lpuart_Uart_Ip_Sa_PBcfg.o
 .bss           0x20400080        0x0 ./generate/src/OsIf_Cfg.o
 .bss           0x20400080        0x0 ./src/APP_Main.o
 .bss           0x20400080       0xe2 ./src/HSE_FlashStorage_Example.o
                0x20400080                HSE_Example_NvmKeyRoundTripMatch
                0x20400081                HSE_Example_GeneratedKeyRoundTripMatch
                0x20400082                HSE_Example_CtrIvGenerated
                0x20400083                HSE_Example_CtrRoundTripMatch
 *fill*         0x20400162        0x2 
 .bss           0x20400164      0x3f0 ./src/HSE_Mac_Ecc_Example.o
                0x20400164                HSE_Mac_Tag
                0x20400174                HSE_Mac_TagLength
                0x20400178                HSE_Mac_TagFromFlash
                0x20400188                HSE_Mac_FlashRoundTripVerified
                0x2040018c                HSE_EccPublicKey
                0x204001cc                HSE_EccSignatureR
                0x204001ec                HSE_EccSignatureS
                0x2040020c                HSE_EccSignatureRLength
                0x20400210                HSE_EccSignatureSLength
                0x20400214                HSE_Ecc_FlashRoundTripVerified
 *fill*         0x20400554        0x4 
 .bss           0x20400558      0x3a0 ./src/HSE_Main.o
                0x20400834                HSE_CatalogsWereAlreadyInstalled
                0x20400838                HSE_AesKeyInfo
                0x20400868                HSE_AesRoundTripMatch
                0x2040086c                HSE_NvmAesKeyInfo
                0x2040089c                HSE_AesNvmRoundTripMatch
                0x204008a0                HSE_GeneratedAesKeyInfo
                0x204008d0                HSE_AesGeneratedRoundTripMatch
 .bss           0x204008f8      0x28c ./src/HSE_SecureBoot.o
                0x204008f8                HSE_SecureBootTestDataVerified
                0x204008fc                HSE_SmrVerifyKeyInfo
                0x2040090c                HSE_SmrInstallTag
                0x2040091c                HSE_SmrInstallTagLength
                0x20400920                HSE_SecureBootNegativeControlPassed
 .bss           0x20400b84      0x308 ./src/HSE_TestDummySmrInstall.o
                0x20400b84                HSE_TestRealSmrPublicKey
                0x20400bc4                HSE_TestRealSmrSignatureR
                0x20400be4                HSE_TestRealSmrSignatureS
                0x20400c04                HSE_TestRealSmrSignatureRLength
                0x20400c08                HSE_TestRealSmrSignatureSLength
 .bss           0x20400e8c        0x1 ./src/LED.o
                0x20400e8c                val
 *fill*         0x20400e8d        0x3 
 .bss           0x20400e90       0x80 ./src/UART_Print.o
 .bss           0x20400f10        0x0 ./src/main.o
 .bss           0x20400f10        0x0 c:/nxp/s32ds.3.6.7/s32ds/build_tools/gcc_v10.2/gcc-10.2-arm32-eabi/bin/../lib/gcc/arm-none-eabi/10.2.0/../../../../arm-none-eabi/lib/thumb/v7e-m+fp/hard\libc_nano.a(lib_a-memcmp.o)
 .bss           0x20400f10        0x0 c:/nxp/s32ds.3.6.7/s32ds/build_tools/gcc_v10.2/gcc-10.2-arm32-eabi/bin/../lib/gcc/arm-none-eabi/10.2.0/../../../../arm-none-eabi/lib/thumb/v7e-m+fp/hard\libc_nano.a(lib_a-memset.o)
 .bss           0x20400f10        0x0 c:/nxp/s32ds.3.6.7/s32ds/build_tools/gcc_v10.2/gcc-10.2-arm32-eabi/bin/../lib/gcc/arm-none-eabi/10.2.0/../../../../arm-none-eabi/lib/thumb/v7e-m+fp/hard\libc_nano.a(lib_a-strlen.o)
 .bss           0x20400f10        0x0 c:/nxp/s32ds.3.6.7/s32ds/build_tools/gcc_v10.2/gcc-10.2-arm32-eabi/bin/../lib/gcc/arm-none-eabi/10.2.0/thumb/v7e-m+fp/hard\libgcc.a(_aeabi_uldivmod.o)
 .bss           0x20400f10        0x0 c:/nxp/s32ds.3.6.7/s32ds/build_tools/gcc_v10.2/gcc-10.2-arm32-eabi/bin/../lib/gcc/arm-none-eabi/10.2.0/thumb/v7e-m+fp/hard\libgcc.a(_udivmoddi4.o)
 .bss           0x20400f10        0x0 c:/nxp/s32ds.3.6.7/s32ds/build_tools/gcc_v10.2/gcc-10.2-arm32-eabi/bin/../lib/gcc/arm-none-eabi/10.2.0/thumb/v7e-m+fp/hard\libgcc.a(_dvmd_tls.o)
 *(.bss*)
                0x20400f10                . = ALIGN (0x10)
 *(.mcal_bss)
 .mcal_bss      0x20400f10        0x4 ./Project_Settings/Startup_Code/system.o
                0x20400f10                RESET_CATCH_CORE
 .mcal_bss      0x20400f14       0x18 ./RTD/src/C40_Ip.o
                0x20400f28                C40_Ip_Instance
 .mcal_bss      0x20400f2c       0x63 ./RTD/src/Clock_Ip.o
                0x20400f34                Clock_Ip_pxConfig
                0x20400f38                Clock_Ip_FreqIds
 *fill*         0x20400f8f        0x1 
 .mcal_bss      0x20400f90        0xc ./RTD/src/Clock_Ip_Monitor.o
 *fill*         0x20400f9c        0x4 
 .mcal_bss      0x20400fa0        0x8 ./RTD/src/Clock_Ip_ProgFreqSwitch.o
 .mcal_bss      0x20400fa8        0x9 ./RTD/src/Clock_Ip_Specific.o
 *fill*         0x20400fb1        0x3 
 .mcal_bss      0x20400fb4        0x8 ./RTD/src/Hse_Ip.o
 .mcal_bss      0x20400fbc        0x8 ./RTD/src/Siul2_Port_Ip.o
                0x20400fc4                . = ALIGN (0x4)
                0x20400fc4                __sram_bss_end = .

.sram_data      0x20400fc4      0x244 load address 0x0041815c
                0x20400fc4                . = ALIGN (0x4)
                0x20400fc4                __sram_data_begin__ = .
                0x20400fc4                . = ALIGN (0x4)
 *(.ramcode)
 .ramcode       0x20400fc4       0xf0 ./RTD/src/Clock_Ip_Specific.o
                0x204010b4                . = ALIGN (0x4)
 *(.data)
 .data          0x204010b4        0x0 ./Project_Settings/Startup_Code/Vector_Table.o
 .data          0x204010b4        0x0 ./Project_Settings/Startup_Code/exceptions.o
 .data          0x204010b4        0x0 ./Project_Settings/Startup_Code/nvic.o
 .data          0x204010b4        0x0 ./Project_Settings/Startup_Code/startup.o
 .data          0x204010b4        0x0 ./Project_Settings/Startup_Code/startup_cm7.o
 .data          0x204010b4        0x0 ./Project_Settings/Startup_Code/system.o
 .data          0x204010b4        0x0 ./RTD/src/C40_Ip.o
 .data          0x204010b4        0x0 ./RTD/src/C40_Ip_Ac.o
 .data          0x204010b4        0x0 ./RTD/src/Cache_Ip.o
 .data          0x204010b4        0x0 ./RTD/src/Cache_Ip_HwAcc_ArmCoreMx.o
 .data          0x204010b4        0x4 ./RTD/src/Clock_Ip.o
 .data          0x204010b8        0x0 ./RTD/src/Clock_Ip_Data.o
 .data          0x204010b8        0x0 ./RTD/src/Clock_Ip_Divider.o
 .data          0x204010b8        0x0 ./RTD/src/Clock_Ip_DividerTrigger.o
 .data          0x204010b8        0x0 ./RTD/src/Clock_Ip_ExtOsc.o
 .data          0x204010b8        0x0 ./RTD/src/Clock_Ip_FracDiv.o
 .data          0x204010b8        0x0 ./RTD/src/Clock_Ip_Frequency.o
 .data          0x204010b8        0x0 ./RTD/src/Clock_Ip_Gate.o
 .data          0x204010b8        0x0 ./RTD/src/Clock_Ip_IntOsc.o
 .data          0x204010b8        0x0 ./RTD/src/Clock_Ip_Irq.o
 .data          0x204010b8        0x0 ./RTD/src/Clock_Ip_Monitor.o
 .data          0x204010b8        0x0 ./RTD/src/Clock_Ip_Pll.o
 .data          0x204010b8        0x0 ./RTD/src/Clock_Ip_ProgFreqSwitch.o
 .data          0x204010b8        0x0 ./RTD/src/Clock_Ip_Selector.o
 .data          0x204010b8        0x0 ./RTD/src/Clock_Ip_Specific.o
 .data          0x204010b8        0x0 ./RTD/src/Det.o
 .data          0x204010b8        0x0 ./RTD/src/Det_stub.o
 .data          0x204010b8        0x0 ./RTD/src/Hse_Ip.o
 .data          0x204010b8        0x0 ./RTD/src/Hse_Ip_Semaphore.o
 .data          0x204010b8        0x0 ./RTD/src/Igf_Port_Ip.o
 .data          0x204010b8        0x0 ./RTD/src/IntCtrl_Ip.o
 .data          0x204010b8        0x0 ./RTD/src/Lpuart_Uart_Ip.o
 .data          0x204010b8        0x0 ./RTD/src/Lpuart_Uart_Ip_Irq.o
 .data          0x204010b8        0x0 ./RTD/src/Mu_Ip_Irq.o
 .data          0x204010b8        0x0 ./RTD/src/OsIf_Interrupts.o
 .data          0x204010b8        0x0 ./RTD/src/OsIf_Software_Semaphore.o
 .data          0x204010b8        0x0 ./RTD/src/OsIf_Timer.o
 .data          0x204010b8        0x0 ./RTD/src/OsIf_Timer_System.o
 .data          0x204010b8        0x0 ./RTD/src/OsIf_Timer_System_Internal_Systick.o
 .data          0x204010b8        0x0 ./RTD/src/SchM_BaseNXP.o
 .data          0x204010b8        0x0 ./RTD/src/SchM_Crypto_43_HSE.o
 .data          0x204010b8        0x0 ./RTD/src/SchM_Dio.o
 .data          0x204010b8        0x0 ./RTD/src/SchM_Mcl.o
 .data          0x204010b8        0x0 ./RTD/src/SchM_Mcu.o
 .data          0x204010b8        0x0 ./RTD/src/SchM_Mem_43_INFLS.o
 .data          0x204010b8        0x0 ./RTD/src/SchM_Port.o
 .data          0x204010b8        0x0 ./RTD/src/SchM_Uart.o
 .data          0x204010b8        0x0 ./RTD/src/Siul2_Dio_Ip.o
 .data          0x204010b8        0x0 ./RTD/src/Siul2_Port_Ip.o
 .data          0x204010b8        0x0 ./RTD/src/Tspc_Port_Ip.o
 .data          0x204010b8        0x0 ./board/Siul2_Port_Ip_Cfg.o
 .data          0x204010b8        0x0 ./board/Tspc_Port_Ip_Cfg.o
 .data          0x204010b8        0x0 ./generate/src/C40_Ip_Cfg.o
 .data          0x204010b8        0x0 ./generate/src/Clock_Ip_Cfg.o
 .data          0x204010b8        0x0 ./generate/src/Hse_Ip_Cfg.o
 .data          0x204010b8        0x0 ./generate/src/Igf_Port_Ip_Cfg.o
 .data          0x204010b8        0x0 ./generate/src/IntCtrl_Ip_Cfg.o
 .data          0x204010b8        0x0 ./generate/src/Lpuart_Uart_Ip_Sa_PBcfg.o
 .data          0x204010b8        0x0 ./generate/src/OsIf_Cfg.o
 .data          0x204010b8        0x0 ./src/APP_Main.o
 .data          0x204010b8       0x40 ./src/HSE_FlashStorage_Example.o
                0x204010b8                HSE_Example_NvmKeyEncryptResponse
                0x204010bc                HSE_Example_NvmKeyFlashWriteStatus
                0x204010c0                HSE_Example_NvmKeyFlashReadStatus
                0x204010c4                HSE_Example_NvmKeyDecryptResponse
                0x204010c8                HSE_Example_GeneratedKeyEncryptResponse
                0x204010cc                HSE_Example_GeneratedKeyFlashWriteStatus
                0x204010d0                HSE_Example_GeneratedKeyFlashReadStatus
                0x204010d4                HSE_Example_GeneratedKeyDecryptResponse
                0x204010d8                HSE_Example_CtrEncryptResponse
                0x204010dc                HSE_Example_CtrFlashWriteStatus
                0x204010e0                HSE_Example_CtrFlashReadStatus
                0x204010e4                HSE_Example_CtrDecryptResponse
 .data          0x204010f8       0x34 ./src/HSE_Mac_Ecc_Example.o
                0x204010f8                HSE_Mac_ImportKeyResponse
                0x204010fc                HSE_Mac_GenerateTagResponse
                0x20401100                HSE_Mac_VerifyTagResponse
                0x20401104                HSE_Mac_FlashWriteStatus
                0x20401108                HSE_Mac_FlashReadStatus
                0x2040110c                HSE_Mac_VerifyFromFlashResponse
                0x20401110                HSE_Ecc_GenerateKeyPairResponse
                0x20401114                HSE_Ecc_SignResponse
                0x20401118                HSE_Ecc_VerifyResponse
                0x2040111c                HSE_Ecc_FlashWriteStatus
                0x20401120                HSE_Ecc_FlashReadStatus
                0x20401124                HSE_Ecc_ImportPubKeyFromFlashResponse
                0x20401128                HSE_Ecc_VerifyFromFlashResponse
 .data          0x2040112c       0x94 ./src/HSE_Main.o
                0x2040112c                HSE_Status
                0x20401184                HSE_FormatKeyCatalogsResponse
                0x20401188                HSE_ImportKeyResponse
                0x2040118c                HSE_GetAesKeyInfoResponse
                0x20401190                HSE_AesEncryptResponse
                0x20401194                HSE_AesDecryptResponse
                0x20401198                HSE_ImportNvmKeyResponse
                0x2040119c                HSE_GetNvmAesKeyInfoResponse
                0x204011a0                HSE_AesEncryptNvmResponse
                0x204011a4                HSE_AesDecryptNvmResponse
                0x204011a8                HSE_GenerateAesKeyResponse
                0x204011ac                HSE_GetGeneratedAesKeyInfoResponse
                0x204011b0                HSE_AesEncryptGeneratedResponse
                0x204011b4                HSE_AesDecryptGeneratedResponse
 .data          0x204011c0       0x28 ./src/HSE_SecureBoot.o
                0x204011c0                HSE_SecureBootTestDataWriteStatus
                0x204011c4                HSE_ImportSmrSignKeyRamResponse
                0x204011c8                HSE_ImportSmrVerifyKeyNvmResponse
                0x204011cc                HSE_GetSmrVerifyKeyInfoResponse
                0x204011d0                HSE_ComputeSmrInstallTagResponse
                0x204011d4                HSE_EraseSmrSignKeyRamResponse
                0x204011d8                HSE_InstallSmrEntryResponse
                0x204011dc                HSE_VerifySmrEntryResponse
                0x204011e0                HSE_SecureBootCorruptTestDataStatus
                0x204011e4                HSE_VerifySmrEntryAfterCorruptionResponse
 .data          0x204011e8       0x10 ./src/HSE_TestDummySmrInstall.o
                0x204011e8                HSE_TestDummySmrInstallResponse
                0x204011ec                HSE_TestRealSmrGenerateKeyPairResponse
                0x204011f0                HSE_TestRealSmrSignResponse
                0x204011f4                HSE_TestRealSmrInstallResponse
 .data          0x204011f8        0x0 ./src/LED.o
 .data          0x204011f8        0x0 ./src/UART_Print.o
 .data          0x204011f8        0x0 ./src/main.o
 .data          0x204011f8        0x0 c:/nxp/s32ds.3.6.7/s32ds/build_tools/gcc_v10.2/gcc-10.2-arm32-eabi/bin/../lib/gcc/arm-none-eabi/10.2.0/../../../../arm-none-eabi/lib/thumb/v7e-m+fp/hard\libc_nano.a(lib_a-memcmp.o)
 .data          0x204011f8        0x0 c:/nxp/s32ds.3.6.7/s32ds/build_tools/gcc_v10.2/gcc-10.2-arm32-eabi/bin/../lib/gcc/arm-none-eabi/10.2.0/../../../../arm-none-eabi/lib/thumb/v7e-m+fp/hard\libc_nano.a(lib_a-memset.o)
 .data          0x204011f8        0x0 c:/nxp/s32ds.3.6.7/s32ds/build_tools/gcc_v10.2/gcc-10.2-arm32-eabi/bin/../lib/gcc/arm-none-eabi/10.2.0/../../../../arm-none-eabi/lib/thumb/v7e-m+fp/hard\libc_nano.a(lib_a-strlen.o)
 .data          0x204011f8        0x0 c:/nxp/s32ds.3.6.7/s32ds/build_tools/gcc_v10.2/gcc-10.2-arm32-eabi/bin/../lib/gcc/arm-none-eabi/10.2.0/thumb/v7e-m+fp/hard\libgcc.a(_aeabi_uldivmod.o)
 .data          0x204011f8        0x0 c:/nxp/s32ds.3.6.7/s32ds/build_tools/gcc_v10.2/gcc-10.2-arm32-eabi/bin/../lib/gcc/arm-none-eabi/10.2.0/thumb/v7e-m+fp/hard\libgcc.a(_udivmoddi4.o)
 .data          0x204011f8        0x0 c:/nxp/s32ds.3.6.7/s32ds/build_tools/gcc_v10.2/gcc-10.2-arm32-eabi/bin/../lib/gcc/arm-none-eabi/10.2.0/thumb/v7e-m+fp/hard\libgcc.a(_dvmd_tls.o)
 *(.data*)
                0x204011f8                . = ALIGN (0x4)
 *(.mcal_data)
 .mcal_data     0x204011f8        0x8 ./RTD/src/C40_Ip.o
 .mcal_data     0x20401200        0x4 ./RTD/src/Clock_Ip_Specific.o
 .mcal_data     0x20401204        0x4 ./RTD/src/Siul2_Dio_Ip.o
                0x20401204                Siul2_Dio_Ip_au32BaseAdresses
                0x20401208                . = ALIGN (0x4)
                0x20401208                __sram_data_end__ = .
                0x004183a0                __sram_data_rom_end = (__sram_data_rom + (__sram_data_end__ - __sram_data_begin__))

.heap           0x20401208      0x200 load address 0x004183a0
                0x00000000                . = (. + ALIGN (0x4))
                0x20401208                _end = .
                0x20401208                end = .
                0x20401208                _heap_start = .
                0x00000200                . = (. + HEAP_SIZE)
 *fill*         0x20401208      0x200 
                0x20401408                _heap_end = .

.acfls_code_ram
                0x20407f00        0x0
                0x20407f00                __acfls_code_ram_start = .
 *(.acfls_code_ram)
                0x20407f00                __acfls_code_ram_end = .
                0x20407f00                __acmem_43_infls_code_ram_start = .
 *(.acmem_43_infls_code_ram)
                0x20407f00                __acmem_43_infls_code_ram_end = .
                0x004183a0                __non_cacheable_data_rom = __sram_data_rom_end

.non_cacheable_data
                0x20408000        0x4 load address 0x004183a0
                0x20408000                . = ALIGN (0x4)
                0x20408000                __non_cacheable_data_start__ = .
 *(.mcal_data_no_cacheable)
                0x20408000                . = ALIGN (0x4)
 *(.mcal_const_no_cacheable)
                0x20408000                . = ALIGN (0x4)
                0x20408000                HSE_LOOP_ADDR = .
                0x20408000        0x4 LONG 0x0
                0x20408004                __non_cacheable_data_end__ = .
                0x004183a4                __non_cacheable_data_rom_end = (__non_cacheable_data_rom + (__non_cacheable_data_end__ - __non_cacheable_data_start__))

.igot.plt       0x20408004        0x0 load address 0x004183a4
 .igot.plt      0x20408004        0x0 ./Project_Settings/Startup_Code/Vector_Table.o

.non_cacheable_bss
                0x20408004     0x196c load address 0x004183a4
                0x20408010                . = ALIGN (0x10)
 *fill*         0x20408004        0xc 
                0x20408010                __non_cacheable_bss_start = .
 *(.mcal_bss_no_cacheable)
 .mcal_bss_no_cacheable
                0x20408010      0x7a0 ./RTD/src/Det.o
                0x20408010                Det_InstanceId
                0x20408038                Det_ApiId
                0x20408060                Det_ErrorId
                0x20408088                Det_RuntimeInstanceId
                0x204080b0                Det_RuntimeApiId
                0x204080d8                Det_RuntimeErrorId
                0x20408100                Det_TransientInstanceId
                0x20408128                Det_TransientApiId
                0x20408150                Det_TransientFaultId
                0x20408178                Det_TransientModuleId
                0x204081c8                Det_ModuleId
                0x20408218                Det_RuntimeModuleId
                0x20408268                Det_numEventErrors
                0x20408288                Det_numRuntimeEventErrors
                0x204082a8                Det_numTransientEventErrors
                0x204082c8                Det_NextIdxList
                0x20408318                Det_Head
                0x20408328                Det_Tail
                0x20408338                Det_Transient_NextIdxList
                0x20408388                Det_Transient_Head
                0x20408398                Det_Transient_Tail
                0x204083a8                Det_Runtime_NextIdxList
                0x204083f8                Det_Runtime_Head
                0x20408408                Det_Runtime_Tail
                0x20408418                Det_aErrorState
                0x20408538                Det_aRuntimeErrorState
                0x20408658                Det_aTransientErrorState
                0x20408778                Det_ModuleState
                0x20408798                Det_OverflowErrorFlag
                0x204087a0                Det_OverflowRuntimeErrorFlag
                0x204087a8                Det_OverflowTransientErrorFlag
 .mcal_bss_no_cacheable
                0x204087b0       0x60 ./RTD/src/Lpuart_Uart_Ip.o
                0x204087b0                Lpuart_Uart_Ip_apStateStructure
 .mcal_bss_no_cacheable
                0x20408810       0x40 ./RTD/src/SchM_BaseNXP.o
 .mcal_bss_no_cacheable
                0x20408850      0x100 ./RTD/src/SchM_Crypto_43_HSE.o
 .mcal_bss_no_cacheable
                0x20408950       0x40 ./RTD/src/SchM_Dio.o
 .mcal_bss_no_cacheable
                0x20408990      0x600 ./RTD/src/SchM_Mcl.o
 .mcal_bss_no_cacheable
                0x20408f90       0x60 ./RTD/src/SchM_Mcu.o
 .mcal_bss_no_cacheable
                0x20408ff0      0x340 ./RTD/src/SchM_Mem_43_INFLS.o
 .mcal_bss_no_cacheable
                0x20409330      0x380 ./RTD/src/SchM_Port.o
 .mcal_bss_no_cacheable
                0x204096b0      0x2c0 ./RTD/src/SchM_Uart.o
                0x20409970                . = ALIGN (0x4)
                0x20409970                __non_cacheable_bss_end = .

.int_results    0x2040ff00      0x100
                0x2040ff00                . = ALIGN (0x4)
 *(.int_results)
                0x20410000                . = (. + 0x100)
 *fill*         0x2040ff00      0x100 
                0x004183a4                __shareable_data_rom = __non_cacheable_data_rom_end

.shareable_data
                0x20410000        0x0 load address 0x004183a4
                0x20410000                . = ALIGN (0x4)
                0x20410000                __shareable_data_start__ = .
 *(.mcal_shared_data)
                0x20410000                . = ALIGN (0x4)
                0x20410000                __shareable_data_end__ = .
                0x004183a4                __shareable_data_rom_end = (__shareable_data_rom + (__shareable_data_end__ - __shareable_data_start__))

.int_vector     0x20000000      0x408
                0x20000000                . = ALIGN (0x800)
                0x20000000                __interrupts_ram_start = .
                0x20000408                . = (. + (__interrupts_init_end - __interrupts_init_start))
 *fill*         0x20000000      0x408 
                0x20000408                . = ALIGN (0x4)
                0x20000408                __interrupts_ram_end = .
                0x004183a4                __tcm_data_rom = __shareable_data_rom_end

.data_tcm_data  0x20000408        0x0 load address 0x004183a4
                0x20000408                . = ALIGN (0x4)
                0x20000408                __dtcm_data_start__ = .
 *(.dtcm_data*)
                0x20000408                . = ALIGN (0x4)
                0x20000408                __dtcm_data_end__ = .
                0x004183a4                __tcm_data_rom_end = (__tcm_data_rom + (__dtcm_data_end__ - __dtcm_data_start__))

.bss_tcm_data   0x20000408        0x0
                0x20000408                . = ALIGN (0x4)
                0x20000408                __dtcm_bss_start__ = .
 *(.dtcm_bss*)
                0x20000408                . = ALIGN (0x4)
                0x20000408                __dtcm_bss_end__ = .
                0x004183a4                __tcm_code_rom_start = __tcm_data_rom_end

.itcm_text      0x00000000        0x0 load address 0x004183a4
                0x00000000                . = ALIGN (0x4)
                0x00000000                __itcm_start__ = .
 *(.itcm_text*)
                0x00000000                . = ALIGN (0x4)
                0x00000000                __itcm_end__ = .
                0x004183a4                __tcm_code_rom_end = (__tcm_code_rom_start + (__itcm_end__ - __itcm_start__))

.shareable_bss  0x20410000        0x0
                0x20410000                . = ALIGN (0x10)
                0x20410000                __shareable_bss_start = .
 *(.mcal_shared_bss)
                0x20410000                . = ALIGN (0x4)
                0x20410000                __shareable_bss_end = .
                0x2000f000                __Stack_dtcm_end = ORIGIN (int_stack_dtcm)
                0x20010000                __Stack_dtcm_start = (ORIGIN (int_stack_dtcm) + LENGTH (int_stack_dtcm))
                0x20400000                __INT_SRAM_START = ORIGIN (int_sram)
                0x20418000                __INT_SRAM_END = ORIGIN (ram_rsvd2)
                0x00000000                __INT_ITCM_START = ORIGIN (int_itcm)
                0x00008000                __INT_ITCM_END = (ORIGIN (int_itcm) + LENGTH (int_itcm))
                0x20000000                __INT_DTCM_START = ORIGIN (int_dtcm)
                0x20010000                __INT_DTCM_END = ((ORIGIN (int_dtcm) + LENGTH (int_dtcm)) + LENGTH (int_stack_dtcm))
                0x20410000                __RAM_SHAREABLE_START = __shareable_data_start__
                0x0000000f                __RAM_SHAREABLE_SIZE = 0xf
                0x004183a4                __ROM_SHAREABLE_START = __shareable_data_rom
                0x004183a4                __ROM_SHAREABLE_END = __shareable_data_rom_end
                0x20408000                __RAM_NO_CACHEABLE_START = __non_cacheable_data_start__
                0x0000000f                __RAM_NO_CACHEABLE_SIZE = 0xf
                0x004183a0                __ROM_NO_CACHEABLE_START = __non_cacheable_data_rom
                0x004183a4                __ROM_NO_CACHEABLE_END = __non_cacheable_data_rom_end
                0x20400fc4                __RAM_CACHEABLE_START = __sram_data_begin__
                0x0000000f                __RAM_CACHEABLE_SIZE = 0xf
                0x0041815c                __ROM_CACHEABLE_START = __sram_data_rom
                0x004183a0                __ROM_CACHEABLE_END = __sram_data_rom_end
                0x00400000                __ROM_CODE_START = ORIGIN (int_pflash)
                0x10000000                __ROM_DATA_START = ORIGIN (int_dflash)
                0x20400000                __BSS_SRAM_START = __sram_bss_start
                0x20400fc4                __BSS_SRAM_END = __sram_bss_end
                0x00000fc4                __BSS_SRAM_SIZE = (__sram_bss_end - __sram_bss_start)
                0x20408010                __BSS_SRAM_NC_START = __non_cacheable_bss_start
                0x00001960                __BSS_SRAM_NC_SIZE = (__non_cacheable_bss_end - __non_cacheable_bss_start)
                0x20409970                __BSS_SRAM_NC_END = __non_cacheable_bss_end
                0x20410000                __BSS_SRAM_SH_START = __shareable_bss_start
                0x00000000                __BSS_SRAM_SH_SIZE = (__shareable_bss_end - __shareable_bss_start)
                0x20410000                __BSS_SRAM_SH_END = __shareable_bss_end
                0x20000000                __RAM_INTERRUPT_START = __interrupts_ram_start
                0x00402000                __INIT_INTERRUPT_START = __interrupts_init_start
                0x00402408                __INIT_INTERRUPT_END = __interrupts_init_end
                0x00000000                __RAM_ITCM_START = __itcm_start__
                0x004183a4                __ROM_ITCM_START = __tcm_code_rom_start
                0x004183a4                __ROM_ITCM_END = __tcm_code_rom_end
                0x20000408                __RAM_DTCM_DATA_START = __dtcm_data_start__
                0x004183a4                __ROM_DTCM_DATA_START = __tcm_data_rom
                0x004183a4                __ROM_DTCM_END = __tcm_data_rom_end
                0x004180ec                __INIT_TABLE = __init_table
                0x00418138                __ZERO_TABLE = __zero_table
                0x00000001                __RAM_INIT = 0x1
                0x00000001                __ITCM_INIT = 0x1
                0x00000001                __DTCM_INIT = 0x1
                0x00416418                Fls_ACEraseRomStart = __acfls_code_rom_start
                0x0041648c                Fls_ACEraseRomEnd = __acfls_code_rom_end