Archive member included to satisfy reference by file (symbol)

c:/nxp/s32ds.3.6.7/s32ds/build_tools/gcc_v10.2/gcc-10.2-arm32-eabi/bin/../lib/gcc/arm-none-eabi/10.2.0/../../../../arm-none-eabi/lib/thumb/v7e-m+fp/hard\libc_nano.a(lib_a-memcmp.o)
                              ./src/HSE_FlashStorage_Example.o (memcmp)
c:/nxp/s32ds.3.6.7/s32ds/build_tools/gcc_v10.2/gcc-10.2-arm32-eabi/bin/../lib/gcc/arm-none-eabi/10.2.0/../../../../arm-none-eabi/lib/thumb/v7e-m+fp/hard\libc_nano.a(lib_a-memset.o)
                              ./src/HSE_AppSmrProvision.o (memset)
c:/nxp/s32ds.3.6.7/s32ds/build_tools/gcc_v10.2/gcc-10.2-arm32-eabi/bin/../lib/gcc/arm-none-eabi/10.2.0/../../../../arm-none-eabi/lib/thumb/v7e-m+fp/hard\libc_nano.a(lib_a-strlen.o)
                              ./src/HSE_Main.o (strlen)
c:/nxp/s32ds.3.6.7/s32ds/build_tools/gcc_v10.2/gcc-10.2-arm32-eabi/bin/../lib/gcc/arm-none-eabi/10.2.0/thumb/v7e-m+fp/hard\libgcc.a(_aeabi_uldivmod.o)
                              ./RTD/src/Clock_Ip_Monitor.o (__aeabi_uldivmod)
c:/nxp/s32ds.3.6.7/s32ds/build_tools/gcc_v10.2/gcc-10.2-arm32-eabi/bin/../lib/gcc/arm-none-eabi/10.2.0/thumb/v7e-m+fp/hard\libgcc.a(_udivmoddi4.o)
                              c:/nxp/s32ds.3.6.7/s32ds/build_tools/gcc_v10.2/gcc-10.2-arm32-eabi/bin/../lib/gcc/arm-none-eabi/10.2.0/thumb/v7e-m+fp/hard\libgcc.a(_aeabi_uldivmod.o) (__udivmoddi4)
c:/nxp/s32ds.3.6.7/s32ds/build_tools/gcc_v10.2/gcc-10.2-arm32-eabi/bin/../lib/gcc/arm-none-eabi/10.2.0/thumb/v7e-m+fp/hard\libgcc.a(_dvmd_tls.o)
                              c:/nxp/s32ds.3.6.7/s32ds/build_tools/gcc_v10.2/gcc-10.2-arm32-eabi/bin/../lib/gcc/arm-none-eabi/10.2.0/thumb/v7e-m+fp/hard\libgcc.a(_aeabi_uldivmod.o) (__aeabi_ldiv0)

Discarded input sections

 .group         0x0000000000000000        0xc ./Project_Settings/Startup_Code/exceptions.o
 .group         0x0000000000000000        0xc ./Project_Settings/Startup_Code/exceptions.o
 .group         0x0000000000000000        0xc ./Project_Settings/Startup_Code/exceptions.o
 .group         0x0000000000000000        0xc ./Project_Settings/Startup_Code/exceptions.o
 .group         0x0000000000000000        0xc ./Project_Settings/Startup_Code/exceptions.o
 .group         0x0000000000000000        0xc ./Project_Settings/Startup_Code/exceptions.o
 .group         0x0000000000000000        0xc ./Project_Settings/Startup_Code/exceptions.o
 .group         0x0000000000000000        0xc ./Project_Settings/Startup_Code/exceptions.o
 .group         0x0000000000000000        0xc ./Project_Settings/Startup_Code/exceptions.o
 .group         0x0000000000000000        0xc ./Project_Settings/Startup_Code/exceptions.o
 .group         0x0000000000000000        0xc ./Project_Settings/Startup_Code/exceptions.o
 .group         0x0000000000000000        0xc ./Project_Settings/Startup_Code/exceptions.o
 .group         0x0000000000000000        0xc ./Project_Settings/Startup_Code/exceptions.o
 .group         0x0000000000000000        0xc ./Project_Settings/Startup_Code/exceptions.o
 .group         0x0000000000000000        0xc ./Project_Settings/Startup_Code/exceptions.o
 .group         0x0000000000000000        0xc ./Project_Settings/Startup_Code/exceptions.o
 .group         0x0000000000000000        0xc ./Project_Settings/Startup_Code/exceptions.o
 .group         0x0000000000000000        0xc ./Project_Settings/Startup_Code/exceptions.o
 .group         0x0000000000000000        0xc ./Project_Settings/Startup_Code/exceptions.o
 .group         0x0000000000000000        0xc ./Project_Settings/Startup_Code/exceptions.o
 .group         0x0000000000000000        0xc ./Project_Settings/Startup_Code/exceptions.o
 .group         0x0000000000000000        0xc ./Project_Settings/Startup_Code/exceptions.o
 .group         0x0000000000000000        0xc ./Project_Settings/Startup_Code/exceptions.o
 .group         0x0000000000000000        0xc ./Project_Settings/Startup_Code/exceptions.o
 .group         0x0000000000000000        0xc ./Project_Settings/Startup_Code/exceptions.o
 .group         0x0000000000000000        0xc ./Project_Settings/Startup_Code/exceptions.o
 .group         0x0000000000000000        0xc ./Project_Settings/Startup_Code/exceptions.o
 .group         0x0000000000000000        0xc ./Project_Settings/Startup_Code/exceptions.o
 .group         0x0000000000000000        0xc ./Project_Settings/Startup_Code/exceptions.o
 .group         0x0000000000000000        0xc ./Project_Settings/Startup_Code/exceptions.o
 .group         0x0000000000000000        0xc ./Project_Settings/Startup_Code/nvic.o
 .group         0x0000000000000000        0xc ./Project_Settings/Startup_Code/nvic.o
 .group         0x0000000000000000        0xc ./Project_Settings/Startup_Code/nvic.o
 .group         0x0000000000000000        0xc ./Project_Settings/Startup_Code/nvic.o
 .group         0x0000000000000000        0xc ./Project_Settings/Startup_Code/nvic.o
 .group         0x0000000000000000        0xc ./Project_Settings/Startup_Code/nvic.o
[...]
Memory Configuration

Name             Origin             Length             Attributes
int_pflash       0x0000000000482000 0x0000000000080000
int_dflash       0x0000000010000000 0x0000000000016000
int_itcm         0x0000000000000000 0x0000000000008000
int_dtcm         0x0000000020000000 0x000000000000f000
int_stack_dtcm   0x000000002000f000 0x0000000000001000
int_sram         0x0000000020400000 0x0000000000007f00
int_sram_fls_rsv 0x0000000020407f00 0x0000000000000100
int_sram_no_cacheable 0x0000000020408000 0x0000000000007f00
int_sram_results 0x000000002040ff00 0x0000000000000100
int_sram_shareable 0x0000000020410000 0x0000000000008000
ram_rsvd2        0x0000000020418000 0x0000000000000000
*default*        0x0000000000000000 0xffffffffffffffff

Linker script and memory map

LOAD ./Project_Settings/Startup_Code/Vector_Table.o
LOAD ./Project_Settings/Startup_Code/exceptions.o
LOAD ./Project_Settings/Startup_Code/nvic.o
LOAD ./Project_Settings/Startup_Code/startup.o
LOAD ./Project_Settings/Startup_Code/startup_cm7.o
LOAD ./Project_Settings/Startup_Code/system.o
LOAD ./RTD/src/C40_Ip.o
LOAD ./RTD/src/C40_Ip_Ac.o
LOAD ./RTD/src/Cache_Ip.o
LOAD ./RTD/src/Cache_Ip_HwAcc_ArmCoreMx.o
LOAD ./RTD/src/Clock_Ip.o
LOAD ./RTD/src/Clock_Ip_Data.o
LOAD ./RTD/src/Clock_Ip_Divider.o
LOAD ./RTD/src/Clock_Ip_DividerTrigger.o
LOAD ./RTD/src/Clock_Ip_ExtOsc.o
LOAD ./RTD/src/Clock_Ip_FracDiv.o
LOAD ./RTD/src/Clock_Ip_Frequency.o
LOAD ./RTD/src/Clock_Ip_Gate.o
LOAD ./RTD/src/Clock_Ip_IntOsc.o
LOAD ./RTD/src/Clock_Ip_Irq.o
LOAD ./RTD/src/Clock_Ip_Monitor.o
LOAD ./RTD/src/Clock_Ip_Pll.o
LOAD ./RTD/src/Clock_Ip_ProgFreqSwitch.o
LOAD ./RTD/src/Clock_Ip_Selector.o
LOAD ./RTD/src/Clock_Ip_Specific.o
LOAD ./RTD/src/Det.o
LOAD ./RTD/src/Det_stub.o
LOAD ./RTD/src/Hse_Ip.o
LOAD ./RTD/src/Hse_Ip_Semaphore.o
LOAD ./RTD/src/Igf_Port_Ip.o
LOAD ./RTD/src/IntCtrl_Ip.o
LOAD ./RTD/src/Mu_Ip_Irq.o
LOAD ./RTD/src/OsIf_Interrupts.o
LOAD ./RTD/src/OsIf_Software_Semaphore.o
LOAD ./RTD/src/OsIf_Timer.o
LOAD ./RTD/src/OsIf_Timer_System.o
LOAD ./RTD/src/OsIf_Timer_System_Internal_Systick.o
LOAD ./RTD/src/SchM_BaseNXP.o
LOAD ./RTD/src/SchM_Crypto_43_HSE.o
LOAD ./RTD/src/SchM_Dio.o
LOAD ./RTD/src/SchM_Mcl.o
LOAD ./RTD/src/SchM_Mcu.o
LOAD ./RTD/src/SchM_Mem_43_INFLS.o
LOAD ./RTD/src/SchM_Port.o
LOAD ./RTD/src/Siul2_Dio_Ip.o
LOAD ./RTD/src/Siul2_Port_Ip.o
LOAD ./RTD/src/Tspc_Port_Ip.o
LOAD ./board/Siul2_Port_Ip_Cfg.o
LOAD ./board/Tspc_Port_Ip_Cfg.o
LOAD ./generate/src/C40_Ip_Cfg.o
LOAD ./generate/src/Clock_Ip_Cfg.o
LOAD ./generate/src/Hse_Ip_Cfg.o
LOAD ./generate/src/Igf_Port_Ip_Cfg.o
LOAD ./generate/src/IntCtrl_Ip_Cfg.o
LOAD ./generate/src/OsIf_Cfg.o
LOAD ./src/APP_Main.o
LOAD ./src/HSE_AppSmrProvision.o
LOAD ./src/HSE_FlashStorage_Example.o
LOAD ./src/HSE_Mac_Ecc_Example.o
LOAD ./src/HSE_Main.o
LOAD ./src/HSE_SecureBoot.o
LOAD ./src/LED.o
LOAD ./src/main.o
LOAD c:/nxp/s32ds.3.6.7/s32ds/build_tools/gcc_v10.2/gcc-10.2-arm32-eabi/bin/../lib/gcc/arm-none-eabi/10.2.0/../../../../arm-none-eabi/lib/thumb/v7e-m+fp/hard\libc_nano.a
LOAD c:/nxp/s32ds.3.6.7/s32ds/build_tools/gcc_v10.2/gcc-10.2-arm32-eabi/bin/../lib/gcc/arm-none-eabi/10.2.0/../../../../arm-none-eabi/lib/thumb/v7e-m+fp/hard\libm.a
LOAD c:/nxp/s32ds.3.6.7/s32ds/build_tools/gcc_v10.2/gcc-10.2-arm32-eabi/bin/../lib/gcc/arm-none-eabi/10.2.0/thumb/v7e-m+fp/hard\libgcc.a
START GROUP
LOAD c:/nxp/s32ds.3.6.7/s32ds/build_tools/gcc_v10.2/gcc-10.2-arm32-eabi/bin/../lib/gcc/arm-none-eabi/10.2.0/thumb/v7e-m+fp/hard\libgcc.a
LOAD c:/nxp/s32ds.3.6.7/s32ds/build_tools/gcc_v10.2/gcc-10.2-arm32-eabi/bin/../lib/gcc/arm-none-eabi/10.2.0/../../../../arm-none-eabi/lib/thumb/v7e-m+fp/hard\libg_nano.a
LOAD c:/nxp/s32ds.3.6.7/s32ds/build_tools/gcc_v10.2/gcc-10.2-arm32-eabi/bin/../lib/gcc/arm-none-eabi/10.2.0/../../../../arm-none-eabi/lib/thumb/v7e-m+fp/hard\libc_nano.a
END GROUP
START GROUP
LOAD c:/nxp/s32ds.3.6.7/s32ds/build_tools/gcc_v10.2/gcc-10.2-arm32-eabi/bin/../lib/gcc/arm-none-eabi/10.2.0/thumb/v7e-m+fp/hard\libgcc.a
LOAD c:/nxp/s32ds.3.6.7/s32ds/build_tools/gcc_v10.2/gcc-10.2-arm32-eabi/bin/../lib/gcc/arm-none-eabi/10.2.0/../../../../arm-none-eabi/lib/thumb/v7e-m+fp/hard\libc_nano.a
LOAD c:/nxp/s32ds.3.6.7/s32ds/build_tools/gcc_v10.2/gcc-10.2-arm32-eabi/bin/../lib/gcc/arm-none-eabi/10.2.0/../../../../arm-none-eabi/lib/thumb/v7e-m+fp/hard\libnosys.a
END GROUP
START GROUP
LOAD c:/nxp/s32ds.3.6.7/s32ds/build_tools/gcc_v10.2/gcc-10.2-arm32-eabi/bin/../lib/gcc/arm-none-eabi/10.2.0/thumb/v7e-m+fp/hard\libgcc.a
LOAD c:/nxp/s32ds.3.6.7/s32ds/build_tools/gcc_v10.2/gcc-10.2-arm32-eabi/bin/../lib/gcc/arm-none-eabi/10.2.0/../../../../arm-none-eabi/lib/thumb/v7e-m+fp/hard\libc_nano.a
LOAD c:/nxp/s32ds.3.6.7/s32ds/build_tools/gcc_v10.2/gcc-10.2-arm32-eabi/bin/../lib/gcc/arm-none-eabi/10.2.0/../../../../arm-none-eabi/lib/thumb/v7e-m+fp/hard\libnosys.a
END GROUP
                0x0000000000000200                HEAP_SIZE = DEFINED (__heap_size__)?__heap_size__:0x200
                0x0000000020407fff                __STANDBY_RAM_LIMIT_END = 0x20407fff

.pflash         0x0000000000482000    0x14de0
 *(.boot_header)
 .boot_header   0x0000000000482000      0x100 ./Project_Settings/Startup_Code/startup_cm7.o
                0x0000000000484000                . = ALIGN (0x2000)
 *fill*         0x0000000000482100     0x1f00 
                0x0000000000484000                __text_start = .
                0x0000000000484000                __interrupts_init_start = .
 *(.intc_vector)
 .intc_vector   0x0000000000484000      0x408 ./Project_Settings/Startup_Code/Vector_Table.o
                0x0000000000484000                VTABLE
                0x0000000000484408                . = ALIGN (0x4)
                0x0000000000484408                __interrupts_init_end = .
 *(.core_loop)
 .core_loop     0x0000000000484408        0xc ./Project_Settings/Startup_Code/startup_cm7.o
                0x0000000000484408                _core_loop
                0x0000000000484414                . = ALIGN (0x4)
 *(.startup)
 *fill*         0x0000000000484414        0xc 
 .startup       0x0000000000484420      0x214 ./Project_Settings/Startup_Code/startup_cm7.o
                0x0000000000484420                Reset_Handler
                0x0000000000484420                _start
                0x00000000004845b4                MCAL_LTB_TRACE_OFF
                0x00000000004845b6                _end_of_eunit_test
                0x0000000000484634                . = ALIGN (0x4)
 *(.systeminit)
                0x0000000000484634                . = ALIGN (0x4)
 *(.text.startup)
                0x0000000000484634                . = ALIGN (0x4)
 *(.text)
 .text          0x0000000000484634        0x0 ./Project_Settings/Startup_Code/Vector_Table.o
 .text          0x0000000000484634        0x0 ./Project_Settings/Startup_Code/exceptions.o
 .text          0x0000000000484634        0x0 ./Project_Settings/Startup_Code/nvic.o
 .text          0x0000000000484634        0x0 ./Project_Settings/Startup_Code/startup.o
 .text          0x0000000000484634        0x0 ./Project_Settings/Startup_Code/startup_cm7.o
 .text          0x0000000000484634        0x0 ./Project_Settings/Startup_Code/system.o
 .text          0x0000000000484634        0x0 ./RTD/src/C40_Ip.o
 .text          0x0000000000484634        0x0 ./RTD/src/C40_Ip_Ac.o
 .text          0x0000000000484634        0x0 ./RTD/src/Cache_Ip.o
 .text          0x0000000000484634        0x0 ./RTD/src/Cache_Ip_HwAcc_ArmCoreMx.o
 .text          0x0000000000484634        0x0 ./RTD/src/Clock_Ip.o
 .text          0x0000000000484634        0x0 ./RTD/src/Clock_Ip_Data.o
 .text          0x0000000000484634        0x0 ./RTD/src/Clock_Ip_Divider.o
 .text          0x0000000000484634        0x0 ./RTD/src/Clock_Ip_DividerTrigger.o
 .text          0x0000000000484634        0x0 ./RTD/src/Clock_Ip_ExtOsc.o
 .text          0x0000000000484634        0x0 ./RTD/src/Clock_Ip_FracDiv.o
 .text          0x0000000000484634        0x0 ./RTD/src/Clock_Ip_Frequency.o
 .text          0x0000000000484634        0x0 ./RTD/src/Clock_Ip_Gate.o
 .text          0x0000000000484634        0x0 ./RTD/src/Clock_Ip_IntOsc.o
 .text          0x0000000000484634        0x0 ./RTD/src/Clock_Ip_Irq.o
 .text          0x0000000000484634        0x0 ./RTD/src/Clock_Ip_Monitor.o
 .text          0x0000000000484634        0x0 ./RTD/src/Clock_Ip_Pll.o
 .text          0x0000000000484634        0x0 ./RTD/src/Clock_Ip_ProgFreqSwitch.o
 .text          0x0000000000484634        0x0 ./RTD/src/Clock_Ip_Selector.o
 .text          0x0000000000484634        0x0 ./RTD/src/Clock_Ip_Specific.o
 .text          0x0000000000484634        0x0 ./RTD/src/Det.o
 .text          0x0000000000484634        0x0 ./RTD/src/Det_stub.o
 .text          0x0000000000484634        0x0 ./RTD/src/Hse_Ip.o
 .text          0x0000000000484634        0x0 ./RTD/src/Hse_Ip_Semaphore.o
 .text          0x0000000000484634        0x0 ./RTD/src/Igf_Port_Ip.o
 .text          0x0000000000484634       0x1c ./RTD/src/IntCtrl_Ip.o
 .text          0x0000000000484650        0x0 ./RTD/src/Mu_Ip_Irq.o
 .text          0x0000000000484650        0x0 ./RTD/src/OsIf_Interrupts.o
 .text          0x0000000000484650        0x0 ./RTD/src/OsIf_Software_Semaphore.o
 .text          0x0000000000484650       0x1c ./RTD/src/OsIf_Timer.o
 .text          0x000000000048466c        0x0 ./RTD/src/OsIf_Timer_System.o
 .text          0x000000000048466c        0x0 ./RTD/src/OsIf_Timer_System_Internal_Systick.o
 .text          0x000000000048466c       0x12 ./RTD/src/SchM_BaseNXP.o
                0x000000000048466c                BaseNXP_schm_read_msr
 .text          0x000000000048467e       0x12 ./RTD/src/SchM_Crypto_43_HSE.o
                0x000000000048467e                Crypto_43_HSE_schm_read_msr
 .text          0x0000000000484690       0x12 ./RTD/src/SchM_Dio.o
                0x0000000000484690                Dio_schm_read_msr
 .text          0x00000000004846a2       0x12 ./RTD/src/SchM_Mcl.o
                0x00000000004846a2                Mcl_schm_read_msr
 .text          0x00000000004846b4       0x12 ./RTD/src/SchM_Mcu.o
                0x00000000004846b4                Mcu_schm_read_msr
 .text          0x00000000004846c6       0x12 ./RTD/src/SchM_Mem_43_INFLS.o
                0x00000000004846c6                Mem_43_INFLS_schm_read_msr
 .text          0x00000000004846d8       0x12 ./RTD/src/SchM_Port.o
                0x00000000004846d8                Port_schm_read_msr
 .text          0x00000000004846ea       0x1c ./RTD/src/Siul2_Dio_Ip.o
 .text          0x0000000000484706       0x1c ./RTD/src/Siul2_Port_Ip.o
 .text          0x0000000000484722       0x1c ./RTD/src/Tspc_Port_Ip.o
 .text          0x000000000048473e        0x0 ./board/Siul2_Port_Ip_Cfg.o
 .text          0x000000000048473e        0x0 ./board/Tspc_Port_Ip_Cfg.o
 .text          0x000000000048473e        0x0 ./generate/src/C40_Ip_Cfg.o
 .text          0x000000000048473e        0x0 ./generate/src/Clock_Ip_Cfg.o
 .text          0x000000000048473e        0x0 ./generate/src/Hse_Ip_Cfg.o
 .text          0x000000000048473e        0x0 ./generate/src/Igf_Port_Ip_Cfg.o
 .text          0x000000000048473e        0x0 ./generate/src/IntCtrl_Ip_Cfg.o
 .text          0x000000000048473e        0x0 ./generate/src/OsIf_Cfg.o
 *fill*         0x000000000048473e        0x2 
 .text          0x0000000000484740       0xec ./src/APP_Main.o
                0x0000000000484740                APP_Main
                0x0000000000484828                HSE_RX_IRQ
 .text          0x000000000048482c      0x3d4 ./src/HSE_AppSmrProvision.o
                0x000000000048482c                HSE_AppSmr_GetVerifyKeyInfo
                0x00000000004848dc                HSE_AppSmr_ImportVerifyKey_Nvm
                0x0000000000484a0c                HSE_AppSmr_InstallEntry
                0x0000000000484b3c                HSE_AppSmr_VerifyEntryOnDemand
                0x0000000000484bdc                HSE_AppSmr_Provision_Demo
 .text          0x0000000000484c00      0x264 ./src/HSE_FlashStorage_Example.o
                0x0000000000484c92                HSE_Example_StoreEncryptedDataDemo
 .text          0x0000000000484e64      0xa54 ./src/HSE_Mac_Ecc_Example.o
                0x0000000000484f22                HSE_Mac_ImportKey_Ram
                0x0000000000485018                HSE_Mac_GenerateTag
                0x0000000000485100                HSE_Mac_VerifyTag
                0x00000000004851e8                HSE_Mac_StorageCheckDemo
                0x0000000000485320                HSE_Ecc_GenerateKeyPair
                0x00000000004853ec                HSE_Ecc_SignMessage
                0x00000000004854f4                HSE_Ecc_VerifyMessage
                0x00000000004855f4                HSE_Ecc_ImportPublicKey_Ram
                0x00000000004856f8                HSE_Ecc_StorageCheckDemo
                0x00000000004858ac                HSE_Mac_Ecc_Example_Demo
 .text          0x00000000004858b8      0xe54 ./src/HSE_Main.o
                0x00000000004858b8                HSE_Init
                0x00000000004859b0                HSE_UnlockUtestSector
                0x0000000000485a84                HSE_checkHseFwFeatureFlagEnabled
                0x0000000000485ade                HSE_checkHseVersion
                0x0000000000485ba0                HSE_GetTRNG
                0x0000000000485c2c                HSE_getHSECapabilites
                0x0000000000485c94                HSE_ActivateAllMuInstances
                0x0000000000485d28                HSE_genreateSHA
                0x0000000000485de0                HSE_FormatHseKeyCatalogs
                0x0000000000485e84                HSE_ImportAESKey
                0x0000000000485f78                HSE_GetAesKeyInfo
                0x0000000000486024                HSE_GetNvmAesKeyInfo
                0x00000000004860d0                HSE_ImportNvmAESKey
                0x00000000004861f4                HSE_EraseNvmAesKey
                0x00000000004862a0                HSE_GetGeneratedAesKeyInfo
                0x0000000000486350                HSE_GenerateAesKey
                0x00000000004864f0                HSE_AesEncrypt
                0x0000000000486516                HSE_AesDecrypt
                0x0000000000486618                HSE_AesCtrEncryptNvm
                0x0000000000486644                HSE_AesCtrDecryptNvm
                0x0000000000486670                HSE_AesEncryptNvm
                0x0000000000486696                HSE_AesDecryptNvm
                0x00000000004866bc                HSE_AesEncryptGenerated
                0x00000000004866e4                HSE_AesDecryptGenerated
 .text          0x000000000048670c      0x97c ./src/HSE_SecureBoot.o
                0x00000000004868e8                HSE_SecureBoot_PrepareTestData
                0x000000000048694c                HSE_ImportSmrSignKey_Ram
                0x0000000000486a40                HSE_GetSmrVerifyKeyInfo
                0x0000000000486aec                HSE_ImportSmrVerifyKey_Nvm
                0x0000000000486c10                HSE_ComputeSmrInstallTag
                0x0000000000486cf8                HSE_EraseSmrSignKey_Ram
                0x0000000000486d94                HSE_InstallSmrEntry
                0x0000000000486eb0                HSE_VerifySmrEntryOnDemand
                0x0000000000486f58                HSE_SecureBoot_NegativeControlTest
                0x0000000000486ffc                HSE_SecureBoot_Phase1_Demo
 .text          0x0000000000487088      0x15c ./src/LED.o
                0x0000000000487088                LED_Init
                0x000000000048709c                LED_ToggleLED
 .text          0x00000000004871e4        0x8 ./src/main.o
                0x00000000004871e4                main
 .text          0x00000000004871ec        0x0 c:/nxp/s32ds.3.6.7/s32ds/build_tools/gcc_v10.2/gcc-10.2-arm32-eabi/bin/../lib/gcc/arm-none-eabi/10.2.0/../../../../arm-none-eabi/lib/thumb/v7e-m+fp/hard\libc_nano.a(lib_a-memcmp.o)
 .text          0x00000000004871ec        0x0 c:/nxp/s32ds.3.6.7/s32ds/build_tools/gcc_v10.2/gcc-10.2-arm32-eabi/bin/../lib/gcc/arm-none-eabi/10.2.0/../../../../arm-none-eabi/lib/thumb/v7e-m+fp/hard\libc_nano.a(lib_a-memset.o)
 .text          0x00000000004871ec       0x10 c:/nxp/s32ds.3.6.7/s32ds/build_tools/gcc_v10.2/gcc-10.2-arm32-eabi/bin/../lib/gcc/arm-none-eabi/10.2.0/../../../../arm-none-eabi/lib/thumb/v7e-m+fp/hard\libc_nano.a(lib_a-strlen.o)
                0x00000000004871ec                strlen
 .text          0x00000000004871fc       0x30 c:/nxp/s32ds.3.6.7/s32ds/build_tools/gcc_v10.2/gcc-10.2-arm32-eabi/bin/../lib/gcc/arm-none-eabi/10.2.0/thumb/v7e-m+fp/hard\libgcc.a(_aeabi_uldivmod.o)
                0x00000000004871fc                __aeabi_uldivmod
 .text          0x000000000048722c      0x2d8 c:/nxp/s32ds.3.6.7/s32ds/build_tools/gcc_v10.2/gcc-10.2-arm32-eabi/bin/../lib/gcc/arm-none-eabi/10.2.0/thumb/v7e-m+fp/hard\libgcc.a(_udivmoddi4.o)
                0x000000000048722c                __udivmoddi4
 .text          0x0000000000487504        0x4 c:/nxp/s32ds.3.6.7/s32ds/build_tools/gcc_v10.2/gcc-10.2-arm32-eabi/bin/../lib/gcc/arm-none-eabi/10.2.0/thumb/v7e-m+fp/hard\libgcc.a(_dvmd_tls.o)
                0x0000000000487504                __aeabi_idiv0
                0x0000000000487504                __aeabi_ldiv0
 *(.text*)
 .text.memcmp   0x0000000000487508       0x20 c:/nxp/s32ds.3.6.7/s32ds/build_tools/gcc_v10.2/gcc-10.2-arm32-eabi/bin/../lib/gcc/arm-none-eabi/10.2.0/../../../../arm-none-eabi/lib/thumb/v7e-m+fp/hard\libc_nano.a(lib_a-memcmp.o)
                0x0000000000487508                memcmp
 .text.memset   0x0000000000487528       0x10 c:/nxp/s32ds.3.6.7/s32ds/build_tools/gcc_v10.2/gcc-10.2-arm32-eabi/bin/../lib/gcc/arm-none-eabi/10.2.0/../../../../arm-none-eabi/lib/thumb/v7e-m+fp/hard\libc_nano.a(lib_a-memset.o)
                0x0000000000487528                memset
                0x0000000000487538                . = ALIGN (0x4)
 *(.mcal_text)
 .mcal_text     0x0000000000487538       0x14 ./Project_Settings/Startup_Code/exceptions.o
                0x0000000000487538                NMI_Handler
                0x000000000048753a                HardFault_Handler
                0x000000000048753c                MemManage_Handler
                0x000000000048753e                BusFault_Handler
                0x0000000000487540                UsageFault_Handler
                0x0000000000487542                SVC_Handler
                0x0000000000487544                DebugMon_Handler
                0x0000000000487546                PendSV_Handler
                0x0000000000487548                SysTick_Handler
                0x000000000048754a                undefined_handler
 .mcal_text     0x000000000048754c       0xbc ./Project_Settings/Startup_Code/nvic.o
                0x000000000048754c                NVIC_SetPriorityGrouping
                0x000000000048756e                NVIC_EnableIRQ
                0x000000000048759e                NVIC_DisableIRQ
                0x00000000004875ce                NVIC_SetPriority
 .mcal_text     0x0000000000487608      0x2ac ./Project_Settings/Startup_Code/startup.o
                0x0000000000487608                init_data_bss
                0x00000000004877a0                init_data_bss_core2
 .mcal_text     0x00000000004878b4      0x33c ./Project_Settings/Startup_Code/system.o
                0x00000000004878b4                startup_go_to_user_mode
                0x00000000004878b8                default_interrupt_routine
                0x00000000004878ba                Sys_GetCoreID
                0x00000000004878d0                SystemInit
                0x0000000000487bd0                Enable_FPU
 .mcal_text     0x0000000000487bf0     0x1f20 ./RTD/src/C40_Ip.o
                0x0000000000487da0                C40_Ip_GetSETSLOCKRegValue
                0x0000000000487e20                C40_Ip_GetLockDomainIDValue
                0x0000000000487f0c                C40_Ip_Block4PipeSelect
                0x00000000004885a0                C40_Ip_MainInterfaceWriteLogicalAddress
                0x00000000004885b8                C40_Ip_EccDataErrorSuppression
                0x0000000000488a54                C40_Ip_SetAsyncMode
                0x0000000000488a70                C40_Ip_GetSectorNumberFromAddress
                0x0000000000488adc                C40_Ip_GetBlockNumberFromAddress
                0x0000000000488b84                C40_Ip_SetLock
                0x0000000000488bce                C40_Ip_SetLockProtect
                0x0000000000488cd0                C40_Ip_GetLock
                0x0000000000488d06                C40_Ip_GetLockProtect
                0x0000000000488db0                C40_Ip_ClearLock
                0x0000000000488e02                C40_Ip_ClearLockProtect
                0x0000000000488ea8                C40_Ip_Init
                0x0000000000488ed0                C40_Ip_Abort
                0x0000000000488ee4                C40_Ip_MainInterfaceHVJobStatus
                0x0000000000488f20                C40_Ip_MainInterfaceSectorErase
                0x0000000000488fc4                C40_Ip_MainInterfaceSectorEraseStatus
                0x0000000000489004                C40_Ip_MainInterfaceWrite
                0x00000000004890c8                C40_Ip_MainInterfaceWriteStatus
                0x0000000000489108                C40_Ip_Read
                0x00000000004891b0                C40_Ip_Compare
                0x000000000048920c                C40_Ip_ArrayIntegrityCheck
                0x00000000004892e4                C40_Ip_CheckUserTestStatus
                0x0000000000489368                C40_Ip_ArrayIntegrityCheckSuspend
                0x00000000004893ec                C40_Ip_ArrayIntegrityCheckResume
                0x0000000000489448                C40_Ip_UserMarginReadCheck
                0x0000000000489540                C40_Ip_EccLogicCheck
                0x00000000004896f4                C40_Ip_EdcAfterEccLogicCheck
                0x00000000004898ac                C40_Ip_AddressEncodeLogicCheck
                0x0000000000489a10                C40_Ip_GetFailedAddress
                0x0000000000489b00                C40_Ip_ReportEccUnCorrectedError
 .mcal_text     0x0000000000489b10      0xe74 ./RTD/src/Clock_Ip.o
                0x0000000000489e14                Clock_Ip_Init
                0x0000000000489e54                Clock_Ip_InitClock
                0x000000000048a4e0                Clock_Ip_GetPllStatus
                0x000000000048a5e8                Clock_Ip_DistributePll
                0x000000000048a764                Clock_Ip_DisableClockMonitor
                0x000000000048a7a8                Clock_Ip_InstallNotificationsCallback
                0x000000000048a7bc                Clock_Ip_DisableModuleClock
                0x000000000048a800                Clock_Ip_EnableModuleClock
                0x000000000048a880                Clock_Ip_DisableFircInStandby
                0x000000000048a89c                Clock_Ip_EnableFircInStandby
                0x000000000048a8b8                Clock_Ip_DisableSircInStandby
                0x000000000048a8d4                Clock_Ip_EnableSircInStandby
                0x000000000048a8f0                Clock_Ip_ReportClockErrors
                0x000000000048a910                Clock_Ip_StartTimeout
                0x000000000048a944                Clock_Ip_TimeoutExpired
 .mcal_text     0x000000000048a984      0x458 ./RTD/src/Clock_Ip_Divider.o
 .mcal_text     0x000000000048addc      0x170 ./RTD/src/Clock_Ip_DividerTrigger.o
 .mcal_text     0x000000000048af4c      0x3b0 ./RTD/src/Clock_Ip_ExtOsc.o
 .mcal_text     0x000000000048b2fc       0x16 ./RTD/src/Clock_Ip_FracDiv.o
 .mcal_text     0x000000000048b312        0xe ./RTD/src/Clock_Ip_Frequency.o
                0x000000000048b312                Clock_Ip_SetExternalSignalFrequency
 .mcal_text     0x000000000048b320      0x32c ./RTD/src/Clock_Ip_Gate.o
 .mcal_text     0x000000000048b64c      0x1e4 ./RTD/src/Clock_Ip_IntOsc.o
 .mcal_text     0x000000000048b830        0xa ./RTD/src/Clock_Ip_Irq.o
                0x000000000048b830                Mcu_Cmu_ClockFail_IRQHandler
 *fill*         0x000000000048b83a        0x2 
 .mcal_text     0x000000000048b83c      0x5a4 ./RTD/src/Clock_Ip_Monitor.o
                0x000000000048bd3c                Clock_Ip_CMU_ClockFailInt
 .mcal_text     0x000000000048bde0      0x2d8 ./RTD/src/Clock_Ip_Pll.o
 .mcal_text     0x000000000048c0b8      0x768 ./RTD/src/Clock_Ip_ProgFreqSwitch.o
 .mcal_text     0x000000000048c820      0xaf8 ./RTD/src/Clock_Ip_Selector.o
                0x000000000048d2d6                Clock_Ip_SetRtcRtccClksel_TrustedCall
 .mcal_text     0x000000000048d318      0x584 ./RTD/src/Clock_Ip_Specific.o
                0x000000000048d73c                Clock_Ip_PowerClockIpModules
                0x000000000048d756                Clock_Ip_SetRamWaitStates
                0x000000000048d760                Clock_Ip_SetFlashWaitStates
                0x000000000048d76a                Clock_Ip_McMeEnterKey
                0x000000000048d796                DisableFircInStandbyMode
                0x000000000048d7ac                EnableFircInStandbyMode
                0x000000000048d7d0                DisableSircInStandbyMode
                0x000000000048d7e4                EnableSircInStandbyMode
                0x000000000048d860                Clock_Ip_Command
 .mcal_text     0x000000000048d89c      0xafc ./RTD/src/Det.o
                0x000000000048d89c                Det_Init
                0x000000000048dcd8                Det_ReportError
                0x000000000048dd94                Det_ReportRuntimeError
                0x000000000048de50                Det_ReportTransientFault
                0x000000000048df0c                Det_Start
                0x000000000048df10                Det_InitDataNode
                0x000000000048e016                Det_LinkNodeToHead
                0x000000000048e08e                Det_DelAllNodesSameId
                0x000000000048e2ee                Det_FreeNodesInLinkedList
 .mcal_text     0x000000000048e398      0x324 ./RTD/src/Det_stub.o
                0x000000000048e398                Det_TestLastReportError
                0x000000000048e428                Det_TestLastReportRuntimeError
                0x000000000048e4b8                Det_TestLastReportTransientFault
                0x000000000048e548                Det_TestNoError
                0x000000000048e5c4                Det_TestNoRuntimeError
                0x000000000048e640                Det_TestNoTransientFault
 .mcal_text     0x000000000048e6bc      0x9cc ./RTD/src/Hse_Ip.o
                0x000000000048e80a                Hse_Ip_GetPhysicalCoreId
                0x000000000048ea4c                Hse_Ip_Init
                0x000000000048eac4                Hse_Ip_Deinit
                0x000000000048eae4                Hse_Ip_GetFreeChannel
                0x000000000048ebe0                Hse_Ip_ReleaseChannel
                0x000000000048ec24                Hse_Ip_ToAHBAddress
                0x000000000048ec34                Hse_Ip_ServiceRequest
                0x000000000048edec                Hse_Ip_MainFunction
                0x000000000048ee0a                Hse_Ip_GetHseStatus
                0x000000000048ee38                Hse_Ip_RegisterGenericCallback
                0x000000000048ef38                Hse_Ip_RxIrqHandler
                0x000000000048efe0                Hse_Ip_GeneralPurposeIrqHandler
 .mcal_text     0x000000000048f088      0x4f4 ./RTD/src/IntCtrl_Ip.o
                0x000000000048f088                IntCtrl_Ip_InstallHandlerPrivileged
                0x000000000048f0f8                IntCtrl_Ip_EnableIrqPrivileged
                0x000000000048f150                IntCtrl_Ip_DisableIrqPrivileged
                0x000000000048f1a8                IntCtrl_Ip_SetPriorityPrivileged
                0x000000000048f216                IntCtrl_Ip_GetPriorityPrivileged
                0x000000000048f274                IntCtrl_Ip_ClearPendingPrivileged
                0x000000000048f2bc                IntCtrl_Ip_SetPendingPrivileged
                0x000000000048f304                IntCtrl_Ip_GetPendingPrivileged
                0x000000000048f34e                IntCtrl_Ip_GetActivePrivileged
                0x000000000048f398                IntCtrl_Ip_Init
                0x000000000048f49a                IntCtrl_Ip_InstallHandler
                0x000000000048f4b6                IntCtrl_Ip_EnableIrq
                0x000000000048f4ca                IntCtrl_Ip_DisableIrq
                0x000000000048f4de                IntCtrl_Ip_SetPriority
                0x000000000048f4fe                IntCtrl_Ip_GetPriority
                0x000000000048f514                IntCtrl_Ip_ClearPending
                0x000000000048f528                IntCtrl_Ip_SetPending
                0x000000000048f53c                IntCtrl_Ip_GetPending
                0x000000000048f55c                IntCtrl_Ip_GetActive
 .mcal_text     0x000000000048f57c       0x30 ./RTD/src/Mu_Ip_Irq.o
                0x000000000048f57c                Mu_Ip_Mu0_OredRx_Isr
                0x000000000048f588                Mu_Ip_Mu0_OredGP_Isr
                0x000000000048f594                Mu_Ip_Mu1_OredRx_Isr
                0x000000000048f5a0                Mu_Ip_Mu1_OredGP_Isr
 .mcal_text     0x000000000048f5ac       0xd6 ./RTD/src/OsIf_Timer.o
                0x000000000048f5d4                OsIf_Init
                0x000000000048f5ee                OsIf_GetCounter
                0x000000000048f612                OsIf_GetElapsed
                0x000000000048f63a                OsIf_SetTimerFrequency
                0x000000000048f65a                OsIf_MicrosToTicks
 *fill*         0x000000000048f682        0x2 
 .mcal_text     0x000000000048f684       0x8c ./RTD/src/OsIf_Timer_System_Internal_Systick.o
                0x000000000048f684                OsIf_Timer_System_Internal_Init
                0x000000000048f6ac                OsIf_Timer_System_Internal_GetCounter
                0x000000000048f6bc                OsIf_Timer_System_Internal_GetElapsed
 .mcal_text     0x000000000048f710      0x148 ./RTD/src/SchM_BaseNXP.o
                0x000000000048f710                SchM_Enter_BaseNXP_BASENXP_EXCLUSIVE_AREA_00
                0x000000000048f768                SchM_Exit_BaseNXP_BASENXP_EXCLUSIVE_AREA_00
                0x000000000048f7b4                SchM_Enter_BaseNXP_BASENXP_EXCLUSIVE_AREA_01
                0x000000000048f80c                SchM_Exit_BaseNXP_BASENXP_EXCLUSIVE_AREA_01
 .mcal_text     0x000000000048f858      0x520 ./RTD/src/SchM_Crypto_43_HSE.o
                0x000000000048f858                SchM_Enter_Crypto_43_HSE_CRYPTO_EXCLUSIVE_AREA_00
                0x000000000048f8b0                SchM_Exit_Crypto_43_HSE_CRYPTO_EXCLUSIVE_AREA_00
                0x000000000048f8fc                SchM_Enter_Crypto_43_HSE_CRYPTO_EXCLUSIVE_AREA_01
                0x000000000048f954                SchM_Exit_Crypto_43_HSE_CRYPTO_EXCLUSIVE_AREA_01
                0x000000000048f9a0                SchM_Enter_Crypto_43_HSE_CRYPTO_EXCLUSIVE_AREA_02
                0x000000000048f9f8                SchM_Exit_Crypto_43_HSE_CRYPTO_EXCLUSIVE_AREA_02
                0x000000000048fa44                SchM_Enter_Crypto_43_HSE_CRYPTO_EXCLUSIVE_AREA_03
                0x000000000048fa9c                SchM_Exit_Crypto_43_HSE_CRYPTO_EXCLUSIVE_AREA_03
                0x000000000048fae8                SchM_Enter_Crypto_43_HSE_CRYPTO_EXCLUSIVE_AREA_04
                0x000000000048fb40                SchM_Exit_Crypto_43_HSE_CRYPTO_EXCLUSIVE_AREA_04
                0x000000000048fb8c                SchM_Enter_Crypto_43_HSE_CRYPTO_EXCLUSIVE_AREA_05
                0x000000000048fbe4                SchM_Exit_Crypto_43_HSE_CRYPTO_EXCLUSIVE_AREA_05
                0x000000000048fc30                SchM_Enter_Crypto_43_HSE_CRYPTO_EXCLUSIVE_AREA_10
                0x000000000048fc88                SchM_Exit_Crypto_43_HSE_CRYPTO_EXCLUSIVE_AREA_10
                0x000000000048fcd4                SchM_Enter_Crypto_43_HSE_CRYPTO_EXCLUSIVE_AREA_11
                0x000000000048fd2c                SchM_Exit_Crypto_43_HSE_CRYPTO_EXCLUSIVE_AREA_11
 .mcal_text     0x000000000048fd78      0x148 ./RTD/src/SchM_Dio.o
                0x000000000048fd78                SchM_Enter_Dio_DIO_EXCLUSIVE_AREA_00
                0x000000000048fdd0                SchM_Exit_Dio_DIO_EXCLUSIVE_AREA_00
                0x000000000048fe1c                SchM_Enter_Dio_DIO_EXCLUSIVE_AREA_01
                0x000000000048fe74                SchM_Exit_Dio_DIO_EXCLUSIVE_AREA_01
 .mcal_text     0x000000000048fec0     0x1ec0 ./RTD/src/SchM_Mcl.o
                0x000000000048fec0                SchM_Enter_Mcl_MCL_EXCLUSIVE_AREA_00
                0x000000000048ff18                SchM_Exit_Mcl_MCL_EXCLUSIVE_AREA_00
                0x000000000048ff64                SchM_Enter_Mcl_MCL_EXCLUSIVE_AREA_01
                0x000000000048ffbc                SchM_Exit_Mcl_MCL_EXCLUSIVE_AREA_01
                0x0000000000490008                SchM_Enter_Mcl_MCL_EXCLUSIVE_AREA_02
                0x0000000000490060                SchM_Exit_Mcl_MCL_EXCLUSIVE_AREA_02
                0x00000000004900ac                SchM_Enter_Mcl_MCL_EXCLUSIVE_AREA_03
                0x0000000000490104                SchM_Exit_Mcl_MCL_EXCLUSIVE_AREA_03
                0x0000000000490150                SchM_Enter_Mcl_MCL_EXCLUSIVE_AREA_04
                0x00000000004901a8                SchM_Exit_Mcl_MCL_EXCLUSIVE_AREA_04
                0x00000000004901f4                SchM_Enter_Mcl_MCL_EXCLUSIVE_AREA_05
                0x000000000049024c                SchM_Exit_Mcl_MCL_EXCLUSIVE_AREA_05
                0x0000000000490298                SchM_Enter_Mcl_MCL_EXCLUSIVE_AREA_06
                0x00000000004902f0                SchM_Exit_Mcl_MCL_EXCLUSIVE_AREA_06
                0x000000000049033c                SchM_Enter_Mcl_MCL_EXCLUSIVE_AREA_07
                0x0000000000490394                SchM_Exit_Mcl_MCL_EXCLUSIVE_AREA_07
                0x00000000004903e0                SchM_Enter_Mcl_MCL_EXCLUSIVE_AREA_08
                0x0000000000490438                SchM_Exit_Mcl_MCL_EXCLUSIVE_AREA_08
                0x0000000000490484                SchM_Enter_Mcl_MCL_EXCLUSIVE_AREA_09
                0x00000000004904dc                SchM_Exit_Mcl_MCL_EXCLUSIVE_AREA_09
                0x0000000000490528                SchM_Enter_Mcl_MCL_EXCLUSIVE_AREA_10
                0x0000000000490580                SchM_Exit_Mcl_MCL_EXCLUSIVE_AREA_10
                0x00000000004905cc                SchM_Enter_Mcl_MCL_EXCLUSIVE_AREA_11
                0x0000000000490624                SchM_Exit_Mcl_MCL_EXCLUSIVE_AREA_11
                0x0000000000490670                SchM_Enter_Mcl_MCL_EXCLUSIVE_AREA_12
                0x00000000004906c8                SchM_Exit_Mcl_MCL_EXCLUSIVE_AREA_12
                0x0000000000490714                SchM_Enter_Mcl_MCL_EXCLUSIVE_AREA_13
                0x000000000049076c                SchM_Exit_Mcl_MCL_EXCLUSIVE_AREA_13
                0x00000000004907b8                SchM_Enter_Mcl_MCL_EXCLUSIVE_AREA_14
                0x0000000000490810                SchM_Exit_Mcl_MCL_EXCLUSIVE_AREA_14
                0x000000000049085c                SchM_Enter_Mcl_MCL_EXCLUSIVE_AREA_15
                0x00000000004908b4                SchM_Exit_Mcl_MCL_EXCLUSIVE_AREA_15
                0x0000000000490900                SchM_Enter_Mcl_MCL_EXCLUSIVE_AREA_16
                0x0000000000490958                SchM_Exit_Mcl_MCL_EXCLUSIVE_AREA_16
                0x00000000004909a4                SchM_Enter_Mcl_MCL_EXCLUSIVE_AREA_17
                0x00000000004909fc                SchM_Exit_Mcl_MCL_EXCLUSIVE_AREA_17
                0x0000000000490a48                SchM_Enter_Mcl_MCL_EXCLUSIVE_AREA_18
                0x0000000000490aa0                SchM_Exit_Mcl_MCL_EXCLUSIVE_AREA_18
                0x0000000000490aec                SchM_Enter_Mcl_MCL_EXCLUSIVE_AREA_19
                0x0000000000490b44                SchM_Exit_Mcl_MCL_EXCLUSIVE_AREA_19
                0x0000000000490b90                SchM_Enter_Mcl_MCL_EXCLUSIVE_AREA_20
                0x0000000000490be8                SchM_Exit_Mcl_MCL_EXCLUSIVE_AREA_20
                0x0000000000490c34                SchM_Enter_Mcl_MCL_EXCLUSIVE_AREA_21
                0x0000000000490c8c                SchM_Exit_Mcl_MCL_EXCLUSIVE_AREA_21
                0x0000000000490cd8                SchM_Enter_Mcl_MCL_EXCLUSIVE_AREA_22
                0x0000000000490d30                SchM_Exit_Mcl_MCL_EXCLUSIVE_AREA_22
                0x0000000000490d7c                SchM_Enter_Mcl_MCL_EXCLUSIVE_AREA_23
                0x0000000000490dd4                SchM_Exit_Mcl_MCL_EXCLUSIVE_AREA_23
                0x0000000000490e20                SchM_Enter_Mcl_MCL_EXCLUSIVE_AREA_24
                0x0000000000490e78                SchM_Exit_Mcl_MCL_EXCLUSIVE_AREA_24
                0x0000000000490ec4                SchM_Enter_Mcl_MCL_EXCLUSIVE_AREA_25
                0x0000000000490f1c                SchM_Exit_Mcl_MCL_EXCLUSIVE_AREA_25
                0x0000000000490f68                SchM_Enter_Mcl_MCL_EXCLUSIVE_AREA_26
                0x0000000000490fc0                SchM_Exit_Mcl_MCL_EXCLUSIVE_AREA_26
                0x000000000049100c                SchM_Enter_Mcl_MCL_EXCLUSIVE_AREA_27
                0x0000000000491064                SchM_Exit_Mcl_MCL_EXCLUSIVE_AREA_27
                0x00000000004910b0                SchM_Enter_Mcl_MCL_EXCLUSIVE_AREA_28
                0x0000000000491108                SchM_Exit_Mcl_MCL_EXCLUSIVE_AREA_28
                0x0000000000491154                SchM_Enter_Mcl_MCL_EXCLUSIVE_AREA_29
                0x00000000004911ac                SchM_Exit_Mcl_MCL_EXCLUSIVE_AREA_29
                0x00000000004911f8                SchM_Enter_Mcl_MCL_EXCLUSIVE_AREA_30
                0x0000000000491250                SchM_Exit_Mcl_MCL_EXCLUSIVE_AREA_30
                0x000000000049129c                SchM_Enter_Mcl_MCL_EXCLUSIVE_AREA_31
                0x00000000004912f4                SchM_Exit_Mcl_MCL_EXCLUSIVE_AREA_31
                0x0000000000491340                SchM_Enter_Mcl_MCL_EXCLUSIVE_AREA_32
                0x0000000000491398                SchM_Exit_Mcl_MCL_EXCLUSIVE_AREA_32
                0x00000000004913e4                SchM_Enter_Mcl_MCL_EXCLUSIVE_AREA_33
                0x000000000049143c                SchM_Exit_Mcl_MCL_EXCLUSIVE_AREA_33
                0x0000000000491488                SchM_Enter_Mcl_MCL_EXCLUSIVE_AREA_34
                0x00000000004914e0                SchM_Exit_Mcl_MCL_EXCLUSIVE_AREA_34
                0x000000000049152c                SchM_Enter_Mcl_MCL_EXCLUSIVE_AREA_35
                0x0000000000491584                SchM_Exit_Mcl_MCL_EXCLUSIVE_AREA_35
                0x00000000004915d0                SchM_Enter_Mcl_MCL_EXCLUSIVE_AREA_36
                0x0000000000491628                SchM_Exit_Mcl_MCL_EXCLUSIVE_AREA_36
                0x0000000000491674                SchM_Enter_Mcl_MCL_EXCLUSIVE_AREA_37
                0x00000000004916cc                SchM_Exit_Mcl_MCL_EXCLUSIVE_AREA_37
                0x0000000000491718                SchM_Enter_Mcl_MCL_EXCLUSIVE_AREA_38
                0x0000000000491770                SchM_Exit_Mcl_MCL_EXCLUSIVE_AREA_38
                0x00000000004917bc                SchM_Enter_Mcl_MCL_EXCLUSIVE_AREA_39
                0x0000000000491814                SchM_Exit_Mcl_MCL_EXCLUSIVE_AREA_39
                0x0000000000491860                SchM_Enter_Mcl_MCL_EXCLUSIVE_AREA_40
                0x00000000004918b8                SchM_Exit_Mcl_MCL_EXCLUSIVE_AREA_40
                0x0000000000491904                SchM_Enter_Mcl_MCL_EXCLUSIVE_AREA_41
                0x000000000049195c                SchM_Exit_Mcl_MCL_EXCLUSIVE_AREA_41
                0x00000000004919a8                SchM_Enter_Mcl_MCL_EXCLUSIVE_AREA_42
                0x0000000000491a00                SchM_Exit_Mcl_MCL_EXCLUSIVE_AREA_42
                0x0000000000491a4c                SchM_Enter_Mcl_MCL_EXCLUSIVE_AREA_43
                0x0000000000491aa4                SchM_Exit_Mcl_MCL_EXCLUSIVE_AREA_43
                0x0000000000491af0                SchM_Enter_Mcl_MCL_EXCLUSIVE_AREA_44
                0x0000000000491b48                SchM_Exit_Mcl_MCL_EXCLUSIVE_AREA_44
                0x0000000000491b94                SchM_Enter_Mcl_MCL_EXCLUSIVE_AREA_45
                0x0000000000491bec                SchM_Exit_Mcl_MCL_EXCLUSIVE_AREA_45
                0x0000000000491c38                SchM_Enter_Mcl_MCL_EXCLUSIVE_AREA_46
                0x0000000000491c90                SchM_Exit_Mcl_MCL_EXCLUSIVE_AREA_46
                0x0000000000491cdc                SchM_Enter_Mcl_MCL_EXCLUSIVE_AREA_47
                0x0000000000491d34                SchM_Exit_Mcl_MCL_EXCLUSIVE_AREA_47
 .mcal_text     0x0000000000491d80      0x1ec ./RTD/src/SchM_Mcu.o
                0x0000000000491d80                SchM_Enter_Mcu_MCU_EXCLUSIVE_AREA_00
                0x0000000000491dd8                SchM_Exit_Mcu_MCU_EXCLUSIVE_AREA_00
                0x0000000000491e24                SchM_Enter_Mcu_MCU_EXCLUSIVE_AREA_01
                0x0000000000491e7c                SchM_Exit_Mcu_MCU_EXCLUSIVE_AREA_01
                0x0000000000491ec8                SchM_Enter_Mcu_MCU_EXCLUSIVE_AREA_02
                0x0000000000491f20                SchM_Exit_Mcu_MCU_EXCLUSIVE_AREA_02
 .mcal_text     0x0000000000491f6c     0x10a8 ./RTD/src/SchM_Mem_43_INFLS.o
                0x0000000000491f6c                SchM_Enter_Mem_43_INFLS_MEM_EXCLUSIVE_AREA_01
                0x0000000000491fc4                SchM_Exit_Mem_43_INFLS_MEM_EXCLUSIVE_AREA_01
                0x0000000000492010                SchM_Enter_Mem_43_INFLS_MEM_EXCLUSIVE_AREA_02
                0x0000000000492068                SchM_Exit_Mem_43_INFLS_MEM_EXCLUSIVE_AREA_02
                0x00000000004920b4                SchM_Enter_Mem_43_INFLS_MEM_EXCLUSIVE_AREA_03
                0x000000000049210c                SchM_Exit_Mem_43_INFLS_MEM_EXCLUSIVE_AREA_03
                0x0000000000492158                SchM_Enter_Mem_43_INFLS_MEM_EXCLUSIVE_AREA_04
                0x00000000004921b0                SchM_Exit_Mem_43_INFLS_MEM_EXCLUSIVE_AREA_04
                0x00000000004921fc                SchM_Enter_Mem_43_INFLS_MEM_EXCLUSIVE_AREA_05
                0x0000000000492254                SchM_Exit_Mem_43_INFLS_MEM_EXCLUSIVE_AREA_05
                0x00000000004922a0                SchM_Enter_Mem_43_INFLS_MEM_EXCLUSIVE_AREA_06
                0x00000000004922f8                SchM_Exit_Mem_43_INFLS_MEM_EXCLUSIVE_AREA_06
                0x0000000000492344                SchM_Enter_Mem_43_INFLS_MEM_EXCLUSIVE_AREA_07
                0x000000000049239c                SchM_Exit_Mem_43_INFLS_MEM_EXCLUSIVE_AREA_07
                0x00000000004923e8                SchM_Enter_Mem_43_INFLS_MEM_EXCLUSIVE_AREA_08
                0x0000000000492440                SchM_Exit_Mem_43_INFLS_MEM_EXCLUSIVE_AREA_08
                0x000000000049248c                SchM_Enter_Mem_43_INFLS_MEM_EXCLUSIVE_AREA_09
                0x00000000004924e4                SchM_Exit_Mem_43_INFLS_MEM_EXCLUSIVE_AREA_09
                0x0000000000492530                SchM_Enter_Mem_43_INFLS_MEM_EXCLUSIVE_AREA_10
                0x0000000000492588                SchM_Exit_Mem_43_INFLS_MEM_EXCLUSIVE_AREA_10
                0x00000000004925d4                SchM_Enter_Mem_43_INFLS_MEM_EXCLUSIVE_AREA_11
                0x000000000049262c                SchM_Exit_Mem_43_INFLS_MEM_EXCLUSIVE_AREA_11
                0x0000000000492678                SchM_Enter_Mem_43_INFLS_MEM_EXCLUSIVE_AREA_12
                0x00000000004926d0                SchM_Exit_Mem_43_INFLS_MEM_EXCLUSIVE_AREA_12
                0x000000000049271c                SchM_Enter_Mem_43_INFLS_MEM_EXCLUSIVE_AREA_13
                0x0000000000492774                SchM_Exit_Mem_43_INFLS_MEM_EXCLUSIVE_AREA_13
                0x00000000004927c0                SchM_Enter_Mem_43_INFLS_MEM_EXCLUSIVE_AREA_14
                0x0000000000492818                SchM_Exit_Mem_43_INFLS_MEM_EXCLUSIVE_AREA_14
                0x0000000000492864                SchM_Enter_Mem_43_INFLS_MEM_EXCLUSIVE_AREA_15
                0x00000000004928bc                SchM_Exit_Mem_43_INFLS_MEM_EXCLUSIVE_AREA_15
                0x0000000000492908                SchM_Enter_Mem_43_INFLS_MEM_EXCLUSIVE_AREA_16
                0x0000000000492960                SchM_Exit_Mem_43_INFLS_MEM_EXCLUSIVE_AREA_16
                0x00000000004929ac                SchM_Enter_Mem_43_INFLS_MEM_EXCLUSIVE_AREA_17
                0x0000000000492a04                SchM_Exit_Mem_43_INFLS_MEM_EXCLUSIVE_AREA_17
                0x0000000000492a50                SchM_Enter_Mem_43_INFLS_MEM_EXCLUSIVE_AREA_18
                0x0000000000492aa8                SchM_Exit_Mem_43_INFLS_MEM_EXCLUSIVE_AREA_18
                0x0000000000492af4                SchM_Enter_Mem_43_INFLS_MEM_EXCLUSIVE_AREA_19
                0x0000000000492b4c                SchM_Exit_Mem_43_INFLS_MEM_EXCLUSIVE_AREA_19
                0x0000000000492b98                SchM_Enter_Mem_43_INFLS_MEM_EXCLUSIVE_AREA_20
                0x0000000000492bf0                SchM_Exit_Mem_43_INFLS_MEM_EXCLUSIVE_AREA_20
                0x0000000000492c3c                SchM_Enter_Mem_43_INFLS_MEM_EXCLUSIVE_AREA_21
                0x0000000000492c94                SchM_Exit_Mem_43_INFLS_MEM_EXCLUSIVE_AREA_21
                0x0000000000492ce0                SchM_Enter_Mem_43_INFLS_MEM_EXCLUSIVE_AREA_22
                0x0000000000492d38                SchM_Exit_Mem_43_INFLS_MEM_EXCLUSIVE_AREA_22
                0x0000000000492d84                SchM_Enter_Mem_43_INFLS_MEM_EXCLUSIVE_AREA_23
                0x0000000000492ddc                SchM_Exit_Mem_43_INFLS_MEM_EXCLUSIVE_AREA_23
                0x0000000000492e28                SchM_Enter_Mem_43_INFLS_MEM_EXCLUSIVE_AREA_24
                0x0000000000492e80                SchM_Exit_Mem_43_INFLS_MEM_EXCLUSIVE_AREA_24
                0x0000000000492ecc                SchM_Enter_Mem_43_INFLS_MEM_EXCLUSIVE_AREA_25
                0x0000000000492f24                SchM_Exit_Mem_43_INFLS_MEM_EXCLUSIVE_AREA_25
                0x0000000000492f70                SchM_Enter_Mem_43_INFLS_MEM_EXCLUSIVE_AREA_26
                0x0000000000492fc8                SchM_Exit_Mem_43_INFLS_MEM_EXCLUSIVE_AREA_26
 .mcal_text     0x0000000000493014     0x11f0 ./RTD/src/SchM_Port.o
                0x0000000000493014                SchM_Enter_Port_PORT_EXCLUSIVE_AREA_00
                0x000000000049306c                SchM_Exit_Port_PORT_EXCLUSIVE_AREA_00
                0x00000000004930b8                SchM_Enter_Port_PORT_EXCLUSIVE_AREA_01
                0x0000000000493110                SchM_Exit_Port_PORT_EXCLUSIVE_AREA_01
                0x000000000049315c                SchM_Enter_Port_PORT_EXCLUSIVE_AREA_02
                0x00000000004931b4                SchM_Exit_Port_PORT_EXCLUSIVE_AREA_02
                0x0000000000493200                SchM_Enter_Port_PORT_EXCLUSIVE_AREA_03
                0x0000000000493258                SchM_Exit_Port_PORT_EXCLUSIVE_AREA_03
                0x00000000004932a4                SchM_Enter_Port_PORT_EXCLUSIVE_AREA_04
                0x00000000004932fc                SchM_Exit_Port_PORT_EXCLUSIVE_AREA_04
                0x0000000000493348                SchM_Enter_Port_PORT_EXCLUSIVE_AREA_05
                0x00000000004933a0                SchM_Exit_Port_PORT_EXCLUSIVE_AREA_05
                0x00000000004933ec                SchM_Enter_Port_PORT_EXCLUSIVE_AREA_06
                0x0000000000493444                SchM_Exit_Port_PORT_EXCLUSIVE_AREA_06
                0x0000000000493490                SchM_Enter_Port_PORT_EXCLUSIVE_AREA_07
                0x00000000004934e8                SchM_Exit_Port_PORT_EXCLUSIVE_AREA_07
                0x0000000000493534                SchM_Enter_Port_PORT_EXCLUSIVE_AREA_08
                0x000000000049358c                SchM_Exit_Port_PORT_EXCLUSIVE_AREA_08
                0x00000000004935d8                SchM_Enter_Port_PORT_EXCLUSIVE_AREA_09
                0x0000000000493630                SchM_Exit_Port_PORT_EXCLUSIVE_AREA_09
                0x000000000049367c                SchM_Enter_Port_PORT_EXCLUSIVE_AREA_10
                0x00000000004936d4                SchM_Exit_Port_PORT_EXCLUSIVE_AREA_10
                0x0000000000493720                SchM_Enter_Port_PORT_EXCLUSIVE_AREA_11
                0x0000000000493778                SchM_Exit_Port_PORT_EXCLUSIVE_AREA_11
                0x00000000004937c4                SchM_Enter_Port_PORT_EXCLUSIVE_AREA_12
                0x000000000049381c                SchM_Exit_Port_PORT_EXCLUSIVE_AREA_12
                0x0000000000493868                SchM_Enter_Port_PORT_EXCLUSIVE_AREA_13
                0x00000000004938c0                SchM_Exit_Port_PORT_EXCLUSIVE_AREA_13
                0x000000000049390c                SchM_Enter_Port_PORT_EXCLUSIVE_AREA_14
                0x0000000000493964                SchM_Exit_Port_PORT_EXCLUSIVE_AREA_14
                0x00000000004939b0                SchM_Enter_Port_PORT_EXCLUSIVE_AREA_15
                0x0000000000493a08                SchM_Exit_Port_PORT_EXCLUSIVE_AREA_15
                0x0000000000493a54                SchM_Enter_Port_PORT_EXCLUSIVE_AREA_16
                0x0000000000493aac                SchM_Exit_Port_PORT_EXCLUSIVE_AREA_16
                0x0000000000493af8                SchM_Enter_Port_PORT_EXCLUSIVE_AREA_17
                0x0000000000493b50                SchM_Exit_Port_PORT_EXCLUSIVE_AREA_17
                0x0000000000493b9c                SchM_Enter_Port_PORT_EXCLUSIVE_AREA_18
                0x0000000000493bf4                SchM_Exit_Port_PORT_EXCLUSIVE_AREA_18
                0x0000000000493c40                SchM_Enter_Port_PORT_EXCLUSIVE_AREA_19
                0x0000000000493c98                SchM_Exit_Port_PORT_EXCLUSIVE_AREA_19
                0x0000000000493ce4                SchM_Enter_Port_PORT_EXCLUSIVE_AREA_20
                0x0000000000493d3c                SchM_Exit_Port_PORT_EXCLUSIVE_AREA_20
                0x0000000000493d88                SchM_Enter_Port_PORT_EXCLUSIVE_AREA_21
                0x0000000000493de0                SchM_Exit_Port_PORT_EXCLUSIVE_AREA_21
                0x0000000000493e2c                SchM_Enter_Port_PORT_EXCLUSIVE_AREA_22
                0x0000000000493e84                SchM_Exit_Port_PORT_EXCLUSIVE_AREA_22
                0x0000000000493ed0                SchM_Enter_Port_PORT_EXCLUSIVE_AREA_23
                0x0000000000493f28                SchM_Exit_Port_PORT_EXCLUSIVE_AREA_23
                0x0000000000493f74                SchM_Enter_Port_PORT_EXCLUSIVE_AREA_24
                0x0000000000493fcc                SchM_Exit_Port_PORT_EXCLUSIVE_AREA_24
                0x0000000000494018                SchM_Enter_Port_PORT_EXCLUSIVE_AREA_25
                0x0000000000494070                SchM_Exit_Port_PORT_EXCLUSIVE_AREA_25
                0x00000000004940bc                SchM_Enter_Port_PORT_EXCLUSIVE_AREA_26
                0x0000000000494114                SchM_Exit_Port_PORT_EXCLUSIVE_AREA_26
                0x0000000000494160                SchM_Enter_Port_PORT_EXCLUSIVE_AREA_27
                0x00000000004941b8                SchM_Exit_Port_PORT_EXCLUSIVE_AREA_27
 .mcal_text     0x0000000000494204      0x5c8 ./RTD/src/Siul2_Dio_Ip.o
                0x000000000049435e                Siul2_Dio_Ip_WritePin
                0x00000000004943c2                Siul2_Dio_Ip_SetGPDO
                0x00000000004943ec                Siul2_Dio_Ip_ClearGPDO
                0x000000000049443c                Siul2_Dio_Ip_WritePins
                0x0000000000494498                Siul2_Dio_Ip_GetPinsOutput
                0x00000000004944fe                Siul2_Dio_Ip_SetPins
                0x0000000000494562                Siul2_Dio_Ip_ClearPins
                0x00000000004945c4                Siul2_Dio_Ip_TogglePins
                0x0000000000494622                Siul2_Dio_Ip_ReadPins
                0x00000000004946a2                Siul2_Dio_Ip_ReadPin
                0x000000000049478c                Siul2_Dio_Ip_MaskedWritePins
 .mcal_text     0x00000000004947cc      0x950 ./RTD/src/Siul2_Port_Ip.o
                0x0000000000494b30                Siul2_Port_Ip_Init
                0x0000000000494b80                Siul2_Port_Ip_SetPullSel
                0x0000000000494c64                Siul2_Port_Ip_SetOutputBuffer
                0x0000000000494d20                Siul2_Port_Ip_SetInputBuffer
                0x0000000000494dfc                Siul2_Port_Ip_SetPinDirection
                0x0000000000494ef6                Siul2_Port_Ip_RevertPinConfiguration
                0x0000000000494fb8                Siul2_Port_Ip_GetPinConfiguration
 .mcal_text     0x000000000049511c      0x2c4 ./RTD/src/Tspc_Port_Ip.o
                0x000000000049511c                Tspc_Port_Ip_EnableObeGroup
                0x0000000000495184                Tspc_Port_Ip_DisableObeGroup
                0x00000000004951ec                Tspc_Port_Ip_MaskObeGroup
                0x0000000000495278                Tspc_Port_Ip_ConfigureObeGroup
                0x00000000004953e0                . = ALIGN (0x4)
 *(.acmcu_code_rom)
                0x00000000004953e0                . = ALIGN (0x4)
                0x00000000004953e0                __acfls_code_rom_start = .
 *(.acfls_code_rom)
 .acfls_code_rom
                0x00000000004953e0       0x74 ./RTD/src/Clock_Ip_Specific.o
                0x00000000004953e0                Clock_Ip_PRAMCSetRamIWS
                0x0000000000495454                . = ALIGN (0x4)
                0x0000000000495454                __acfls_code_rom_end = .
                0x0000000000495454                __acmem_43_infls_code_rom_start = .
 *(.acmem_43_infls_code_rom)
 .acmem_43_infls_code_rom
                0x0000000000495454       0xa4 ./RTD/src/C40_Ip_Ac.o
                0x0000000000495454                C40_Ip_AccessCode
                0x00000000004954f8                . = ALIGN (0x4)
                0x00000000004954f8                __acmem_43_infls_code_rom_end = .
 *(.init)
                0x00000000004954f8                . = ALIGN (0x4)
 *(.fini)
                0x00000000004954f8                . = ALIGN (0x4)
 *(.rodata)
 .rodata        0x00000000004954f8        0x4 ./RTD/src/Siul2_Port_Ip.o
                0x00000000004954f8                Port_au32Siul2BaseAddr
 .rodata        0x00000000004954fc       0x80 ./src/HSE_AppSmrProvision.o
 .rodata        0x000000000049557c       0x1e ./src/HSE_FlashStorage_Example.o
 *fill*         0x000000000049559a        0x2 
 .rodata        0x000000000049559c       0x10 ./src/HSE_Mac_Ecc_Example.o
 .rodata        0x00000000004955ac       0x28 ./src/HSE_Main.o
 .rodata        0x00000000004955d4       0x10 ./src/HSE_SecureBoot.o
 *(.rodata*)
                0x00000000004955e4                . = ALIGN (0x4)
 *(.mcal_const_cfg)
 .mcal_const_cfg
                0x00000000004955e4      0x300 ./board/Siul2_Port_Ip_Cfg.o
                0x00000000004955e4                g_pin_mux_InitConfigArr_PortContainer_0_BOARD_InitPeripherals
 .mcal_const_cfg
                0x00000000004958e4        0x8 ./generate/src/C40_Ip_Cfg.o
                0x00000000004958e4                C40_Ip_InitCfg
 .mcal_const_cfg
                0x00000000004958ec      0x41c ./generate/src/Clock_Ip_Cfg.o
                0x0000000000495cc0                Clock_Ip_aClockConfig
 .mcal_const_cfg
                0x0000000000495d08       0x14 ./generate/src/IntCtrl_Ip_Cfg.o
                0x0000000000495d14                IntCtrlConfig_0
                0x0000000000495d1c                . = ALIGN (0x4)
 *(.mcal_const)
 .mcal_const    0x0000000000495d1c        0x8 ./RTD/src/C40_Ip.o
                0x0000000000495d1c                C40_Ip_pFlashBaseAddress
 .mcal_const    0x0000000000495d24      0xf14 ./RTD/src/Clock_Ip_Data.o
                0x0000000000495d24                Clock_Ip_au8DividerCallbackIndex
                0x0000000000495d30                Clock_Ip_au8DividerTriggerCallbackIndex
                0x0000000000495d3c                Clock_Ip_au8XoscCallbackIndex
                0x0000000000495d48                Clock_Ip_au8IrcoscCallbackIndex
                0x0000000000495d54                Clock_Ip_au8GateCallbackIndex
                0x0000000000495d60                Clock_Ip_au8FractionalDividerCallbackIndex
                0x0000000000495d6c                Clock_Ip_au8PllCallbackIndex
                0x0000000000495d78                Clock_Ip_au8SelectorCallbackIndex
                0x0000000000495d84                Clock_Ip_au8PcfsCallbackIndex
                0x0000000000495d90                Clock_Ip_au8CmuCallbackIndex
                0x0000000000495d9c                Clock_Ip_au8ClockFeatures
                0x00000000004960ac                Clock_Ip_au8SoftwareMuxResetValue
                0x0000000000496104                Clock_Ip_au16SelectorEntryHardwareValue
                0x0000000000496128                Clock_Ip_au16SelectorEntryRtcHardwareValue
                0x000000000049614c                Clock_Ip_apxCgm
                0x00000000004961a0                Clock_Ip_apxCgmPcfs
                0x00000000004961a4                Clock_Ip_apxXosc
                0x00000000004961ac                Clock_Ip_apxPll
                0x00000000004961bc                Clock_Ip_apxCmu
                0x00000000004961d8                Clock_Ip_aeCmuNames
                0x00000000004961f4                Clock_Ip_axCmuInfo
                0x0000000000496280                Clock_Ip_apxMcMeSetPartitions
                0x0000000000496290                Clock_Ip_apxMcMeGetPartitions
                0x00000000004962a0                Clock_Ip_apxMcMeTriggerPartitions
                0x00000000004962b0                Clock_Ip_aeSourceTypeClockName
                0x00000000004962f8                Clock_Ip_aeHwPllName
                0x00000000004962fc                Clock_Ip_aeHwDfsName
                0x0000000000496300                Clock_Ip_axFeatureExtensions
                0x0000000000496550                Clock_Ip_axGateInfo
 .mcal_const    0x0000000000496c38       0x14 ./RTD/src/Clock_Ip_Divider.o
                0x0000000000496c38                Clock_Ip_axDividerCallbacks
 .mcal_const    0x0000000000496c4c       0x10 ./RTD/src/Clock_Ip_DividerTrigger.o
                0x0000000000496c4c                Clock_Ip_axDividerTriggerCallbacks
 .mcal_const    0x0000000000496c5c       0x30 ./RTD/src/Clock_Ip_ExtOsc.o
                0x0000000000496c5c                Clock_Ip_axExtOscCallbacks
 .mcal_const    0x0000000000496c8c        0xc ./RTD/src/Clock_Ip_FracDiv.o
                0x0000000000496c8c                Clock_Ip_axFracDivCallbacks
 .mcal_const    0x0000000000496c98       0x10 ./RTD/src/Clock_Ip_Gate.o
                0x0000000000496c98                Clock_Ip_axGateCallbacks
 .mcal_const    0x0000000000496ca8       0x30 ./RTD/src/Clock_Ip_IntOsc.o
                0x0000000000496ca8                Clock_Ip_axIntOscCallbacks
 .mcal_const    0x0000000000496cd8       0x20 ./RTD/src/Clock_Ip_Monitor.o
                0x0000000000496cd8                Clock_Ip_axCmuCallbacks
 .mcal_const    0x0000000000496cf8       0x28 ./RTD/src/Clock_Ip_Pll.o
                0x0000000000496cf8                Clock_Ip_axPllCallbacks
 .mcal_const    0x0000000000496d20       0x28 ./RTD/src/Clock_Ip_ProgFreqSwitch.o
                0x0000000000496d40                Clock_Ip_axPcfsCallbacks
 .mcal_const    0x0000000000496d48       0x28 ./RTD/src/Clock_Ip_Selector.o
                0x0000000000496d48                Clock_Ip_axSelectorCallbacks
 .mcal_const    0x0000000000496d70        0x8 ./RTD/src/Hse_Ip.o
                0x0000000000496d78                . = ALIGN (0x4)
                0x0000000000496d78                __init_table = .
 *(.init_table)
 .init_table    0x0000000000496d78       0x4c ./Project_Settings/Startup_Code/startup_cm7.o
                0x0000000000496dc4                . = ALIGN (0x4)
                0x0000000000496dc4                __zero_table = .
 *(.zero_table)
 .zero_table    0x0000000000496dc4       0x1c ./Project_Settings/Startup_Code/startup_cm7.o

.ARM.extab      0x0000000000496de0        0x0
 .ARM.extab     0x0000000000496de0        0x0 c:/nxp/s32ds.3.6.7/s32ds/build_tools/gcc_v10.2/gcc-10.2-arm32-eabi/bin/../lib/gcc/arm-none-eabi/10.2.0/thumb/v7e-m+fp/hard\libgcc.a(_udivmoddi4.o)

.ARM.exidx      0x0000000000496de0        0x8
 .ARM.exidx     0x0000000000496de0        0x8 c:/nxp/s32ds.3.6.7/s32ds/build_tools/gcc_v10.2/gcc-10.2-arm32-eabi/bin/../lib/gcc/arm-none-eabi/10.2.0/thumb/v7e-m+fp/hard\libgcc.a(_udivmoddi4.o)

.glue_7         0x0000000000496de8        0x0
 .glue_7        0x0000000000496de8        0x0 linker stubs

.glue_7t        0x0000000000496de8        0x0
 .glue_7t       0x0000000000496de8        0x0 linker stubs

.vfp11_veneer   0x0000000000496de8        0x0
 .vfp11_veneer  0x0000000000496de8        0x0 linker stubs

.v4_bx          0x0000000000496de8        0x0
 .v4_bx         0x0000000000496de8        0x0 linker stubs

.iplt           0x0000000000496de8        0x0
 .iplt          0x0000000000496de8        0x0 ./Project_Settings/Startup_Code/Vector_Table.o

.rel.dyn        0x0000000000496de8        0x0
 .rel.iplt      0x0000000000496de8        0x0 ./Project_Settings/Startup_Code/Vector_Table.o
                0x0000000000496de8                . = ALIGN (0x4)
                0x0000000000496de8                __text_end = .
                0x0000000000496de8                __sram_data_rom = __text_end

.sram_bss       0x0000000020400000      0xea4
                0x0000000020400000                . = ALIGN (0x8)
                0x0000000020400000                __standby_ram_begin__ = .
 *(.standby_data)
                0x0000000020400000                . = ALIGN (0x8)
                0x0000000020400000                __standby_ram_end__ = .
                0x0000000020400000                . = ALIGN (0x10)
                0x0000000020400000                __sram_bss_start = .
 *(.bss)
 .bss           0x0000000020400000        0x0 ./Project_Settings/Startup_Code/Vector_Table.o
 .bss           0x0000000020400000        0x0 ./Project_Settings/Startup_Code/exceptions.o
 .bss           0x0000000020400000        0x0 ./Project_Settings/Startup_Code/nvic.o
 .bss           0x0000000020400000        0x0 ./Project_Settings/Startup_Code/startup.o
 .bss           0x0000000020400000        0x0 ./Project_Settings/Startup_Code/startup_cm7.o
 .bss           0x0000000020400000       0x80 ./Project_Settings/Startup_Code/system.o
                0x0000000020400000                rbar
                0x0000000020400040                rasr
 .bss           0x0000000020400080        0x0 ./RTD/src/C40_Ip.o
 .bss           0x0000000020400080        0x0 ./RTD/src/C40_Ip_Ac.o
 .bss           0x0000000020400080        0x0 ./RTD/src/Cache_Ip.o
 .bss           0x0000000020400080        0x0 ./RTD/src/Cache_Ip_HwAcc_ArmCoreMx.o
 .bss           0x0000000020400080        0x0 ./RTD/src/Clock_Ip.o
 .bss           0x0000000020400080        0x0 ./RTD/src/Clock_Ip_Data.o
 .bss           0x0000000020400080        0x0 ./RTD/src/Clock_Ip_Divider.o
 .bss           0x0000000020400080        0x0 ./RTD/src/Clock_Ip_DividerTrigger.o
 .bss           0x0000000020400080        0x0 ./RTD/src/Clock_Ip_ExtOsc.o
 .bss           0x0000000020400080        0x0 ./RTD/src/Clock_Ip_FracDiv.o
 .bss           0x0000000020400080        0x0 ./RTD/src/Clock_Ip_Frequency.o
 .bss           0x0000000020400080        0x0 ./RTD/src/Clock_Ip_Gate.o
 .bss           0x0000000020400080        0x0 ./RTD/src/Clock_Ip_IntOsc.o
 .bss           0x0000000020400080        0x0 ./RTD/src/Clock_Ip_Irq.o
 .bss           0x0000000020400080        0x0 ./RTD/src/Clock_Ip_Monitor.o
 .bss           0x0000000020400080        0x0 ./RTD/src/Clock_Ip_Pll.o
 .bss           0x0000000020400080        0x0 ./RTD/src/Clock_Ip_ProgFreqSwitch.o
 .bss           0x0000000020400080        0x0 ./RTD/src/Clock_Ip_Selector.o
 .bss           0x0000000020400080        0x0 ./RTD/src/Clock_Ip_Specific.o
 .bss           0x0000000020400080        0x0 ./RTD/src/Det.o
 .bss           0x0000000020400080        0x0 ./RTD/src/Det_stub.o
 .bss           0x0000000020400080        0x0 ./RTD/src/Hse_Ip.o
 .bss           0x0000000020400080        0x0 ./RTD/src/Hse_Ip_Semaphore.o
 .bss           0x0000000020400080        0x0 ./RTD/src/Igf_Port_Ip.o
 .bss           0x0000000020400080        0x0 ./RTD/src/IntCtrl_Ip.o
 .bss           0x0000000020400080        0x0 ./RTD/src/Mu_Ip_Irq.o
 .bss           0x0000000020400080        0x0 ./RTD/src/OsIf_Interrupts.o
 .bss           0x0000000020400080        0x0 ./RTD/src/OsIf_Software_Semaphore.o
 .bss           0x0000000020400080        0x0 ./RTD/src/OsIf_Timer.o
 .bss           0x0000000020400080        0x0 ./RTD/src/OsIf_Timer_System.o
 .bss           0x0000000020400080        0x0 ./RTD/src/OsIf_Timer_System_Internal_Systick.o
 .bss           0x0000000020400080        0x0 ./RTD/src/SchM_BaseNXP.o
 .bss           0x0000000020400080        0x0 ./RTD/src/SchM_Crypto_43_HSE.o
 .bss           0x0000000020400080        0x0 ./RTD/src/SchM_Dio.o
 .bss           0x0000000020400080        0x0 ./RTD/src/SchM_Mcl.o
 .bss           0x0000000020400080        0x0 ./RTD/src/SchM_Mcu.o
 .bss           0x0000000020400080        0x0 ./RTD/src/SchM_Mem_43_INFLS.o
 .bss           0x0000000020400080        0x0 ./RTD/src/SchM_Port.o
 .bss           0x0000000020400080        0x0 ./RTD/src/Siul2_Dio_Ip.o
 .bss           0x0000000020400080        0x0 ./RTD/src/Siul2_Port_Ip.o
 .bss           0x0000000020400080        0x0 ./RTD/src/Tspc_Port_Ip.o
 .bss           0x0000000020400080        0x0 ./board/Siul2_Port_Ip_Cfg.o
 .bss           0x0000000020400080        0x0 ./board/Tspc_Port_Ip_Cfg.o
 .bss           0x0000000020400080        0x0 ./generate/src/C40_Ip_Cfg.o
 .bss           0x0000000020400080        0x0 ./generate/src/Clock_Ip_Cfg.o
 .bss           0x0000000020400080        0x0 ./generate/src/Hse_Ip_Cfg.o
 .bss           0x0000000020400080        0x0 ./generate/src/Igf_Port_Ip_Cfg.o
 .bss           0x0000000020400080        0x0 ./generate/src/IntCtrl_Ip_Cfg.o
 .bss           0x0000000020400080        0x0 ./generate/src/OsIf_Cfg.o
 .bss           0x0000000020400080        0x0 ./src/APP_Main.o
 .bss           0x0000000020400080      0x260 ./src/HSE_AppSmrProvision.o
                0x0000000020400080                HSE_AppSmrVerifyKeyInfo
 .bss           0x00000000204002e0       0xe2 ./src/HSE_FlashStorage_Example.o
                0x00000000204002e0                HSE_Example_NvmKeyRoundTripMatch
                0x00000000204002e1                HSE_Example_GeneratedKeyRoundTripMatch
                0x00000000204002e2                HSE_Example_CtrIvGenerated
                0x00000000204002e3                HSE_Example_CtrRoundTripMatch
 *fill*         0x00000000204003c2        0x2 
 .bss           0x00000000204003c4      0x3f0 ./src/HSE_Mac_Ecc_Example.o
                0x00000000204003c4                HSE_Mac_Tag
                0x00000000204003d4                HSE_Mac_TagLength
                0x00000000204003d8                HSE_Mac_TagFromFlash
                0x00000000204003e8                HSE_Mac_FlashRoundTripVerified
                0x00000000204003ec                HSE_EccPublicKey
                0x000000002040042c                HSE_EccSignatureR
                0x000000002040044c                HSE_EccSignatureS
                0x000000002040046c                HSE_EccSignatureRLength
                0x0000000020400470                HSE_EccSignatureSLength
                0x0000000020400474                HSE_Ecc_FlashRoundTripVerified
 *fill*         0x00000000204007b4        0x4 
 .bss           0x00000000204007b8      0x39c ./src/HSE_Main.o
                0x0000000020400a94                HSE_AesKeyInfo
                0x0000000020400ac4                HSE_AesRoundTripMatch
                0x0000000020400ac8                HSE_NvmAesKeyInfo
                0x0000000020400af8                HSE_AesNvmRoundTripMatch
                0x0000000020400afc                HSE_GeneratedAesKeyInfo
                0x0000000020400b2c                HSE_AesGeneratedRoundTripMatch
 .bss           0x0000000020400b54      0x28c ./src/HSE_SecureBoot.o
                0x0000000020400b54                HSE_SecureBootTestDataVerified
                0x0000000020400b58                HSE_SmrVerifyKeyInfo
                0x0000000020400b68                HSE_SmrInstallTag
                0x0000000020400b78                HSE_SmrInstallTagLength
                0x0000000020400b7c                HSE_SecureBootNegativeControlPassed
 .bss           0x0000000020400de0        0x1 ./src/LED.o
                0x0000000020400de0                val
 .bss           0x0000000020400de1        0x0 ./src/main.o
 .bss           0x0000000020400de1        0x0 c:/nxp/s32ds.3.6.7/s32ds/build_tools/gcc_v10.2/gcc-10.2-arm32-eabi/bin/../lib/gcc/arm-none-eabi/10.2.0/../../../../arm-none-eabi/lib/thumb/v7e-m+fp/hard\libc_nano.a(lib_a-memcmp.o)
 .bss           0x0000000020400de1        0x0 c:/nxp/s32ds.3.6.7/s32ds/build_tools/gcc_v10.2/gcc-10.2-arm32-eabi/bin/../lib/gcc/arm-none-eabi/10.2.0/../../../../arm-none-eabi/lib/thumb/v7e-m+fp/hard\libc_nano.a(lib_a-memset.o)
 .bss           0x0000000020400de1        0x0 c:/nxp/s32ds.3.6.7/s32ds/build_tools/gcc_v10.2/gcc-10.2-arm32-eabi/bin/../lib/gcc/arm-none-eabi/10.2.0/../../../../arm-none-eabi/lib/thumb/v7e-m+fp/hard\libc_nano.a(lib_a-strlen.o)
 .bss           0x0000000020400de1        0x0 c:/nxp/s32ds.3.6.7/s32ds/build_tools/gcc_v10.2/gcc-10.2-arm32-eabi/bin/../lib/gcc/arm-none-eabi/10.2.0/thumb/v7e-m+fp/hard\libgcc.a(_aeabi_uldivmod.o)
 .bss           0x0000000020400de1        0x0 c:/nxp/s32ds.3.6.7/s32ds/build_tools/gcc_v10.2/gcc-10.2-arm32-eabi/bin/../lib/gcc/arm-none-eabi/10.2.0/thumb/v7e-m+fp/hard\libgcc.a(_udivmoddi4.o)
 .bss           0x0000000020400de1        0x0 c:/nxp/s32ds.3.6.7/s32ds/build_tools/gcc_v10.2/gcc-10.2-arm32-eabi/bin/../lib/gcc/arm-none-eabi/10.2.0/thumb/v7e-m+fp/hard\libgcc.a(_dvmd_tls.o)
 *(.bss*)
                0x0000000020400df0                . = ALIGN (0x10)
 *fill*         0x0000000020400de1        0xf 
 *(.mcal_bss)
 .mcal_bss      0x0000000020400df0        0x4 ./Project_Settings/Startup_Code/system.o
                0x0000000020400df0                RESET_CATCH_CORE
 .mcal_bss      0x0000000020400df4       0x18 ./RTD/src/C40_Ip.o
                0x0000000020400e08                C40_Ip_Instance
 .mcal_bss      0x0000000020400e0c       0x63 ./RTD/src/Clock_Ip.o
                0x0000000020400e14                Clock_Ip_pxConfig
                0x0000000020400e18                Clock_Ip_FreqIds
 *fill*         0x0000000020400e6f        0x1 
 .mcal_bss      0x0000000020400e70        0xc ./RTD/src/Clock_Ip_Monitor.o
 *fill*         0x0000000020400e7c        0x4 
 .mcal_bss      0x0000000020400e80        0x8 ./RTD/src/Clock_Ip_ProgFreqSwitch.o
 .mcal_bss      0x0000000020400e88        0x9 ./RTD/src/Clock_Ip_Specific.o
 *fill*         0x0000000020400e91        0x3 
 .mcal_bss      0x0000000020400e94        0x8 ./RTD/src/Hse_Ip.o
 .mcal_bss      0x0000000020400e9c        0x8 ./RTD/src/Siul2_Port_Ip.o
                0x0000000020400ea4                . = ALIGN (0x4)
                0x0000000020400ea4                __sram_bss_end = .

.sram_data      0x0000000020400ea4      0x23c load address 0x0000000000496de8
                0x0000000020400ea4                . = ALIGN (0x4)
                0x0000000020400ea4                __sram_data_begin__ = .
                0x0000000020400ea4                . = ALIGN (0x4)
 *(.ramcode)
 .ramcode       0x0000000020400ea4       0xf0 ./RTD/src/Clock_Ip_Specific.o
                0x0000000020400f94                . = ALIGN (0x4)
 *(.data)
 .data          0x0000000020400f94        0x0 ./Project_Settings/Startup_Code/Vector_Table.o
 .data          0x0000000020400f94        0x0 ./Project_Settings/Startup_Code/exceptions.o
 .data          0x0000000020400f94        0x0 ./Project_Settings/Startup_Code/nvic.o
 .data          0x0000000020400f94        0x0 ./Project_Settings/Startup_Code/startup.o
 .data          0x0000000020400f94        0x0 ./Project_Settings/Startup_Code/startup_cm7.o
 .data          0x0000000020400f94        0x0 ./Project_Settings/Startup_Code/system.o
 .data          0x0000000020400f94        0x0 ./RTD/src/C40_Ip.o
 .data          0x0000000020400f94        0x0 ./RTD/src/C40_Ip_Ac.o
 .data          0x0000000020400f94        0x0 ./RTD/src/Cache_Ip.o
 .data          0x0000000020400f94        0x0 ./RTD/src/Cache_Ip_HwAcc_ArmCoreMx.o
 .data          0x0000000020400f94        0x4 ./RTD/src/Clock_Ip.o
 .data          0x0000000020400f98        0x0 ./RTD/src/Clock_Ip_Data.o
 .data          0x0000000020400f98        0x0 ./RTD/src/Clock_Ip_Divider.o
 .data          0x0000000020400f98        0x0 ./RTD/src/Clock_Ip_DividerTrigger.o
 .data          0x0000000020400f98        0x0 ./RTD/src/Clock_Ip_ExtOsc.o
 .data          0x0000000020400f98        0x0 ./RTD/src/Clock_Ip_FracDiv.o
 .data          0x0000000020400f98        0x0 ./RTD/src/Clock_Ip_Frequency.o
 .data          0x0000000020400f98        0x0 ./RTD/src/Clock_Ip_Gate.o
 .data          0x0000000020400f98        0x0 ./RTD/src/Clock_Ip_IntOsc.o
 .data          0x0000000020400f98        0x0 ./RTD/src/Clock_Ip_Irq.o
 .data          0x0000000020400f98        0x0 ./RTD/src/Clock_Ip_Monitor.o
 .data          0x0000000020400f98        0x0 ./RTD/src/Clock_Ip_Pll.o
 .data          0x0000000020400f98        0x0 ./RTD/src/Clock_Ip_ProgFreqSwitch.o
 .data          0x0000000020400f98        0x0 ./RTD/src/Clock_Ip_Selector.o
 .data          0x0000000020400f98        0x0 ./RTD/src/Clock_Ip_Specific.o
 .data          0x0000000020400f98        0x0 ./RTD/src/Det.o
 .data          0x0000000020400f98        0x0 ./RTD/src/Det_stub.o
 .data          0x0000000020400f98        0x0 ./RTD/src/Hse_Ip.o
 .data          0x0000000020400f98        0x0 ./RTD/src/Hse_Ip_Semaphore.o
 .data          0x0000000020400f98        0x0 ./RTD/src/Igf_Port_Ip.o
 .data          0x0000000020400f98        0x0 ./RTD/src/IntCtrl_Ip.o
 .data          0x0000000020400f98        0x0 ./RTD/src/Mu_Ip_Irq.o
 .data          0x0000000020400f98        0x0 ./RTD/src/OsIf_Interrupts.o
 .data          0x0000000020400f98        0x0 ./RTD/src/OsIf_Software_Semaphore.o
 .data          0x0000000020400f98        0x0 ./RTD/src/OsIf_Timer.o
 .data          0x0000000020400f98        0x0 ./RTD/src/OsIf_Timer_System.o
 .data          0x0000000020400f98        0x0 ./RTD/src/OsIf_Timer_System_Internal_Systick.o
 .data          0x0000000020400f98        0x0 ./RTD/src/SchM_BaseNXP.o
 .data          0x0000000020400f98        0x0 ./RTD/src/SchM_Crypto_43_HSE.o
 .data          0x0000000020400f98        0x0 ./RTD/src/SchM_Dio.o
 .data          0x0000000020400f98        0x0 ./RTD/src/SchM_Mcl.o
 .data          0x0000000020400f98        0x0 ./RTD/src/SchM_Mcu.o
 .data          0x0000000020400f98        0x0 ./RTD/src/SchM_Mem_43_INFLS.o
 .data          0x0000000020400f98        0x0 ./RTD/src/SchM_Port.o
 .data          0x0000000020400f98        0x0 ./RTD/src/Siul2_Dio_Ip.o
 .data          0x0000000020400f98        0x0 ./RTD/src/Siul2_Port_Ip.o
 .data          0x0000000020400f98        0x0 ./RTD/src/Tspc_Port_Ip.o
 .data          0x0000000020400f98        0x0 ./board/Siul2_Port_Ip_Cfg.o
 .data          0x0000000020400f98        0x0 ./board/Tspc_Port_Ip_Cfg.o
 .data          0x0000000020400f98        0x0 ./generate/src/C40_Ip_Cfg.o
 .data          0x0000000020400f98        0x0 ./generate/src/Clock_Ip_Cfg.o
 .data          0x0000000020400f98        0x0 ./generate/src/Hse_Ip_Cfg.o
 .data          0x0000000020400f98        0x0 ./generate/src/Igf_Port_Ip_Cfg.o
 .data          0x0000000020400f98        0x0 ./generate/src/IntCtrl_Ip_Cfg.o
 .data          0x0000000020400f98        0x0 ./generate/src/OsIf_Cfg.o
 .data          0x0000000020400f98        0x0 ./src/APP_Main.o
 .data          0x0000000020400f98       0x10 ./src/HSE_AppSmrProvision.o
                0x0000000020400f98                HSE_AppSmr_GetVerifyKeyInfoResponse
                0x0000000020400f9c                HSE_AppSmr_ImportVerifyKeyResponse
                0x0000000020400fa0                HSE_AppSmr_InstallEntryResponse
                0x0000000020400fa4                HSE_AppSmr_VerifyEntryResponse
 .data          0x0000000020400fa8       0x40 ./src/HSE_FlashStorage_Example.o
                0x0000000020400fa8                HSE_Example_NvmKeyEncryptResponse
                0x0000000020400fac                HSE_Example_NvmKeyFlashWriteStatus
                0x0000000020400fb0                HSE_Example_NvmKeyFlashReadStatus
                0x0000000020400fb4                HSE_Example_NvmKeyDecryptResponse
                0x0000000020400fb8                HSE_Example_GeneratedKeyEncryptResponse
                0x0000000020400fbc                HSE_Example_GeneratedKeyFlashWriteStatus
                0x0000000020400fc0                HSE_Example_GeneratedKeyFlashReadStatus
                0x0000000020400fc4                HSE_Example_GeneratedKeyDecryptResponse
                0x0000000020400fc8                HSE_Example_CtrEncryptResponse
                0x0000000020400fcc                HSE_Example_CtrFlashWriteStatus
                0x0000000020400fd0                HSE_Example_CtrFlashReadStatus
                0x0000000020400fd4                HSE_Example_CtrDecryptResponse
 .data          0x0000000020400fe8       0x34 ./src/HSE_Mac_Ecc_Example.o
                0x0000000020400fe8                HSE_Mac_ImportKeyResponse
                0x0000000020400fec                HSE_Mac_GenerateTagResponse
                0x0000000020400ff0                HSE_Mac_VerifyTagResponse
                0x0000000020400ff4                HSE_Mac_FlashWriteStatus
                0x0000000020400ff8                HSE_Mac_FlashReadStatus
                0x0000000020400ffc                HSE_Mac_VerifyFromFlashResponse
                0x0000000020401000                HSE_Ecc_GenerateKeyPairResponse
                0x0000000020401004                HSE_Ecc_SignResponse
                0x0000000020401008                HSE_Ecc_VerifyResponse
                0x000000002040100c                HSE_Ecc_FlashWriteStatus
                0x0000000020401010                HSE_Ecc_FlashReadStatus
                0x0000000020401014                HSE_Ecc_ImportPubKeyFromFlashResponse
                0x0000000020401018                HSE_Ecc_VerifyFromFlashResponse
 .data          0x000000002040101c       0x8c ./src/HSE_Main.o
                0x000000002040101c                HSE_Status
                0x000000002040106c                HSE_FormatKeyCatalogsResponse
                0x0000000020401070                HSE_ImportKeyResponse
                0x0000000020401074                HSE_GetAesKeyInfoResponse
                0x0000000020401078                HSE_AesEncryptResponse
                0x000000002040107c                HSE_AesDecryptResponse
                0x0000000020401080                HSE_ImportNvmKeyResponse
                0x0000000020401084                HSE_GetNvmAesKeyInfoResponse
                0x0000000020401088                HSE_AesEncryptNvmResponse
                0x000000002040108c                HSE_AesDecryptNvmResponse
                0x0000000020401090                HSE_GenerateAesKeyResponse
                0x0000000020401094                HSE_GetGeneratedAesKeyInfoResponse
                0x0000000020401098                HSE_AesEncryptGeneratedResponse
                0x000000002040109c                HSE_AesDecryptGeneratedResponse
 .data          0x00000000204010a8       0x28 ./src/HSE_SecureBoot.o
                0x00000000204010a8                HSE_SecureBootTestDataWriteStatus
                0x00000000204010ac                HSE_ImportSmrSignKeyRamResponse
                0x00000000204010b0                HSE_ImportSmrVerifyKeyNvmResponse
                0x00000000204010b4                HSE_GetSmrVerifyKeyInfoResponse
                0x00000000204010b8                HSE_ComputeSmrInstallTagResponse
                0x00000000204010bc                HSE_EraseSmrSignKeyRamResponse
                0x00000000204010c0                HSE_InstallSmrEntryResponse
                0x00000000204010c4                HSE_VerifySmrEntryResponse
                0x00000000204010c8                HSE_SecureBootCorruptTestDataStatus
                0x00000000204010cc                HSE_VerifySmrEntryAfterCorruptionResponse
 .data          0x00000000204010d0        0x0 ./src/LED.o
 .data          0x00000000204010d0        0x0 ./src/main.o
 .data          0x00000000204010d0        0x0 c:/nxp/s32ds.3.6.7/s32ds/build_tools/gcc_v10.2/gcc-10.2-arm32-eabi/bin/../lib/gcc/arm-none-eabi/10.2.0/../../../../arm-none-eabi/lib/thumb/v7e-m+fp/hard\libc_nano.a(lib_a-memcmp.o)
 .data          0x00000000204010d0        0x0 c:/nxp/s32ds.3.6.7/s32ds/build_tools/gcc_v10.2/gcc-10.2-arm32-eabi/bin/../lib/gcc/arm-none-eabi/10.2.0/../../../../arm-none-eabi/lib/thumb/v7e-m+fp/hard\libc_nano.a(lib_a-memset.o)
 .data          0x00000000204010d0        0x0 c:/nxp/s32ds.3.6.7/s32ds/build_tools/gcc_v10.2/gcc-10.2-arm32-eabi/bin/../lib/gcc/arm-none-eabi/10.2.0/../../../../arm-none-eabi/lib/thumb/v7e-m+fp/hard\libc_nano.a(lib_a-strlen.o)
 .data          0x00000000204010d0        0x0 c:/nxp/s32ds.3.6.7/s32ds/build_tools/gcc_v10.2/gcc-10.2-arm32-eabi/bin/../lib/gcc/arm-none-eabi/10.2.0/thumb/v7e-m+fp/hard\libgcc.a(_aeabi_uldivmod.o)
 .data          0x00000000204010d0        0x0 c:/nxp/s32ds.3.6.7/s32ds/build_tools/gcc_v10.2/gcc-10.2-arm32-eabi/bin/../lib/gcc/arm-none-eabi/10.2.0/thumb/v7e-m+fp/hard\libgcc.a(_udivmoddi4.o)
 .data          0x00000000204010d0        0x0 c:/nxp/s32ds.3.6.7/s32ds/build_tools/gcc_v10.2/gcc-10.2-arm32-eabi/bin/../lib/gcc/arm-none-eabi/10.2.0/thumb/v7e-m+fp/hard\libgcc.a(_dvmd_tls.o)
 *(.data*)
                0x00000000204010d0                . = ALIGN (0x4)
 *(.mcal_data)
 .mcal_data     0x00000000204010d0        0x8 ./RTD/src/C40_Ip.o
 .mcal_data     0x00000000204010d8        0x4 ./RTD/src/Clock_Ip_Specific.o
 .mcal_data     0x00000000204010dc        0x4 ./RTD/src/Siul2_Dio_Ip.o
                0x00000000204010dc                Siul2_Dio_Ip_au32BaseAdresses
                0x00000000204010e0                . = ALIGN (0x4)
                0x00000000204010e0                __sram_data_end__ = .
                0x0000000000497024                __sram_data_rom_end = (__sram_data_rom + (__sram_data_end__ - __sram_data_begin__))

.heap           0x00000000204010e0      0x200 load address 0x0000000000497024
                0x0000000000000000                . = (. + ALIGN (0x4))
                0x00000000204010e0                _end = .
                0x00000000204010e0                end = .
                0x00000000204010e0                _heap_start = .
                0x0000000000000200                . = (. + HEAP_SIZE)
 *fill*         0x00000000204010e0      0x200 
                0x00000000204012e0                _heap_end = .

.acfls_code_ram
                0x0000000020407f00        0x0
                0x0000000020407f00                __acfls_code_ram_start = .
 *(.acfls_code_ram)
                0x0000000020407f00                __acfls_code_ram_end = .
                0x0000000020407f00                __acmem_43_infls_code_ram_start = .
 *(.acmem_43_infls_code_ram)
                0x0000000020407f00                __acmem_43_infls_code_ram_end = .
                0x0000000000497024                __non_cacheable_data_rom = __sram_data_rom_end

.non_cacheable_data
                0x0000000020408000        0x4 load address 0x0000000000497024
                0x0000000020408000                . = ALIGN (0x4)
                0x0000000020408000                __non_cacheable_data_start__ = .
 *(.mcal_data_no_cacheable)
                0x0000000020408000                . = ALIGN (0x4)
 *(.mcal_const_no_cacheable)
                0x0000000020408000                . = ALIGN (0x4)
                0x0000000020408000                HSE_LOOP_ADDR = .
                0x0000000020408000        0x4 LONG 0x0
                0x0000000020408004                __non_cacheable_data_end__ = .
                0x0000000000497028                __non_cacheable_data_rom_end = (__non_cacheable_data_rom + (__non_cacheable_data_end__ - __non_cacheable_data_start__))

.igot.plt       0x0000000020408004        0x0 load address 0x0000000000497028
 .igot.plt      0x0000000020408004        0x0 ./Project_Settings/Startup_Code/Vector_Table.o

.non_cacheable_bss
                0x0000000020408004     0x164c load address 0x0000000000497028
                0x0000000020408010                . = ALIGN (0x10)
 *fill*         0x0000000020408004        0xc 
                0x0000000020408010                __non_cacheable_bss_start = .
 *(.mcal_bss_no_cacheable)
 .mcal_bss_no_cacheable
                0x0000000020408010      0x7a0 ./RTD/src/Det.o
                0x0000000020408010                Det_InstanceId
                0x0000000020408038                Det_ApiId
                0x0000000020408060                Det_ErrorId
                0x0000000020408088                Det_RuntimeInstanceId
                0x00000000204080b0                Det_RuntimeApiId
                0x00000000204080d8                Det_RuntimeErrorId
                0x0000000020408100                Det_TransientInstanceId
                0x0000000020408128                Det_TransientApiId
                0x0000000020408150                Det_TransientFaultId
                0x0000000020408178                Det_TransientModuleId
                0x00000000204081c8                Det_ModuleId
                0x0000000020408218                Det_RuntimeModuleId
                0x0000000020408268                Det_numEventErrors
                0x0000000020408288                Det_numRuntimeEventErrors
                0x00000000204082a8                Det_numTransientEventErrors
                0x00000000204082c8                Det_NextIdxList
                0x0000000020408318                Det_Head
                0x0000000020408328                Det_Tail
                0x0000000020408338                Det_Transient_NextIdxList
                0x0000000020408388                Det_Transient_Head
                0x0000000020408398                Det_Transient_Tail
                0x00000000204083a8                Det_Runtime_NextIdxList
                0x00000000204083f8                Det_Runtime_Head
                0x0000000020408408                Det_Runtime_Tail
                0x0000000020408418                Det_aErrorState
                0x0000000020408538                Det_aRuntimeErrorState
                0x0000000020408658                Det_aTransientErrorState
                0x0000000020408778                Det_ModuleState
                0x0000000020408798                Det_OverflowErrorFlag
                0x00000000204087a0                Det_OverflowRuntimeErrorFlag
                0x00000000204087a8                Det_OverflowTransientErrorFlag
 .mcal_bss_no_cacheable
                0x00000000204087b0       0x40 ./RTD/src/SchM_BaseNXP.o
 .mcal_bss_no_cacheable
                0x00000000204087f0      0x100 ./RTD/src/SchM_Crypto_43_HSE.o
 .mcal_bss_no_cacheable
                0x00000000204088f0       0x40 ./RTD/src/SchM_Dio.o
 .mcal_bss_no_cacheable
                0x0000000020408930      0x600 ./RTD/src/SchM_Mcl.o
 .mcal_bss_no_cacheable
                0x0000000020408f30       0x60 ./RTD/src/SchM_Mcu.o
 .mcal_bss_no_cacheable
                0x0000000020408f90      0x340 ./RTD/src/SchM_Mem_43_INFLS.o
 .mcal_bss_no_cacheable
                0x00000000204092d0      0x380 ./RTD/src/SchM_Port.o
                0x0000000020409650                . = ALIGN (0x4)
                0x0000000020409650                __non_cacheable_bss_end = .

.int_results    0x000000002040ff00      0x100
                0x000000002040ff00                . = ALIGN (0x4)
 *(.int_results)
                0x0000000020410000                . = (. + 0x100)
 *fill*         0x000000002040ff00      0x100 
                0x0000000000497028                __shareable_data_rom = __non_cacheable_data_rom_end

.shareable_data
                0x0000000020410000        0x0 load address 0x0000000000497028
                0x0000000020410000                . = ALIGN (0x4)
                0x0000000020410000                __shareable_data_start__ = .
 *(.mcal_shared_data)
                0x0000000020410000                . = ALIGN (0x4)
                0x0000000020410000                __shareable_data_end__ = .
                0x0000000000497028                __shareable_data_rom_end = (__shareable_data_rom + (__shareable_data_end__ - __shareable_data_start__))

.int_vector     0x0000000020000000      0x408
                0x0000000020000000                . = ALIGN (0x800)
                0x0000000020000000                __interrupts_ram_start = .
                0x0000000020000408                . = (. + (__interrupts_init_end - __interrupts_init_start))
 *fill*         0x0000000020000000      0x408 
                0x0000000020000408                . = ALIGN (0x4)
                0x0000000020000408                __interrupts_ram_end = .
                0x0000000000497028                __tcm_data_rom = __shareable_data_rom_end

.data_tcm_data  0x0000000020000408        0x0 load address 0x0000000000497028
                0x0000000020000408                . = ALIGN (0x4)
                0x0000000020000408                __dtcm_data_start__ = .
 *(.dtcm_data*)
                0x0000000020000408                . = ALIGN (0x4)
                0x0000000020000408                __dtcm_data_end__ = .
                0x0000000000497028                __tcm_data_rom_end = (__tcm_data_rom + (__dtcm_data_end__ - __dtcm_data_start__))

.bss_tcm_data   0x0000000020000408        0x0
                0x0000000020000408                . = ALIGN (0x4)
                0x0000000020000408                __dtcm_bss_start__ = .
 *(.dtcm_bss*)
                0x0000000020000408                . = ALIGN (0x4)
                0x0000000020000408                __dtcm_bss_end__ = .
                0x0000000000497028                __tcm_code_rom_start = __tcm_data_rom_end

.itcm_text      0x0000000000000000        0x0 load address 0x0000000000497028
                0x0000000000000000                . = ALIGN (0x4)
                0x0000000000000000                __itcm_start__ = .
 *(.itcm_text*)
                0x0000000000000000                . = ALIGN (0x4)
                0x0000000000000000                __itcm_end__ = .
                0x0000000000497028                __tcm_code_rom_end = (__tcm_code_rom_start + (__itcm_end__ - __itcm_start__))

.shareable_bss  0x0000000020410000        0x0
                0x0000000020410000                . = ALIGN (0x10)
                0x0000000020410000                __shareable_bss_start = .
 *(.mcal_shared_bss)
                0x0000000020410000                . = ALIGN (0x4)
                0x0000000020410000                __shareable_bss_end = .
                0x000000002000f000                __Stack_dtcm_end = ORIGIN (int_stack_dtcm)
                0x0000000020010000                __Stack_dtcm_start = (ORIGIN (int_stack_dtcm) + LENGTH (int_stack_dtcm))
                0x0000000020400000                __INT_SRAM_START = ORIGIN (int_sram)
                0x0000000020418000                __INT_SRAM_END = ORIGIN (ram_rsvd2)
                0x0000000000000000                __INT_ITCM_START = ORIGIN (int_itcm)
                0x0000000000008000                __INT_ITCM_END = (ORIGIN (int_itcm) + LENGTH (int_itcm))
                0x0000000020000000                __INT_DTCM_START = ORIGIN (int_dtcm)
                0x0000000020010000                __INT_DTCM_END = ((ORIGIN (int_dtcm) + LENGTH (int_dtcm)) + LENGTH (int_stack_dtcm))
                0x0000000020410000                __RAM_SHAREABLE_START = __shareable_data_start__
                0x000000000000000f                __RAM_SHAREABLE_SIZE = 0xf
                0x0000000000497028                __ROM_SHAREABLE_START = __shareable_data_rom
                0x0000000000497028                __ROM_SHAREABLE_END = __shareable_data_rom_end
                0x0000000020408000                __RAM_NO_CACHEABLE_START = __non_cacheable_data_start__
                0x000000000000000f                __RAM_NO_CACHEABLE_SIZE = 0xf
                0x0000000000497024                __ROM_NO_CACHEABLE_START = __non_cacheable_data_rom
                0x0000000000497028                __ROM_NO_CACHEABLE_END = __non_cacheable_data_rom_end
                0x0000000020400ea4                __RAM_CACHEABLE_START = __sram_data_begin__
                0x000000000000000f                __RAM_CACHEABLE_SIZE = 0xf
                0x0000000000496de8                __ROM_CACHEABLE_START = __sram_data_rom
                0x0000000000497024                __ROM_CACHEABLE_END = __sram_data_rom_end
                0x0000000000482000                __ROM_CODE_START = ORIGIN (int_pflash)
                0x0000000010000000                __ROM_DATA_START = ORIGIN (int_dflash)
                0x0000000020400000                __BSS_SRAM_START = __sram_bss_start
                0x0000000020400ea4                __BSS_SRAM_END = __sram_bss_end
                0x0000000000000ea4                __BSS_SRAM_SIZE = (__sram_bss_end - __sram_bss_start)
                0x0000000020408010                __BSS_SRAM_NC_START = __non_cacheable_bss_start
                0x0000000000001640                __BSS_SRAM_NC_SIZE = (__non_cacheable_bss_end - __non_cacheable_bss_start)
                0x0000000020409650                __BSS_SRAM_NC_END = __non_cacheable_bss_end
                0x0000000020410000                __BSS_SRAM_SH_START = __shareable_bss_start