Archive member included to satisfy reference by file (symbol)

c:/nxp/s32ds.3.6.7/s32ds/build_tools/gcc_v10.2/gcc-10.2-arm32-eabi/bin/../lib/gcc/arm-none-eabi/10.2.0/../../../../arm-none-eabi/lib/thumb/v7e-m+fp/hard\libc_nano.a(lib_a-memcmp.o)
                              ./src/HSE_FlashStorage_Example.o (memcmp)
c:/nxp/s32ds.3.6.7/s32ds/build_tools/gcc_v10.2/gcc-10.2-arm32-eabi/bin/../lib/gcc/arm-none-eabi/10.2.0/../../../../arm-none-eabi/lib/thumb/v7e-m+fp/hard\libc_nano.a(lib_a-memset.o)
                              ./src/HSE_Mac_Ecc_Example.o (memset)
c:/nxp/s32ds.3.6.7/s32ds/build_tools/gcc_v10.2/gcc-10.2-arm32-eabi/bin/../lib/gcc/arm-none-eabi/10.2.0/../../../../arm-none-eabi/lib/thumb/v7e-m+fp/hard\libc_nano.a(lib_a-strlen.o)
                              ./src/HSE_Main.o (strlen)
c:/nxp/s32ds.3.6.7/s32ds/build_tools/gcc_v10.2/gcc-10.2-arm32-eabi/bin/../lib/gcc/arm-none-eabi/10.2.0/thumb/v7e-m+fp/hard\libgcc.a(_aeabi_uldivmod.o)
                              ./RTD/src/Clock_Ip_Monitor.o (__aeabi_uldivmod)
c:/nxp/s32ds.3.6.7/s32ds/build_tools/gcc_v10.2/gcc-10.2-arm32-eabi/bin/../lib/gcc/arm-none-eabi/10.2.0/thumb/v7e-m+fp/hard\libgcc.a(_udivmoddi4.o)
                              c:/nxp/s32ds.3.6.7/s32ds/build_tools/gcc_v10.2/gcc-10.2-arm32-eabi/bin/../lib/gcc/arm-none-eabi/10.2.0/thumb/v7e-m+fp/hard\libgcc.a(_aeabi_uldivmod.o) (__udivmoddi4)
c:/nxp/s32ds.3.6.7/s32ds/build_tools/gcc_v10.2/gcc-10.2-arm32-eabi/bin/../lib/gcc/arm-none-eabi/10.2.0/thumb/v7e-m+fp/hard\libgcc.a(_dvmd_tls.o)
                              c:/nxp/s32ds.3.6.7/s32ds/build_tools/gcc_v10.2/gcc-10.2-arm32-eabi/bin/../lib/gcc/arm-none-eabi/10.2.0/thumb/v7e-m+fp/hard\libgcc.a(_aeabi_uldivmod.o) (__aeabi_ldiv0)

Discarded input sections

 .group         0x0000000000000000        0xc ./Project_Settings/Startup_Code/exceptions.o
 .group         0x0000000000000000        0xc ./Project_Settings/Startup_Code/exceptions.o
 .group         0x0000000000000000        0xc ./Project_Settings/Startup_Code/exceptions.o
 .group         0x0000000000000000        0xc ./Project_Settings/Startup_Code/exceptions.o
 .group         0x0000000000000000        0xc ./Project_Settings/Startup_Code/exceptions.o
 .group         0x0000000000000000        0xc ./Project_Settings/Startup_Code/exceptions.o
 .group         0x0000000000000000        0xc ./Project_Settings/Startup_Code/exceptions.o
 .group         0x0000000000000000        0xc ./Project_Settings/Startup_Code/exceptions.o
 .group         0x0000000000000000        0xc ./Project_Settings/Startup_Code/exceptions.o
 .group         0x0000000000000000        0xc ./Project_Settings/Startup_Code/exceptions.o
 .group         0x0000000000000000        0xc ./Project_Settings/Startup_Code/exceptions.o
 .group         0x0000000000000000        0xc ./Project_Settings/Startup_Code/exceptions.o
 .group         0x0000000000000000        0xc ./Project_Settings/Startup_Code/exceptions.o
 .group         0x0000000000000000        0xc ./Project_Settings/Startup_Code/exceptions.o
 .group         0x0000000000000000        0xc ./Project_Settings/Startup_Code/exceptions.o
 .group         0x0000000000000000        0xc ./Project_Settings/Startup_Code/exceptions.o
 .group         0x0000000000000000        0xc ./Project_Settings/Startup_Code/exceptions.o
 .group         0x0000000000000000        0xc ./Project_Settings/Startup_Code/exceptions.o
 .group         0x0000000000000000        0xc ./Project_Settings/Startup_Code/exceptions.o
 .group         0x0000000000000000        0xc ./Project_Settings/Startup_Code/exceptions.o
 .group         0x0000000000000000        0xc ./Project_Settings/Startup_Code/exceptions.o
 .group         0x0000000000000000        0xc ./Project_Settings/Startup_Code/exceptions.o
 .group         0x0000000000000000        0xc ./Project_Settings/Startup_Code/exceptions.o
 .group         0x0000000000000000        0xc ./Project_Settings/Startup_Code/exceptions.o
 .group         0x0000000000000000        0xc ./Project_Settings/Startup_Code/exceptions.o
 .group         0x0000000000000000        0xc ./Project_Settings/Startup_Code/exceptions.o
 .group         0x0000000000000000        0xc ./Project_Settings/Startup_Code/exceptions.o
 .group         0x0000000000000000        0xc ./Project_Settings/Startup_Code/exceptions.o
 .group         0x0000000000000000        0xc ./Project_Settings/Startup_Code/exceptions.o
 .group         0x0000000000000000        0xc ./Project_Settings/Startup_Code/exceptions.o
 .group         0x0000000000000000        0xc ./Project_Settings/Startup_Code/nvic.o
 .group         0x0000000000000000        0xc ./Project_Settings/Startup_Code/nvic.o
 .group         0x0000000000000000        0xc ./Project_Settings/Startup_Code/nvic.o
 .group         0x0000000000000000        0xc ./Project_Settings/Startup_Code/nvic.o
 .group         0x0000000000000000        0xc ./Project_Settings/Startup_Code/nvic.o
 .group         0x0000000000000000        0xc ./Project_Settings/Startup_Code/nvic.o
[...]
Memory Configuration

Name             Origin             Length             Attributes
int_pflash       0x0000000000482000 0x0000000000080000
int_dflash       0x0000000010000000 0x0000000000016000
int_itcm         0x0000000000000000 0x0000000000008000
int_dtcm         0x0000000020000000 0x000000000000f000
int_stack_dtcm   0x000000002000f000 0x0000000000001000
int_sram         0x0000000020400000 0x0000000000007f00
int_sram_fls_rsv 0x0000000020407f00 0x0000000000000100
int_sram_no_cacheable 0x0000000020408000 0x0000000000007f00
int_sram_results 0x000000002040ff00 0x0000000000000100
int_sram_shareable 0x0000000020410000 0x0000000000008000
ram_rsvd2        0x0000000020418000 0x0000000000000000
*default*        0x0000000000000000 0xffffffffffffffff

Linker script and memory map

LOAD ./Project_Settings/Startup_Code/Vector_Table.o
LOAD ./Project_Settings/Startup_Code/exceptions.o
LOAD ./Project_Settings/Startup_Code/nvic.o
LOAD ./Project_Settings/Startup_Code/startup.o
LOAD ./Project_Settings/Startup_Code/startup_cm7.o
LOAD ./Project_Settings/Startup_Code/system.o
LOAD ./RTD/src/C40_Ip.o
LOAD ./RTD/src/C40_Ip_Ac.o
LOAD ./RTD/src/Cache_Ip.o
LOAD ./RTD/src/Cache_Ip_HwAcc_ArmCoreMx.o
LOAD ./RTD/src/Clock_Ip.o
LOAD ./RTD/src/Clock_Ip_Data.o
LOAD ./RTD/src/Clock_Ip_Divider.o
LOAD ./RTD/src/Clock_Ip_DividerTrigger.o
LOAD ./RTD/src/Clock_Ip_ExtOsc.o
LOAD ./RTD/src/Clock_Ip_FracDiv.o
LOAD ./RTD/src/Clock_Ip_Frequency.o
LOAD ./RTD/src/Clock_Ip_Gate.o
LOAD ./RTD/src/Clock_Ip_IntOsc.o
LOAD ./RTD/src/Clock_Ip_Irq.o
LOAD ./RTD/src/Clock_Ip_Monitor.o
LOAD ./RTD/src/Clock_Ip_Pll.o
LOAD ./RTD/src/Clock_Ip_ProgFreqSwitch.o
LOAD ./RTD/src/Clock_Ip_Selector.o
LOAD ./RTD/src/Clock_Ip_Specific.o
LOAD ./RTD/src/Det.o
LOAD ./RTD/src/Det_stub.o
LOAD ./RTD/src/Hse_Ip.o
LOAD ./RTD/src/Hse_Ip_Semaphore.o
LOAD ./RTD/src/Igf_Port_Ip.o
LOAD ./RTD/src/IntCtrl_Ip.o
LOAD ./RTD/src/Mu_Ip_Irq.o
LOAD ./RTD/src/OsIf_Interrupts.o
LOAD ./RTD/src/OsIf_Software_Semaphore.o
LOAD ./RTD/src/OsIf_Timer.o
LOAD ./RTD/src/OsIf_Timer_System.o
LOAD ./RTD/src/OsIf_Timer_System_Internal_Systick.o
LOAD ./RTD/src/SchM_BaseNXP.o
LOAD ./RTD/src/SchM_Crypto_43_HSE.o
LOAD ./RTD/src/SchM_Dio.o
LOAD ./RTD/src/SchM_Mcl.o
LOAD ./RTD/src/SchM_Mcu.o
LOAD ./RTD/src/SchM_Mem_43_INFLS.o
LOAD ./RTD/src/SchM_Port.o
LOAD ./RTD/src/Siul2_Dio_Ip.o
LOAD ./RTD/src/Siul2_Port_Ip.o
LOAD ./RTD/src/Tspc_Port_Ip.o
LOAD ./board/Siul2_Port_Ip_Cfg.o
LOAD ./board/Tspc_Port_Ip_Cfg.o
LOAD ./generate/src/C40_Ip_Cfg.o
LOAD ./generate/src/Clock_Ip_Cfg.o
LOAD ./generate/src/Hse_Ip_Cfg.o
LOAD ./generate/src/Igf_Port_Ip_Cfg.o
LOAD ./generate/src/IntCtrl_Ip_Cfg.o
LOAD ./generate/src/OsIf_Cfg.o
LOAD ./src/APP_Main.o
LOAD ./src/HSE_FlashStorage_Example.o
LOAD ./src/HSE_Mac_Ecc_Example.o
LOAD ./src/HSE_Main.o
LOAD ./src/HSE_SecureBoot.o
LOAD ./src/LED.o
LOAD ./src/main.o
LOAD c:/nxp/s32ds.3.6.7/s32ds/build_tools/gcc_v10.2/gcc-10.2-arm32-eabi/bin/../lib/gcc/arm-none-eabi/10.2.0/../../../../arm-none-eabi/lib/thumb/v7e-m+fp/hard\libc_nano.a
LOAD c:/nxp/s32ds.3.6.7/s32ds/build_tools/gcc_v10.2/gcc-10.2-arm32-eabi/bin/../lib/gcc/arm-none-eabi/10.2.0/../../../../arm-none-eabi/lib/thumb/v7e-m+fp/hard\libm.a
LOAD c:/nxp/s32ds.3.6.7/s32ds/build_tools/gcc_v10.2/gcc-10.2-arm32-eabi/bin/../lib/gcc/arm-none-eabi/10.2.0/thumb/v7e-m+fp/hard\libgcc.a
START GROUP
LOAD c:/nxp/s32ds.3.6.7/s32ds/build_tools/gcc_v10.2/gcc-10.2-arm32-eabi/bin/../lib/gcc/arm-none-eabi/10.2.0/thumb/v7e-m+fp/hard\libgcc.a
LOAD c:/nxp/s32ds.3.6.7/s32ds/build_tools/gcc_v10.2/gcc-10.2-arm32-eabi/bin/../lib/gcc/arm-none-eabi/10.2.0/../../../../arm-none-eabi/lib/thumb/v7e-m+fp/hard\libg_nano.a
LOAD c:/nxp/s32ds.3.6.7/s32ds/build_tools/gcc_v10.2/gcc-10.2-arm32-eabi/bin/../lib/gcc/arm-none-eabi/10.2.0/../../../../arm-none-eabi/lib/thumb/v7e-m+fp/hard\libc_nano.a
END GROUP
START GROUP
LOAD c:/nxp/s32ds.3.6.7/s32ds/build_tools/gcc_v10.2/gcc-10.2-arm32-eabi/bin/../lib/gcc/arm-none-eabi/10.2.0/thumb/v7e-m+fp/hard\libgcc.a
LOAD c:/nxp/s32ds.3.6.7/s32ds/build_tools/gcc_v10.2/gcc-10.2-arm32-eabi/bin/../lib/gcc/arm-none-eabi/10.2.0/../../../../arm-none-eabi/lib/thumb/v7e-m+fp/hard\libc_nano.a
LOAD c:/nxp/s32ds.3.6.7/s32ds/build_tools/gcc_v10.2/gcc-10.2-arm32-eabi/bin/../lib/gcc/arm-none-eabi/10.2.0/../../../../arm-none-eabi/lib/thumb/v7e-m+fp/hard\libnosys.a
END GROUP
START GROUP
LOAD c:/nxp/s32ds.3.6.7/s32ds/build_tools/gcc_v10.2/gcc-10.2-arm32-eabi/bin/../lib/gcc/arm-none-eabi/10.2.0/thumb/v7e-m+fp/hard\libgcc.a
LOAD c:/nxp/s32ds.3.6.7/s32ds/build_tools/gcc_v10.2/gcc-10.2-arm32-eabi/bin/../lib/gcc/arm-none-eabi/10.2.0/../../../../arm-none-eabi/lib/thumb/v7e-m+fp/hard\libc_nano.a
LOAD c:/nxp/s32ds.3.6.7/s32ds/build_tools/gcc_v10.2/gcc-10.2-arm32-eabi/bin/../lib/gcc/arm-none-eabi/10.2.0/../../../../arm-none-eabi/lib/thumb/v7e-m+fp/hard\libnosys.a
END GROUP
                0x0000000000000200                HEAP_SIZE = DEFINED (__heap_size__)?__heap_size__:0x200
                0x0000000020407fff                __STANDBY_RAM_LIMIT_END = 0x20407fff

.pflash         0x0000000000482000    0x14990
 *(.boot_header)
 .boot_header   0x0000000000482000      0x100 ./Project_Settings/Startup_Code/startup_cm7.o
                0x0000000000484000                . = ALIGN (0x2000)
 *fill*         0x0000000000482100     0x1f00 
                0x0000000000484000                __text_start = .
                0x0000000000484000                __interrupts_init_start = .
 *(.intc_vector)
 .intc_vector   0x0000000000484000      0x408 ./Project_Settings/Startup_Code/Vector_Table.o
                0x0000000000484000                VTABLE
                0x0000000000484408                . = ALIGN (0x4)
                0x0000000000484408                __interrupts_init_end = .
 *(.core_loop)
 .core_loop     0x0000000000484408        0xc ./Project_Settings/Startup_Code/startup_cm7.o
                0x0000000000484408                _core_loop
                0x0000000000484414                . = ALIGN (0x4)
 *(.startup)
 *fill*         0x0000000000484414        0xc 
 .startup       0x0000000000484420      0x214 ./Project_Settings/Startup_Code/startup_cm7.o
                0x0000000000484420                Reset_Handler
                0x0000000000484420                _start
                0x00000000004845b4                MCAL_LTB_TRACE_OFF
                0x00000000004845b6                _end_of_eunit_test
                0x0000000000484634                . = ALIGN (0x4)
 *(.systeminit)
                0x0000000000484634                . = ALIGN (0x4)
 *(.text.startup)
                0x0000000000484634                . = ALIGN (0x4)
 *(.text)
 .text          0x0000000000484634        0x0 ./Project_Settings/Startup_Code/Vector_Table.o
 .text          0x0000000000484634        0x0 ./Project_Settings/Startup_Code/exceptions.o
 .text          0x0000000000484634        0x0 ./Project_Settings/Startup_Code/nvic.o
 .text          0x0000000000484634        0x0 ./Project_Settings/Startup_Code/startup.o
 .text          0x0000000000484634        0x0 ./Project_Settings/Startup_Code/startup_cm7.o
 .text          0x0000000000484634        0x0 ./Project_Settings/Startup_Code/system.o
 .text          0x0000000000484634        0x0 ./RTD/src/C40_Ip.o
 .text          0x0000000000484634        0x0 ./RTD/src/C40_Ip_Ac.o
 .text          0x0000000000484634        0x0 ./RTD/src/Cache_Ip.o
 .text          0x0000000000484634        0x0 ./RTD/src/Cache_Ip_HwAcc_ArmCoreMx.o
 .text          0x0000000000484634        0x0 ./RTD/src/Clock_Ip.o
 .text          0x0000000000484634        0x0 ./RTD/src/Clock_Ip_Data.o
 .text          0x0000000000484634        0x0 ./RTD/src/Clock_Ip_Divider.o
 .text          0x0000000000484634        0x0 ./RTD/src/Clock_Ip_DividerTrigger.o
 .text          0x0000000000484634        0x0 ./RTD/src/Clock_Ip_ExtOsc.o
 .text          0x0000000000484634        0x0 ./RTD/src/Clock_Ip_FracDiv.o
 .text          0x0000000000484634        0x0 ./RTD/src/Clock_Ip_Frequency.o
 .text          0x0000000000484634        0x0 ./RTD/src/Clock_Ip_Gate.o
 .text          0x0000000000484634        0x0 ./RTD/src/Clock_Ip_IntOsc.o
 .text          0x0000000000484634        0x0 ./RTD/src/Clock_Ip_Irq.o
 .text          0x0000000000484634        0x0 ./RTD/src/Clock_Ip_Monitor.o
 .text          0x0000000000484634        0x0 ./RTD/src/Clock_Ip_Pll.o
 .text          0x0000000000484634        0x0 ./RTD/src/Clock_Ip_ProgFreqSwitch.o
 .text          0x0000000000484634        0x0 ./RTD/src/Clock_Ip_Selector.o
 .text          0x0000000000484634        0x0 ./RTD/src/Clock_Ip_Specific.o
 .text          0x0000000000484634        0x0 ./RTD/src/Det.o
 .text          0x0000000000484634        0x0 ./RTD/src/Det_stub.o
 .text          0x0000000000484634        0x0 ./RTD/src/Hse_Ip.o
 .text          0x0000000000484634        0x0 ./RTD/src/Hse_Ip_Semaphore.o
 .text          0x0000000000484634        0x0 ./RTD/src/Igf_Port_Ip.o
 .text          0x0000000000484634       0x1c ./RTD/src/IntCtrl_Ip.o
 .text          0x0000000000484650        0x0 ./RTD/src/Mu_Ip_Irq.o
 .text          0x0000000000484650        0x0 ./RTD/src/OsIf_Interrupts.o
 .text          0x0000000000484650        0x0 ./RTD/src/OsIf_Software_Semaphore.o
 .text          0x0000000000484650       0x1c ./RTD/src/OsIf_Timer.o
 .text          0x000000000048466c        0x0 ./RTD/src/OsIf_Timer_System.o
 .text          0x000000000048466c        0x0 ./RTD/src/OsIf_Timer_System_Internal_Systick.o
 .text          0x000000000048466c       0x12 ./RTD/src/SchM_BaseNXP.o
                0x000000000048466c                BaseNXP_schm_read_msr
 .text          0x000000000048467e       0x12 ./RTD/src/SchM_Crypto_43_HSE.o
                0x000000000048467e                Crypto_43_HSE_schm_read_msr
 .text          0x0000000000484690       0x12 ./RTD/src/SchM_Dio.o
                0x0000000000484690                Dio_schm_read_msr
 .text          0x00000000004846a2       0x12 ./RTD/src/SchM_Mcl.o
                0x00000000004846a2                Mcl_schm_read_msr
 .text          0x00000000004846b4       0x12 ./RTD/src/SchM_Mcu.o
                0x00000000004846b4                Mcu_schm_read_msr
 .text          0x00000000004846c6       0x12 ./RTD/src/SchM_Mem_43_INFLS.o
                0x00000000004846c6                Mem_43_INFLS_schm_read_msr
 .text          0x00000000004846d8       0x12 ./RTD/src/SchM_Port.o
                0x00000000004846d8                Port_schm_read_msr
 .text          0x00000000004846ea       0x1c ./RTD/src/Siul2_Dio_Ip.o
 .text          0x0000000000484706       0x1c ./RTD/src/Siul2_Port_Ip.o
 .text          0x0000000000484722       0x1c ./RTD/src/Tspc_Port_Ip.o
 .text          0x000000000048473e        0x0 ./board/Siul2_Port_Ip_Cfg.o
 .text          0x000000000048473e        0x0 ./board/Tspc_Port_Ip_Cfg.o
 .text          0x000000000048473e        0x0 ./generate/src/C40_Ip_Cfg.o
 .text          0x000000000048473e        0x0 ./generate/src/Clock_Ip_Cfg.o
 .text          0x000000000048473e        0x0 ./generate/src/Hse_Ip_Cfg.o
 .text          0x000000000048473e        0x0 ./generate/src/Igf_Port_Ip_Cfg.o
 .text          0x000000000048473e        0x0 ./generate/src/IntCtrl_Ip_Cfg.o
 .text          0x000000000048473e        0x0 ./generate/src/OsIf_Cfg.o
 *fill*         0x000000000048473e        0x2 
 .text          0x0000000000484740       0xe8 ./src/APP_Main.o
                0x0000000000484740                APP_Main
                0x0000000000484824                HSE_RX_IRQ
 .text          0x0000000000484828      0x26c ./src/HSE_FlashStorage_Example.o
                0x00000000004848c4                HSE_Example_StoreEncryptedDataDemo
 .text          0x0000000000484a94      0xa54 ./src/HSE_Mac_Ecc_Example.o
                0x0000000000484b52                HSE_Mac_ImportKey_Ram
                0x0000000000484c48                HSE_Mac_GenerateTag
                0x0000000000484d30                HSE_Mac_VerifyTag
                0x0000000000484e18                HSE_Mac_StorageCheckDemo
                0x0000000000484f50                HSE_Ecc_GenerateKeyPair
                0x000000000048501c                HSE_Ecc_SignMessage
                0x0000000000485124                HSE_Ecc_VerifyMessage
                0x0000000000485224                HSE_Ecc_ImportPublicKey_Ram
                0x0000000000485328                HSE_Ecc_StorageCheckDemo
                0x00000000004854dc                HSE_Mac_Ecc_Example_Demo
 .text          0x00000000004854e8      0xe54 ./src/HSE_Main.o
                0x00000000004854e8                HSE_Init
                0x00000000004855e0                HSE_UnlockUtestSector
                0x00000000004856b4                HSE_checkHseFwFeatureFlagEnabled
                0x000000000048570e                HSE_checkHseVersion
                0x00000000004857d0                HSE_GetTRNG
                0x000000000048585c                HSE_getHSECapabilites
                0x00000000004858c4                HSE_ActivateAllMuInstances
                0x0000000000485958                HSE_genreateSHA
                0x0000000000485a10                HSE_FormatHseKeyCatalogs
                0x0000000000485ab4                HSE_ImportAESKey
                0x0000000000485ba8                HSE_GetAesKeyInfo
                0x0000000000485c54                HSE_GetNvmAesKeyInfo
                0x0000000000485d00                HSE_ImportNvmAESKey
                0x0000000000485e24                HSE_EraseNvmAesKey
                0x0000000000485ed0                HSE_GetGeneratedAesKeyInfo
                0x0000000000485f80                HSE_GenerateAesKey
                0x0000000000486120                HSE_AesEncrypt
                0x0000000000486146                HSE_AesDecrypt
                0x0000000000486248                HSE_AesCtrEncryptNvm
                0x0000000000486274                HSE_AesCtrDecryptNvm
                0x00000000004862a0                HSE_AesEncryptNvm
                0x00000000004862c6                HSE_AesDecryptNvm
                0x00000000004862ec                HSE_AesEncryptGenerated
                0x0000000000486314                HSE_AesDecryptGenerated
 .text          0x000000000048633c      0x97c ./src/HSE_SecureBoot.o
                0x0000000000486518                HSE_SecureBoot_PrepareTestData
                0x000000000048657c                HSE_ImportSmrSignKey_Ram
                0x0000000000486670                HSE_GetSmrVerifyKeyInfo
                0x000000000048671c                HSE_ImportSmrVerifyKey_Nvm
                0x0000000000486840                HSE_ComputeSmrInstallTag
                0x0000000000486928                HSE_EraseSmrSignKey_Ram
                0x00000000004869c4                HSE_InstallSmrEntry
                0x0000000000486ae0                HSE_VerifySmrEntryOnDemand
                0x0000000000486b88                HSE_SecureBoot_NegativeControlTest
                0x0000000000486c2c                HSE_SecureBoot_Phase1_Demo
 .text          0x0000000000486cb8      0x15c ./src/LED.o
                0x0000000000486cb8                LED_Init
                0x0000000000486ccc                LED_ToggleLED
 .text          0x0000000000486e14        0x8 ./src/main.o
                0x0000000000486e14                main
 .text          0x0000000000486e1c        0x0 c:/nxp/s32ds.3.6.7/s32ds/build_tools/gcc_v10.2/gcc-10.2-arm32-eabi/bin/../lib/gcc/arm-none-eabi/10.2.0/../../../../arm-none-eabi/lib/thumb/v7e-m+fp/hard\libc_nano.a(lib_a-memcmp.o)
 .text          0x0000000000486e1c        0x0 c:/nxp/s32ds.3.6.7/s32ds/build_tools/gcc_v10.2/gcc-10.2-arm32-eabi/bin/../lib/gcc/arm-none-eabi/10.2.0/../../../../arm-none-eabi/lib/thumb/v7e-m+fp/hard\libc_nano.a(lib_a-memset.o)
 .text          0x0000000000486e1c       0x10 c:/nxp/s32ds.3.6.7/s32ds/build_tools/gcc_v10.2/gcc-10.2-arm32-eabi/bin/../lib/gcc/arm-none-eabi/10.2.0/../../../../arm-none-eabi/lib/thumb/v7e-m+fp/hard\libc_nano.a(lib_a-strlen.o)
                0x0000000000486e1c                strlen
 .text          0x0000000000486e2c       0x30 c:/nxp/s32ds.3.6.7/s32ds/build_tools/gcc_v10.2/gcc-10.2-arm32-eabi/bin/../lib/gcc/arm-none-eabi/10.2.0/thumb/v7e-m+fp/hard\libgcc.a(_aeabi_uldivmod.o)
                0x0000000000486e2c                __aeabi_uldivmod
 .text          0x0000000000486e5c      0x2d8 c:/nxp/s32ds.3.6.7/s32ds/build_tools/gcc_v10.2/gcc-10.2-arm32-eabi/bin/../lib/gcc/arm-none-eabi/10.2.0/thumb/v7e-m+fp/hard\libgcc.a(_udivmoddi4.o)
                0x0000000000486e5c                __udivmoddi4
 .text          0x0000000000487134        0x4 c:/nxp/s32ds.3.6.7/s32ds/build_tools/gcc_v10.2/gcc-10.2-arm32-eabi/bin/../lib/gcc/arm-none-eabi/10.2.0/thumb/v7e-m+fp/hard\libgcc.a(_dvmd_tls.o)
                0x0000000000487134                __aeabi_idiv0
                0x0000000000487134                __aeabi_ldiv0
 *(.text*)
 .text.memcmp   0x0000000000487138       0x20 c:/nxp/s32ds.3.6.7/s32ds/build_tools/gcc_v10.2/gcc-10.2-arm32-eabi/bin/../lib/gcc/arm-none-eabi/10.2.0/../../../../arm-none-eabi/lib/thumb/v7e-m+fp/hard\libc_nano.a(lib_a-memcmp.o)
                0x0000000000487138                memcmp
 .text.memset   0x0000000000487158       0x10 c:/nxp/s32ds.3.6.7/s32ds/build_tools/gcc_v10.2/gcc-10.2-arm32-eabi/bin/../lib/gcc/arm-none-eabi/10.2.0/../../../../arm-none-eabi/lib/thumb/v7e-m+fp/hard\libc_nano.a(lib_a-memset.o)
                0x0000000000487158                memset
                0x0000000000487168                . = ALIGN (0x4)
 *(.mcal_text)
 .mcal_text     0x0000000000487168       0x14 ./Project_Settings/Startup_Code/exceptions.o
                0x0000000000487168                NMI_Handler
                0x000000000048716a                HardFault_Handler
                0x000000000048716c                MemManage_Handler
                0x000000000048716e                BusFault_Handler
                0x0000000000487170                UsageFault_Handler
                0x0000000000487172                SVC_Handler
                0x0000000000487174                DebugMon_Handler
                0x0000000000487176                PendSV_Handler
                0x0000000000487178                SysTick_Handler
                0x000000000048717a                undefined_handler
 .mcal_text     0x000000000048717c       0xbc ./Project_Settings/Startup_Code/nvic.o
                0x000000000048717c                NVIC_SetPriorityGrouping
                0x000000000048719e                NVIC_EnableIRQ
                0x00000000004871ce                NVIC_DisableIRQ
                0x00000000004871fe                NVIC_SetPriority
 .mcal_text     0x0000000000487238      0x2ac ./Project_Settings/Startup_Code/startup.o
                0x0000000000487238                init_data_bss
                0x00000000004873d0                init_data_bss_core2
 .mcal_text     0x00000000004874e4      0x33c ./Project_Settings/Startup_Code/system.o
                0x00000000004874e4                startup_go_to_user_mode
                0x00000000004874e8                default_interrupt_routine
                0x00000000004874ea                Sys_GetCoreID
                0x0000000000487500                SystemInit
                0x0000000000487800                Enable_FPU
 .mcal_text     0x0000000000487820     0x1f20 ./RTD/src/C40_Ip.o
                0x00000000004879d0                C40_Ip_GetSETSLOCKRegValue
                0x0000000000487a50                C40_Ip_GetLockDomainIDValue
                0x0000000000487b3c                C40_Ip_Block4PipeSelect
                0x00000000004881d0                C40_Ip_MainInterfaceWriteLogicalAddress
                0x00000000004881e8                C40_Ip_EccDataErrorSuppression
                0x0000000000488684                C40_Ip_SetAsyncMode
                0x00000000004886a0                C40_Ip_GetSectorNumberFromAddress
                0x000000000048870c                C40_Ip_GetBlockNumberFromAddress
                0x00000000004887b4                C40_Ip_SetLock
                0x00000000004887fe                C40_Ip_SetLockProtect
                0x0000000000488900                C40_Ip_GetLock
                0x0000000000488936                C40_Ip_GetLockProtect
                0x00000000004889e0                C40_Ip_ClearLock
                0x0000000000488a32                C40_Ip_ClearLockProtect
                0x0000000000488ad8                C40_Ip_Init
                0x0000000000488b00                C40_Ip_Abort
                0x0000000000488b14                C40_Ip_MainInterfaceHVJobStatus
                0x0000000000488b50                C40_Ip_MainInterfaceSectorErase
                0x0000000000488bf4                C40_Ip_MainInterfaceSectorEraseStatus
                0x0000000000488c34                C40_Ip_MainInterfaceWrite
                0x0000000000488cf8                C40_Ip_MainInterfaceWriteStatus
                0x0000000000488d38                C40_Ip_Read
                0x0000000000488de0                C40_Ip_Compare
                0x0000000000488e3c                C40_Ip_ArrayIntegrityCheck
                0x0000000000488f14                C40_Ip_CheckUserTestStatus
                0x0000000000488f98                C40_Ip_ArrayIntegrityCheckSuspend
                0x000000000048901c                C40_Ip_ArrayIntegrityCheckResume
                0x0000000000489078                C40_Ip_UserMarginReadCheck
                0x0000000000489170                C40_Ip_EccLogicCheck
                0x0000000000489324                C40_Ip_EdcAfterEccLogicCheck
                0x00000000004894dc                C40_Ip_AddressEncodeLogicCheck
                0x0000000000489640                C40_Ip_GetFailedAddress
                0x0000000000489730                C40_Ip_ReportEccUnCorrectedError
 .mcal_text     0x0000000000489740      0xe74 ./RTD/src/Clock_Ip.o
                0x0000000000489a44                Clock_Ip_Init
                0x0000000000489a84                Clock_Ip_InitClock
                0x000000000048a110                Clock_Ip_GetPllStatus
                0x000000000048a218                Clock_Ip_DistributePll
                0x000000000048a394                Clock_Ip_DisableClockMonitor
                0x000000000048a3d8                Clock_Ip_InstallNotificationsCallback
                0x000000000048a3ec                Clock_Ip_DisableModuleClock
                0x000000000048a430                Clock_Ip_EnableModuleClock
                0x000000000048a4b0                Clock_Ip_DisableFircInStandby
                0x000000000048a4cc                Clock_Ip_EnableFircInStandby
                0x000000000048a4e8                Clock_Ip_DisableSircInStandby
                0x000000000048a504                Clock_Ip_EnableSircInStandby
                0x000000000048a520                Clock_Ip_ReportClockErrors
                0x000000000048a540                Clock_Ip_StartTimeout
                0x000000000048a574                Clock_Ip_TimeoutExpired
 .mcal_text     0x000000000048a5b4      0x458 ./RTD/src/Clock_Ip_Divider.o
 .mcal_text     0x000000000048aa0c      0x170 ./RTD/src/Clock_Ip_DividerTrigger.o
 .mcal_text     0x000000000048ab7c      0x3b0 ./RTD/src/Clock_Ip_ExtOsc.o
 .mcal_text     0x000000000048af2c       0x16 ./RTD/src/Clock_Ip_FracDiv.o
 .mcal_text     0x000000000048af42        0xe ./RTD/src/Clock_Ip_Frequency.o
                0x000000000048af42                Clock_Ip_SetExternalSignalFrequency
 .mcal_text     0x000000000048af50      0x32c ./RTD/src/Clock_Ip_Gate.o
 .mcal_text     0x000000000048b27c      0x1e4 ./RTD/src/Clock_Ip_IntOsc.o
 .mcal_text     0x000000000048b460        0xa ./RTD/src/Clock_Ip_Irq.o
                0x000000000048b460                Mcu_Cmu_ClockFail_IRQHandler
 *fill*         0x000000000048b46a        0x2 
 .mcal_text     0x000000000048b46c      0x5a4 ./RTD/src/Clock_Ip_Monitor.o
                0x000000000048b96c                Clock_Ip_CMU_ClockFailInt
 .mcal_text     0x000000000048ba10      0x2d8 ./RTD/src/Clock_Ip_Pll.o
 .mcal_text     0x000000000048bce8      0x768 ./RTD/src/Clock_Ip_ProgFreqSwitch.o
 .mcal_text     0x000000000048c450      0xaf8 ./RTD/src/Clock_Ip_Selector.o
                0x000000000048cf06                Clock_Ip_SetRtcRtccClksel_TrustedCall
 .mcal_text     0x000000000048cf48      0x584 ./RTD/src/Clock_Ip_Specific.o
                0x000000000048d36c                Clock_Ip_PowerClockIpModules
                0x000000000048d386                Clock_Ip_SetRamWaitStates
                0x000000000048d390                Clock_Ip_SetFlashWaitStates
                0x000000000048d39a                Clock_Ip_McMeEnterKey
                0x000000000048d3c6                DisableFircInStandbyMode
                0x000000000048d3dc                EnableFircInStandbyMode
                0x000000000048d400                DisableSircInStandbyMode
                0x000000000048d414                EnableSircInStandbyMode
                0x000000000048d490                Clock_Ip_Command
 .mcal_text     0x000000000048d4cc      0xafc ./RTD/src/Det.o
                0x000000000048d4cc                Det_Init
                0x000000000048d908                Det_ReportError
                0x000000000048d9c4                Det_ReportRuntimeError
                0x000000000048da80                Det_ReportTransientFault
                0x000000000048db3c                Det_Start
                0x000000000048db40                Det_InitDataNode
                0x000000000048dc46                Det_LinkNodeToHead
                0x000000000048dcbe                Det_DelAllNodesSameId
                0x000000000048df1e                Det_FreeNodesInLinkedList
 .mcal_text     0x000000000048dfc8      0x324 ./RTD/src/Det_stub.o
                0x000000000048dfc8                Det_TestLastReportError
                0x000000000048e058                Det_TestLastReportRuntimeError
                0x000000000048e0e8                Det_TestLastReportTransientFault
                0x000000000048e178                Det_TestNoError
                0x000000000048e1f4                Det_TestNoRuntimeError
                0x000000000048e270                Det_TestNoTransientFault
 .mcal_text     0x000000000048e2ec      0x9cc ./RTD/src/Hse_Ip.o
                0x000000000048e43a                Hse_Ip_GetPhysicalCoreId
                0x000000000048e67c                Hse_Ip_Init
                0x000000000048e6f4                Hse_Ip_Deinit
                0x000000000048e714                Hse_Ip_GetFreeChannel
                0x000000000048e810                Hse_Ip_ReleaseChannel
                0x000000000048e854                Hse_Ip_ToAHBAddress
                0x000000000048e864                Hse_Ip_ServiceRequest
                0x000000000048ea1c                Hse_Ip_MainFunction
                0x000000000048ea3a                Hse_Ip_GetHseStatus
                0x000000000048ea68                Hse_Ip_RegisterGenericCallback
                0x000000000048eb68                Hse_Ip_RxIrqHandler
                0x000000000048ec10                Hse_Ip_GeneralPurposeIrqHandler
 .mcal_text     0x000000000048ecb8      0x4f4 ./RTD/src/IntCtrl_Ip.o
                0x000000000048ecb8                IntCtrl_Ip_InstallHandlerPrivileged
                0x000000000048ed28                IntCtrl_Ip_EnableIrqPrivileged
                0x000000000048ed80                IntCtrl_Ip_DisableIrqPrivileged
                0x000000000048edd8                IntCtrl_Ip_SetPriorityPrivileged
                0x000000000048ee46                IntCtrl_Ip_GetPriorityPrivileged
                0x000000000048eea4                IntCtrl_Ip_ClearPendingPrivileged
                0x000000000048eeec                IntCtrl_Ip_SetPendingPrivileged
                0x000000000048ef34                IntCtrl_Ip_GetPendingPrivileged
                0x000000000048ef7e                IntCtrl_Ip_GetActivePrivileged
                0x000000000048efc8                IntCtrl_Ip_Init
                0x000000000048f0ca                IntCtrl_Ip_InstallHandler
                0x000000000048f0e6                IntCtrl_Ip_EnableIrq
                0x000000000048f0fa                IntCtrl_Ip_DisableIrq
                0x000000000048f10e                IntCtrl_Ip_SetPriority
                0x000000000048f12e                IntCtrl_Ip_GetPriority
                0x000000000048f144                IntCtrl_Ip_ClearPending
                0x000000000048f158                IntCtrl_Ip_SetPending
                0x000000000048f16c                IntCtrl_Ip_GetPending
                0x000000000048f18c                IntCtrl_Ip_GetActive
 .mcal_text     0x000000000048f1ac       0x30 ./RTD/src/Mu_Ip_Irq.o
                0x000000000048f1ac                Mu_Ip_Mu0_OredRx_Isr
                0x000000000048f1b8                Mu_Ip_Mu0_OredGP_Isr
                0x000000000048f1c4                Mu_Ip_Mu1_OredRx_Isr
                0x000000000048f1d0                Mu_Ip_Mu1_OredGP_Isr
 .mcal_text     0x000000000048f1dc       0xd6 ./RTD/src/OsIf_Timer.o
                0x000000000048f204                OsIf_Init
                0x000000000048f21e                OsIf_GetCounter
                0x000000000048f242                OsIf_GetElapsed
                0x000000000048f26a                OsIf_SetTimerFrequency
                0x000000000048f28a                OsIf_MicrosToTicks
 *fill*         0x000000000048f2b2        0x2 
 .mcal_text     0x000000000048f2b4       0x8c ./RTD/src/OsIf_Timer_System_Internal_Systick.o
                0x000000000048f2b4                OsIf_Timer_System_Internal_Init
                0x000000000048f2dc                OsIf_Timer_System_Internal_GetCounter
                0x000000000048f2ec                OsIf_Timer_System_Internal_GetElapsed
 .mcal_text     0x000000000048f340      0x148 ./RTD/src/SchM_BaseNXP.o
                0x000000000048f340                SchM_Enter_BaseNXP_BASENXP_EXCLUSIVE_AREA_00
                0x000000000048f398                SchM_Exit_BaseNXP_BASENXP_EXCLUSIVE_AREA_00
                0x000000000048f3e4                SchM_Enter_BaseNXP_BASENXP_EXCLUSIVE_AREA_01
                0x000000000048f43c                SchM_Exit_BaseNXP_BASENXP_EXCLUSIVE_AREA_01
 .mcal_text     0x000000000048f488      0x520 ./RTD/src/SchM_Crypto_43_HSE.o
                0x000000000048f488                SchM_Enter_Crypto_43_HSE_CRYPTO_EXCLUSIVE_AREA_00
                0x000000000048f4e0                SchM_Exit_Crypto_43_HSE_CRYPTO_EXCLUSIVE_AREA_00
                0x000000000048f52c                SchM_Enter_Crypto_43_HSE_CRYPTO_EXCLUSIVE_AREA_01
                0x000000000048f584                SchM_Exit_Crypto_43_HSE_CRYPTO_EXCLUSIVE_AREA_01
                0x000000000048f5d0                SchM_Enter_Crypto_43_HSE_CRYPTO_EXCLUSIVE_AREA_02
                0x000000000048f628                SchM_Exit_Crypto_43_HSE_CRYPTO_EXCLUSIVE_AREA_02
                0x000000000048f674                SchM_Enter_Crypto_43_HSE_CRYPTO_EXCLUSIVE_AREA_03
                0x000000000048f6cc                SchM_Exit_Crypto_43_HSE_CRYPTO_EXCLUSIVE_AREA_03
                0x000000000048f718                SchM_Enter_Crypto_43_HSE_CRYPTO_EXCLUSIVE_AREA_04
                0x000000000048f770                SchM_Exit_Crypto_43_HSE_CRYPTO_EXCLUSIVE_AREA_04
                0x000000000048f7bc                SchM_Enter_Crypto_43_HSE_CRYPTO_EXCLUSIVE_AREA_05
                0x000000000048f814                SchM_Exit_Crypto_43_HSE_CRYPTO_EXCLUSIVE_AREA_05
                0x000000000048f860                SchM_Enter_Crypto_43_HSE_CRYPTO_EXCLUSIVE_AREA_10
                0x000000000048f8b8                SchM_Exit_Crypto_43_HSE_CRYPTO_EXCLUSIVE_AREA_10
                0x000000000048f904                SchM_Enter_Crypto_43_HSE_CRYPTO_EXCLUSIVE_AREA_11
                0x000000000048f95c                SchM_Exit_Crypto_43_HSE_CRYPTO_EXCLUSIVE_AREA_11
 .mcal_text     0x000000000048f9a8      0x148 ./RTD/src/SchM_Dio.o
                0x000000000048f9a8                SchM_Enter_Dio_DIO_EXCLUSIVE_AREA_00
                0x000000000048fa00                SchM_Exit_Dio_DIO_EXCLUSIVE_AREA_00
                0x000000000048fa4c                SchM_Enter_Dio_DIO_EXCLUSIVE_AREA_01
                0x000000000048faa4                SchM_Exit_Dio_DIO_EXCLUSIVE_AREA_01
 .mcal_text     0x000000000048faf0     0x1ec0 ./RTD/src/SchM_Mcl.o
                0x000000000048faf0                SchM_Enter_Mcl_MCL_EXCLUSIVE_AREA_00
                0x000000000048fb48                SchM_Exit_Mcl_MCL_EXCLUSIVE_AREA_00
                0x000000000048fb94                SchM_Enter_Mcl_MCL_EXCLUSIVE_AREA_01
                0x000000000048fbec                SchM_Exit_Mcl_MCL_EXCLUSIVE_AREA_01
                0x000000000048fc38                SchM_Enter_Mcl_MCL_EXCLUSIVE_AREA_02
                0x000000000048fc90                SchM_Exit_Mcl_MCL_EXCLUSIVE_AREA_02
                0x000000000048fcdc                SchM_Enter_Mcl_MCL_EXCLUSIVE_AREA_03
                0x000000000048fd34                SchM_Exit_Mcl_MCL_EXCLUSIVE_AREA_03
                0x000000000048fd80                SchM_Enter_Mcl_MCL_EXCLUSIVE_AREA_04
                0x000000000048fdd8                SchM_Exit_Mcl_MCL_EXCLUSIVE_AREA_04
                0x000000000048fe24                SchM_Enter_Mcl_MCL_EXCLUSIVE_AREA_05
                0x000000000048fe7c                SchM_Exit_Mcl_MCL_EXCLUSIVE_AREA_05
                0x000000000048fec8                SchM_Enter_Mcl_MCL_EXCLUSIVE_AREA_06
                0x000000000048ff20                SchM_Exit_Mcl_MCL_EXCLUSIVE_AREA_06
                0x000000000048ff6c                SchM_Enter_Mcl_MCL_EXCLUSIVE_AREA_07
                0x000000000048ffc4                SchM_Exit_Mcl_MCL_EXCLUSIVE_AREA_07
                0x0000000000490010                SchM_Enter_Mcl_MCL_EXCLUSIVE_AREA_08
                0x0000000000490068                SchM_Exit_Mcl_MCL_EXCLUSIVE_AREA_08
                0x00000000004900b4                SchM_Enter_Mcl_MCL_EXCLUSIVE_AREA_09
                0x000000000049010c                SchM_Exit_Mcl_MCL_EXCLUSIVE_AREA_09
                0x0000000000490158                SchM_Enter_Mcl_MCL_EXCLUSIVE_AREA_10
                0x00000000004901b0                SchM_Exit_Mcl_MCL_EXCLUSIVE_AREA_10
                0x00000000004901fc                SchM_Enter_Mcl_MCL_EXCLUSIVE_AREA_11
                0x0000000000490254                SchM_Exit_Mcl_MCL_EXCLUSIVE_AREA_11
                0x00000000004902a0                SchM_Enter_Mcl_MCL_EXCLUSIVE_AREA_12
                0x00000000004902f8                SchM_Exit_Mcl_MCL_EXCLUSIVE_AREA_12
                0x0000000000490344                SchM_Enter_Mcl_MCL_EXCLUSIVE_AREA_13
                0x000000000049039c                SchM_Exit_Mcl_MCL_EXCLUSIVE_AREA_13
                0x00000000004903e8                SchM_Enter_Mcl_MCL_EXCLUSIVE_AREA_14
                0x0000000000490440                SchM_Exit_Mcl_MCL_EXCLUSIVE_AREA_14
                0x000000000049048c                SchM_Enter_Mcl_MCL_EXCLUSIVE_AREA_15
                0x00000000004904e4                SchM_Exit_Mcl_MCL_EXCLUSIVE_AREA_15
                0x0000000000490530                SchM_Enter_Mcl_MCL_EXCLUSIVE_AREA_16
                0x0000000000490588                SchM_Exit_Mcl_MCL_EXCLUSIVE_AREA_16
                0x00000000004905d4                SchM_Enter_Mcl_MCL_EXCLUSIVE_AREA_17
                0x000000000049062c                SchM_Exit_Mcl_MCL_EXCLUSIVE_AREA_17
                0x0000000000490678                SchM_Enter_Mcl_MCL_EXCLUSIVE_AREA_18
                0x00000000004906d0                SchM_Exit_Mcl_MCL_EXCLUSIVE_AREA_18
                0x000000000049071c                SchM_Enter_Mcl_MCL_EXCLUSIVE_AREA_19
                0x0000000000490774                SchM_Exit_Mcl_MCL_EXCLUSIVE_AREA_19
                0x00000000004907c0                SchM_Enter_Mcl_MCL_EXCLUSIVE_AREA_20
                0x0000000000490818                SchM_Exit_Mcl_MCL_EXCLUSIVE_AREA_20
                0x0000000000490864                SchM_Enter_Mcl_MCL_EXCLUSIVE_AREA_21
                0x00000000004908bc                SchM_Exit_Mcl_MCL_EXCLUSIVE_AREA_21
                0x0000000000490908                SchM_Enter_Mcl_MCL_EXCLUSIVE_AREA_22
                0x0000000000490960                SchM_Exit_Mcl_MCL_EXCLUSIVE_AREA_22
                0x00000000004909ac                SchM_Enter_Mcl_MCL_EXCLUSIVE_AREA_23
                0x0000000000490a04                SchM_Exit_Mcl_MCL_EXCLUSIVE_AREA_23
                0x0000000000490a50                SchM_Enter_Mcl_MCL_EXCLUSIVE_AREA_24
                0x0000000000490aa8                SchM_Exit_Mcl_MCL_EXCLUSIVE_AREA_24
                0x0000000000490af4                SchM_Enter_Mcl_MCL_EXCLUSIVE_AREA_25
                0x0000000000490b4c                SchM_Exit_Mcl_MCL_EXCLUSIVE_AREA_25
                0x0000000000490b98                SchM_Enter_Mcl_MCL_EXCLUSIVE_AREA_26
                0x0000000000490bf0                SchM_Exit_Mcl_MCL_EXCLUSIVE_AREA_26
                0x0000000000490c3c                SchM_Enter_Mcl_MCL_EXCLUSIVE_AREA_27
                0x0000000000490c94                SchM_Exit_Mcl_MCL_EXCLUSIVE_AREA_27
                0x0000000000490ce0                SchM_Enter_Mcl_MCL_EXCLUSIVE_AREA_28
                0x0000000000490d38                SchM_Exit_Mcl_MCL_EXCLUSIVE_AREA_28
                0x0000000000490d84                SchM_Enter_Mcl_MCL_EXCLUSIVE_AREA_29
                0x0000000000490ddc                SchM_Exit_Mcl_MCL_EXCLUSIVE_AREA_29
                0x0000000000490e28                SchM_Enter_Mcl_MCL_EXCLUSIVE_AREA_30
                0x0000000000490e80                SchM_Exit_Mcl_MCL_EXCLUSIVE_AREA_30
                0x0000000000490ecc                SchM_Enter_Mcl_MCL_EXCLUSIVE_AREA_31
                0x0000000000490f24                SchM_Exit_Mcl_MCL_EXCLUSIVE_AREA_31
                0x0000000000490f70                SchM_Enter_Mcl_MCL_EXCLUSIVE_AREA_32
                0x0000000000490fc8                SchM_Exit_Mcl_MCL_EXCLUSIVE_AREA_32
                0x0000000000491014                SchM_Enter_Mcl_MCL_EXCLUSIVE_AREA_33
                0x000000000049106c                SchM_Exit_Mcl_MCL_EXCLUSIVE_AREA_33
                0x00000000004910b8                SchM_Enter_Mcl_MCL_EXCLUSIVE_AREA_34
                0x0000000000491110                SchM_Exit_Mcl_MCL_EXCLUSIVE_AREA_34
                0x000000000049115c                SchM_Enter_Mcl_MCL_EXCLUSIVE_AREA_35
                0x00000000004911b4                SchM_Exit_Mcl_MCL_EXCLUSIVE_AREA_35
                0x0000000000491200                SchM_Enter_Mcl_MCL_EXCLUSIVE_AREA_36
                0x0000000000491258                SchM_Exit_Mcl_MCL_EXCLUSIVE_AREA_36
                0x00000000004912a4                SchM_Enter_Mcl_MCL_EXCLUSIVE_AREA_37
                0x00000000004912fc                SchM_Exit_Mcl_MCL_EXCLUSIVE_AREA_37
                0x0000000000491348                SchM_Enter_Mcl_MCL_EXCLUSIVE_AREA_38
                0x00000000004913a0                SchM_Exit_Mcl_MCL_EXCLUSIVE_AREA_38
                0x00000000004913ec                SchM_Enter_Mcl_MCL_EXCLUSIVE_AREA_39
                0x0000000000491444                SchM_Exit_Mcl_MCL_EXCLUSIVE_AREA_39
                0x0000000000491490                SchM_Enter_Mcl_MCL_EXCLUSIVE_AREA_40
                0x00000000004914e8                SchM_Exit_Mcl_MCL_EXCLUSIVE_AREA_40
                0x0000000000491534                SchM_Enter_Mcl_MCL_EXCLUSIVE_AREA_41
                0x000000000049158c                SchM_Exit_Mcl_MCL_EXCLUSIVE_AREA_41
                0x00000000004915d8                SchM_Enter_Mcl_MCL_EXCLUSIVE_AREA_42
                0x0000000000491630                SchM_Exit_Mcl_MCL_EXCLUSIVE_AREA_42
                0x000000000049167c                SchM_Enter_Mcl_MCL_EXCLUSIVE_AREA_43
                0x00000000004916d4                SchM_Exit_Mcl_MCL_EXCLUSIVE_AREA_43
                0x0000000000491720                SchM_Enter_Mcl_MCL_EXCLUSIVE_AREA_44
                0x0000000000491778                SchM_Exit_Mcl_MCL_EXCLUSIVE_AREA_44
                0x00000000004917c4                SchM_Enter_Mcl_MCL_EXCLUSIVE_AREA_45
                0x000000000049181c                SchM_Exit_Mcl_MCL_EXCLUSIVE_AREA_45
                0x0000000000491868                SchM_Enter_Mcl_MCL_EXCLUSIVE_AREA_46
                0x00000000004918c0                SchM_Exit_Mcl_MCL_EXCLUSIVE_AREA_46
                0x000000000049190c                SchM_Enter_Mcl_MCL_EXCLUSIVE_AREA_47
                0x0000000000491964                SchM_Exit_Mcl_MCL_EXCLUSIVE_AREA_47
 .mcal_text     0x00000000004919b0      0x1ec ./RTD/src/SchM_Mcu.o
                0x00000000004919b0                SchM_Enter_Mcu_MCU_EXCLUSIVE_AREA_00
                0x0000000000491a08                SchM_Exit_Mcu_MCU_EXCLUSIVE_AREA_00
                0x0000000000491a54                SchM_Enter_Mcu_MCU_EXCLUSIVE_AREA_01
                0x0000000000491aac                SchM_Exit_Mcu_MCU_EXCLUSIVE_AREA_01
                0x0000000000491af8                SchM_Enter_Mcu_MCU_EXCLUSIVE_AREA_02
                0x0000000000491b50                SchM_Exit_Mcu_MCU_EXCLUSIVE_AREA_02
 .mcal_text     0x0000000000491b9c     0x10a8 ./RTD/src/SchM_Mem_43_INFLS.o
                0x0000000000491b9c                SchM_Enter_Mem_43_INFLS_MEM_EXCLUSIVE_AREA_01
                0x0000000000491bf4                SchM_Exit_Mem_43_INFLS_MEM_EXCLUSIVE_AREA_01
                0x0000000000491c40                SchM_Enter_Mem_43_INFLS_MEM_EXCLUSIVE_AREA_02
                0x0000000000491c98                SchM_Exit_Mem_43_INFLS_MEM_EXCLUSIVE_AREA_02
                0x0000000000491ce4                SchM_Enter_Mem_43_INFLS_MEM_EXCLUSIVE_AREA_03
                0x0000000000491d3c                SchM_Exit_Mem_43_INFLS_MEM_EXCLUSIVE_AREA_03
                0x0000000000491d88                SchM_Enter_Mem_43_INFLS_MEM_EXCLUSIVE_AREA_04
                0x0000000000491de0                SchM_Exit_Mem_43_INFLS_MEM_EXCLUSIVE_AREA_04
                0x0000000000491e2c                SchM_Enter_Mem_43_INFLS_MEM_EXCLUSIVE_AREA_05
                0x0000000000491e84                SchM_Exit_Mem_43_INFLS_MEM_EXCLUSIVE_AREA_05
                0x0000000000491ed0                SchM_Enter_Mem_43_INFLS_MEM_EXCLUSIVE_AREA_06
                0x0000000000491f28                SchM_Exit_Mem_43_INFLS_MEM_EXCLUSIVE_AREA_06
                0x0000000000491f74                SchM_Enter_Mem_43_INFLS_MEM_EXCLUSIVE_AREA_07
                0x0000000000491fcc                SchM_Exit_Mem_43_INFLS_MEM_EXCLUSIVE_AREA_07
                0x0000000000492018                SchM_Enter_Mem_43_INFLS_MEM_EXCLUSIVE_AREA_08
                0x0000000000492070                SchM_Exit_Mem_43_INFLS_MEM_EXCLUSIVE_AREA_08
                0x00000000004920bc                SchM_Enter_Mem_43_INFLS_MEM_EXCLUSIVE_AREA_09
                0x0000000000492114                SchM_Exit_Mem_43_INFLS_MEM_EXCLUSIVE_AREA_09
                0x0000000000492160                SchM_Enter_Mem_43_INFLS_MEM_EXCLUSIVE_AREA_10
                0x00000000004921b8                SchM_Exit_Mem_43_INFLS_MEM_EXCLUSIVE_AREA_10
                0x0000000000492204                SchM_Enter_Mem_43_INFLS_MEM_EXCLUSIVE_AREA_11
                0x000000000049225c                SchM_Exit_Mem_43_INFLS_MEM_EXCLUSIVE_AREA_11
                0x00000000004922a8                SchM_Enter_Mem_43_INFLS_MEM_EXCLUSIVE_AREA_12
                0x0000000000492300                SchM_Exit_Mem_43_INFLS_MEM_EXCLUSIVE_AREA_12
                0x000000000049234c                SchM_Enter_Mem_43_INFLS_MEM_EXCLUSIVE_AREA_13
                0x00000000004923a4                SchM_Exit_Mem_43_INFLS_MEM_EXCLUSIVE_AREA_13
                0x00000000004923f0                SchM_Enter_Mem_43_INFLS_MEM_EXCLUSIVE_AREA_14
                0x0000000000492448                SchM_Exit_Mem_43_INFLS_MEM_EXCLUSIVE_AREA_14
                0x0000000000492494                SchM_Enter_Mem_43_INFLS_MEM_EXCLUSIVE_AREA_15
                0x00000000004924ec                SchM_Exit_Mem_43_INFLS_MEM_EXCLUSIVE_AREA_15
                0x0000000000492538                SchM_Enter_Mem_43_INFLS_MEM_EXCLUSIVE_AREA_16
                0x0000000000492590                SchM_Exit_Mem_43_INFLS_MEM_EXCLUSIVE_AREA_16
                0x00000000004925dc                SchM_Enter_Mem_43_INFLS_MEM_EXCLUSIVE_AREA_17
                0x0000000000492634                SchM_Exit_Mem_43_INFLS_MEM_EXCLUSIVE_AREA_17
                0x0000000000492680                SchM_Enter_Mem_43_INFLS_MEM_EXCLUSIVE_AREA_18
                0x00000000004926d8                SchM_Exit_Mem_43_INFLS_MEM_EXCLUSIVE_AREA_18
                0x0000000000492724                SchM_Enter_Mem_43_INFLS_MEM_EXCLUSIVE_AREA_19
                0x000000000049277c                SchM_Exit_Mem_43_INFLS_MEM_EXCLUSIVE_AREA_19
                0x00000000004927c8                SchM_Enter_Mem_43_INFLS_MEM_EXCLUSIVE_AREA_20
                0x0000000000492820                SchM_Exit_Mem_43_INFLS_MEM_EXCLUSIVE_AREA_20
                0x000000000049286c                SchM_Enter_Mem_43_INFLS_MEM_EXCLUSIVE_AREA_21
                0x00000000004928c4                SchM_Exit_Mem_43_INFLS_MEM_EXCLUSIVE_AREA_21
                0x0000000000492910                SchM_Enter_Mem_43_INFLS_MEM_EXCLUSIVE_AREA_22
                0x0000000000492968                SchM_Exit_Mem_43_INFLS_MEM_EXCLUSIVE_AREA_22
                0x00000000004929b4                SchM_Enter_Mem_43_INFLS_MEM_EXCLUSIVE_AREA_23
                0x0000000000492a0c                SchM_Exit_Mem_43_INFLS_MEM_EXCLUSIVE_AREA_23
                0x0000000000492a58                SchM_Enter_Mem_43_INFLS_MEM_EXCLUSIVE_AREA_24
                0x0000000000492ab0                SchM_Exit_Mem_43_INFLS_MEM_EXCLUSIVE_AREA_24
                0x0000000000492afc                SchM_Enter_Mem_43_INFLS_MEM_EXCLUSIVE_AREA_25
                0x0000000000492b54                SchM_Exit_Mem_43_INFLS_MEM_EXCLUSIVE_AREA_25
                0x0000000000492ba0                SchM_Enter_Mem_43_INFLS_MEM_EXCLUSIVE_AREA_26
                0x0000000000492bf8                SchM_Exit_Mem_43_INFLS_MEM_EXCLUSIVE_AREA_26
 .mcal_text     0x0000000000492c44     0x11f0 ./RTD/src/SchM_Port.o
                0x0000000000492c44                SchM_Enter_Port_PORT_EXCLUSIVE_AREA_00
                0x0000000000492c9c                SchM_Exit_Port_PORT_EXCLUSIVE_AREA_00
                0x0000000000492ce8                SchM_Enter_Port_PORT_EXCLUSIVE_AREA_01
                0x0000000000492d40                SchM_Exit_Port_PORT_EXCLUSIVE_AREA_01
                0x0000000000492d8c                SchM_Enter_Port_PORT_EXCLUSIVE_AREA_02
                0x0000000000492de4                SchM_Exit_Port_PORT_EXCLUSIVE_AREA_02
                0x0000000000492e30                SchM_Enter_Port_PORT_EXCLUSIVE_AREA_03
                0x0000000000492e88                SchM_Exit_Port_PORT_EXCLUSIVE_AREA_03
                0x0000000000492ed4                SchM_Enter_Port_PORT_EXCLUSIVE_AREA_04
                0x0000000000492f2c                SchM_Exit_Port_PORT_EXCLUSIVE_AREA_04
                0x0000000000492f78                SchM_Enter_Port_PORT_EXCLUSIVE_AREA_05
                0x0000000000492fd0                SchM_Exit_Port_PORT_EXCLUSIVE_AREA_05
                0x000000000049301c                SchM_Enter_Port_PORT_EXCLUSIVE_AREA_06
                0x0000000000493074                SchM_Exit_Port_PORT_EXCLUSIVE_AREA_06
                0x00000000004930c0                SchM_Enter_Port_PORT_EXCLUSIVE_AREA_07
                0x0000000000493118                SchM_Exit_Port_PORT_EXCLUSIVE_AREA_07
                0x0000000000493164                SchM_Enter_Port_PORT_EXCLUSIVE_AREA_08
                0x00000000004931bc                SchM_Exit_Port_PORT_EXCLUSIVE_AREA_08
                0x0000000000493208                SchM_Enter_Port_PORT_EXCLUSIVE_AREA_09
                0x0000000000493260                SchM_Exit_Port_PORT_EXCLUSIVE_AREA_09
                0x00000000004932ac                SchM_Enter_Port_PORT_EXCLUSIVE_AREA_10
                0x0000000000493304                SchM_Exit_Port_PORT_EXCLUSIVE_AREA_10
                0x0000000000493350                SchM_Enter_Port_PORT_EXCLUSIVE_AREA_11
                0x00000000004933a8                SchM_Exit_Port_PORT_EXCLUSIVE_AREA_11
                0x00000000004933f4                SchM_Enter_Port_PORT_EXCLUSIVE_AREA_12
                0x000000000049344c                SchM_Exit_Port_PORT_EXCLUSIVE_AREA_12
                0x0000000000493498                SchM_Enter_Port_PORT_EXCLUSIVE_AREA_13
                0x00000000004934f0                SchM_Exit_Port_PORT_EXCLUSIVE_AREA_13
                0x000000000049353c                SchM_Enter_Port_PORT_EXCLUSIVE_AREA_14
                0x0000000000493594                SchM_Exit_Port_PORT_EXCLUSIVE_AREA_14
                0x00000000004935e0                SchM_Enter_Port_PORT_EXCLUSIVE_AREA_15
                0x0000000000493638                SchM_Exit_Port_PORT_EXCLUSIVE_AREA_15
                0x0000000000493684                SchM_Enter_Port_PORT_EXCLUSIVE_AREA_16
                0x00000000004936dc                SchM_Exit_Port_PORT_EXCLUSIVE_AREA_16
                0x0000000000493728                SchM_Enter_Port_PORT_EXCLUSIVE_AREA_17
                0x0000000000493780                SchM_Exit_Port_PORT_EXCLUSIVE_AREA_17
                0x00000000004937cc                SchM_Enter_Port_PORT_EXCLUSIVE_AREA_18
                0x0000000000493824                SchM_Exit_Port_PORT_EXCLUSIVE_AREA_18
                0x0000000000493870                SchM_Enter_Port_PORT_EXCLUSIVE_AREA_19
                0x00000000004938c8                SchM_Exit_Port_PORT_EXCLUSIVE_AREA_19
                0x0000000000493914                SchM_Enter_Port_PORT_EXCLUSIVE_AREA_20
                0x000000000049396c                SchM_Exit_Port_PORT_EXCLUSIVE_AREA_20
                0x00000000004939b8                SchM_Enter_Port_PORT_EXCLUSIVE_AREA_21
                0x0000000000493a10                SchM_Exit_Port_PORT_EXCLUSIVE_AREA_21
                0x0000000000493a5c                SchM_Enter_Port_PORT_EXCLUSIVE_AREA_22
                0x0000000000493ab4                SchM_Exit_Port_PORT_EXCLUSIVE_AREA_22
                0x0000000000493b00                SchM_Enter_Port_PORT_EXCLUSIVE_AREA_23
                0x0000000000493b58                SchM_Exit_Port_PORT_EXCLUSIVE_AREA_23
                0x0000000000493ba4                SchM_Enter_Port_PORT_EXCLUSIVE_AREA_24
                0x0000000000493bfc                SchM_Exit_Port_PORT_EXCLUSIVE_AREA_24
                0x0000000000493c48                SchM_Enter_Port_PORT_EXCLUSIVE_AREA_25
                0x0000000000493ca0                SchM_Exit_Port_PORT_EXCLUSIVE_AREA_25
                0x0000000000493cec                SchM_Enter_Port_PORT_EXCLUSIVE_AREA_26
                0x0000000000493d44                SchM_Exit_Port_PORT_EXCLUSIVE_AREA_26
                0x0000000000493d90                SchM_Enter_Port_PORT_EXCLUSIVE_AREA_27
                0x0000000000493de8                SchM_Exit_Port_PORT_EXCLUSIVE_AREA_27
 .mcal_text     0x0000000000493e34      0x5c8 ./RTD/src/Siul2_Dio_Ip.o
                0x0000000000493f8e                Siul2_Dio_Ip_WritePin
                0x0000000000493ff2                Siul2_Dio_Ip_SetGPDO
                0x000000000049401c                Siul2_Dio_Ip_ClearGPDO
                0x000000000049406c                Siul2_Dio_Ip_WritePins
                0x00000000004940c8                Siul2_Dio_Ip_GetPinsOutput
                0x000000000049412e                Siul2_Dio_Ip_SetPins
                0x0000000000494192                Siul2_Dio_Ip_ClearPins
                0x00000000004941f4                Siul2_Dio_Ip_TogglePins
                0x0000000000494252                Siul2_Dio_Ip_ReadPins
                0x00000000004942d2                Siul2_Dio_Ip_ReadPin
                0x00000000004943bc                Siul2_Dio_Ip_MaskedWritePins
 .mcal_text     0x00000000004943fc      0x950 ./RTD/src/Siul2_Port_Ip.o
                0x0000000000494760                Siul2_Port_Ip_Init
                0x00000000004947b0                Siul2_Port_Ip_SetPullSel
                0x0000000000494894                Siul2_Port_Ip_SetOutputBuffer
                0x0000000000494950                Siul2_Port_Ip_SetInputBuffer
                0x0000000000494a2c                Siul2_Port_Ip_SetPinDirection
                0x0000000000494b26                Siul2_Port_Ip_RevertPinConfiguration
                0x0000000000494be8                Siul2_Port_Ip_GetPinConfiguration
 .mcal_text     0x0000000000494d4c      0x2c4 ./RTD/src/Tspc_Port_Ip.o
                0x0000000000494d4c                Tspc_Port_Ip_EnableObeGroup
                0x0000000000494db4                Tspc_Port_Ip_DisableObeGroup
                0x0000000000494e1c                Tspc_Port_Ip_MaskObeGroup
                0x0000000000494ea8                Tspc_Port_Ip_ConfigureObeGroup
                0x0000000000495010                . = ALIGN (0x4)
 *(.acmcu_code_rom)
                0x0000000000495010                . = ALIGN (0x4)
                0x0000000000495010                __acfls_code_rom_start = .
 *(.acfls_code_rom)
 .acfls_code_rom
                0x0000000000495010       0x74 ./RTD/src/Clock_Ip_Specific.o
                0x0000000000495010                Clock_Ip_PRAMCSetRamIWS
                0x0000000000495084                . = ALIGN (0x4)
                0x0000000000495084                __acfls_code_rom_end = .
                0x0000000000495084                __acmem_43_infls_code_rom_start = .
 *(.acmem_43_infls_code_rom)
 .acmem_43_infls_code_rom
                0x0000000000495084       0xa4 ./RTD/src/C40_Ip_Ac.o
                0x0000000000495084                C40_Ip_AccessCode
                0x0000000000495128                . = ALIGN (0x4)
                0x0000000000495128                __acmem_43_infls_code_rom_end = .
 *(.init)
                0x0000000000495128                . = ALIGN (0x4)
 *(.fini)
                0x0000000000495128                . = ALIGN (0x4)
 *(.rodata)
 .rodata        0x0000000000495128        0x4 ./RTD/src/Siul2_Port_Ip.o
                0x0000000000495128                Port_au32Siul2BaseAddr
 .rodata        0x000000000049512c       0x1e ./src/HSE_FlashStorage_Example.o
 *fill*         0x000000000049514a        0x2 
 .rodata        0x000000000049514c       0x10 ./src/HSE_Mac_Ecc_Example.o
 .rodata        0x000000000049515c       0x28 ./src/HSE_Main.o
 .rodata        0x0000000000495184       0x10 ./src/HSE_SecureBoot.o
 *(.rodata*)
                0x0000000000495194                . = ALIGN (0x4)
 *(.mcal_const_cfg)
 .mcal_const_cfg
                0x0000000000495194      0x300 ./board/Siul2_Port_Ip_Cfg.o
                0x0000000000495194                g_pin_mux_InitConfigArr_PortContainer_0_BOARD_InitPeripherals
 .mcal_const_cfg
                0x0000000000495494        0x8 ./generate/src/C40_Ip_Cfg.o
                0x0000000000495494                C40_Ip_InitCfg
 .mcal_const_cfg
                0x000000000049549c      0x41c ./generate/src/Clock_Ip_Cfg.o
                0x0000000000495870                Clock_Ip_aClockConfig
 .mcal_const_cfg
                0x00000000004958b8       0x14 ./generate/src/IntCtrl_Ip_Cfg.o
                0x00000000004958c4                IntCtrlConfig_0
                0x00000000004958cc                . = ALIGN (0x4)
 *(.mcal_const)
 .mcal_const    0x00000000004958cc        0x8 ./RTD/src/C40_Ip.o
                0x00000000004958cc                C40_Ip_pFlashBaseAddress
 .mcal_const    0x00000000004958d4      0xf14 ./RTD/src/Clock_Ip_Data.o
                0x00000000004958d4                Clock_Ip_au8DividerCallbackIndex
                0x00000000004958e0                Clock_Ip_au8DividerTriggerCallbackIndex
                0x00000000004958ec                Clock_Ip_au8XoscCallbackIndex
                0x00000000004958f8                Clock_Ip_au8IrcoscCallbackIndex
                0x0000000000495904                Clock_Ip_au8GateCallbackIndex
                0x0000000000495910                Clock_Ip_au8FractionalDividerCallbackIndex
                0x000000000049591c                Clock_Ip_au8PllCallbackIndex
                0x0000000000495928                Clock_Ip_au8SelectorCallbackIndex
                0x0000000000495934                Clock_Ip_au8PcfsCallbackIndex
                0x0000000000495940                Clock_Ip_au8CmuCallbackIndex
                0x000000000049594c                Clock_Ip_au8ClockFeatures
                0x0000000000495c5c                Clock_Ip_au8SoftwareMuxResetValue
                0x0000000000495cb4                Clock_Ip_au16SelectorEntryHardwareValue
                0x0000000000495cd8                Clock_Ip_au16SelectorEntryRtcHardwareValue
                0x0000000000495cfc                Clock_Ip_apxCgm
                0x0000000000495d50                Clock_Ip_apxCgmPcfs
                0x0000000000495d54                Clock_Ip_apxXosc
                0x0000000000495d5c                Clock_Ip_apxPll
                0x0000000000495d6c                Clock_Ip_apxCmu
                0x0000000000495d88                Clock_Ip_aeCmuNames
                0x0000000000495da4                Clock_Ip_axCmuInfo
                0x0000000000495e30                Clock_Ip_apxMcMeSetPartitions
                0x0000000000495e40                Clock_Ip_apxMcMeGetPartitions
                0x0000000000495e50                Clock_Ip_apxMcMeTriggerPartitions
                0x0000000000495e60                Clock_Ip_aeSourceTypeClockName
                0x0000000000495ea8                Clock_Ip_aeHwPllName
                0x0000000000495eac                Clock_Ip_aeHwDfsName
                0x0000000000495eb0                Clock_Ip_axFeatureExtensions
                0x0000000000496100                Clock_Ip_axGateInfo
 .mcal_const    0x00000000004967e8       0x14 ./RTD/src/Clock_Ip_Divider.o
                0x00000000004967e8                Clock_Ip_axDividerCallbacks
 .mcal_const    0x00000000004967fc       0x10 ./RTD/src/Clock_Ip_DividerTrigger.o
                0x00000000004967fc                Clock_Ip_axDividerTriggerCallbacks
 .mcal_const    0x000000000049680c       0x30 ./RTD/src/Clock_Ip_ExtOsc.o
                0x000000000049680c                Clock_Ip_axExtOscCallbacks
 .mcal_const    0x000000000049683c        0xc ./RTD/src/Clock_Ip_FracDiv.o
                0x000000000049683c                Clock_Ip_axFracDivCallbacks
 .mcal_const    0x0000000000496848       0x10 ./RTD/src/Clock_Ip_Gate.o
                0x0000000000496848                Clock_Ip_axGateCallbacks
 .mcal_const    0x0000000000496858       0x30 ./RTD/src/Clock_Ip_IntOsc.o
                0x0000000000496858                Clock_Ip_axIntOscCallbacks
 .mcal_const    0x0000000000496888       0x20 ./RTD/src/Clock_Ip_Monitor.o
                0x0000000000496888                Clock_Ip_axCmuCallbacks
 .mcal_const    0x00000000004968a8       0x28 ./RTD/src/Clock_Ip_Pll.o
                0x00000000004968a8                Clock_Ip_axPllCallbacks
 .mcal_const    0x00000000004968d0       0x28 ./RTD/src/Clock_Ip_ProgFreqSwitch.o
                0x00000000004968f0                Clock_Ip_axPcfsCallbacks
 .mcal_const    0x00000000004968f8       0x28 ./RTD/src/Clock_Ip_Selector.o
                0x00000000004968f8                Clock_Ip_axSelectorCallbacks
 .mcal_const    0x0000000000496920        0x8 ./RTD/src/Hse_Ip.o
                0x0000000000496928                . = ALIGN (0x4)
                0x0000000000496928                __init_table = .
 *(.init_table)
 .init_table    0x0000000000496928       0x4c ./Project_Settings/Startup_Code/startup_cm7.o
                0x0000000000496974                . = ALIGN (0x4)
                0x0000000000496974                __zero_table = .
 *(.zero_table)
 .zero_table    0x0000000000496974       0x1c ./Project_Settings/Startup_Code/startup_cm7.o

.ARM.extab      0x0000000000496990        0x0
 .ARM.extab     0x0000000000496990        0x0 c:/nxp/s32ds.3.6.7/s32ds/build_tools/gcc_v10.2/gcc-10.2-arm32-eabi/bin/../lib/gcc/arm-none-eabi/10.2.0/thumb/v7e-m+fp/hard\libgcc.a(_udivmoddi4.o)

.ARM.exidx      0x0000000000496990        0x8
 .ARM.exidx     0x0000000000496990        0x8 c:/nxp/s32ds.3.6.7/s32ds/build_tools/gcc_v10.2/gcc-10.2-arm32-eabi/bin/../lib/gcc/arm-none-eabi/10.2.0/thumb/v7e-m+fp/hard\libgcc.a(_udivmoddi4.o)

.glue_7         0x0000000000496998        0x0
 .glue_7        0x0000000000496998        0x0 linker stubs

.glue_7t        0x0000000000496998        0x0
 .glue_7t       0x0000000000496998        0x0 linker stubs

.vfp11_veneer   0x0000000000496998        0x0
 .vfp11_veneer  0x0000000000496998        0x0 linker stubs

.v4_bx          0x0000000000496998        0x0
 .v4_bx         0x0000000000496998        0x0 linker stubs

.iplt           0x0000000000496998        0x0
 .iplt          0x0000000000496998        0x0 ./Project_Settings/Startup_Code/Vector_Table.o

.rel.dyn        0x0000000000496998        0x0
 .rel.iplt      0x0000000000496998        0x0 ./Project_Settings/Startup_Code/Vector_Table.o
                0x0000000000496998                . = ALIGN (0x4)
                0x0000000000496998                __text_end = .
                0x0000000000496998                __sram_data_rom = __text_end

.sram_bss       0x0000000020400000      0xc44
                0x0000000020400000                . = ALIGN (0x8)
                0x0000000020400000                __standby_ram_begin__ = .
 *(.standby_data)
                0x0000000020400000                . = ALIGN (0x8)
                0x0000000020400000                __standby_ram_end__ = .
                0x0000000020400000                . = ALIGN (0x10)
                0x0000000020400000                __sram_bss_start = .
 *(.bss)
 .bss           0x0000000020400000        0x0 ./Project_Settings/Startup_Code/Vector_Table.o
 .bss           0x0000000020400000        0x0 ./Project_Settings/Startup_Code/exceptions.o
 .bss           0x0000000020400000        0x0 ./Project_Settings/Startup_Code/nvic.o
 .bss           0x0000000020400000        0x0 ./Project_Settings/Startup_Code/startup.o
 .bss           0x0000000020400000        0x0 ./Project_Settings/Startup_Code/startup_cm7.o
 .bss           0x0000000020400000       0x80 ./Project_Settings/Startup_Code/system.o
                0x0000000020400000                rbar
                0x0000000020400040                rasr
 .bss           0x0000000020400080        0x0 ./RTD/src/C40_Ip.o
 .bss           0x0000000020400080        0x0 ./RTD/src/C40_Ip_Ac.o
 .bss           0x0000000020400080        0x0 ./RTD/src/Cache_Ip.o
 .bss           0x0000000020400080        0x0 ./RTD/src/Cache_Ip_HwAcc_ArmCoreMx.o
 .bss           0x0000000020400080        0x0 ./RTD/src/Clock_Ip.o
 .bss           0x0000000020400080        0x0 ./RTD/src/Clock_Ip_Data.o
 .bss           0x0000000020400080        0x0 ./RTD/src/Clock_Ip_Divider.o
 .bss           0x0000000020400080        0x0 ./RTD/src/Clock_Ip_DividerTrigger.o
 .bss           0x0000000020400080        0x0 ./RTD/src/Clock_Ip_ExtOsc.o
 .bss           0x0000000020400080        0x0 ./RTD/src/Clock_Ip_FracDiv.o
 .bss           0x0000000020400080        0x0 ./RTD/src/Clock_Ip_Frequency.o
 .bss           0x0000000020400080        0x0 ./RTD/src/Clock_Ip_Gate.o
 .bss           0x0000000020400080        0x0 ./RTD/src/Clock_Ip_IntOsc.o
 .bss           0x0000000020400080        0x0 ./RTD/src/Clock_Ip_Irq.o
 .bss           0x0000000020400080        0x0 ./RTD/src/Clock_Ip_Monitor.o
 .bss           0x0000000020400080        0x0 ./RTD/src/Clock_Ip_Pll.o
 .bss           0x0000000020400080        0x0 ./RTD/src/Clock_Ip_ProgFreqSwitch.o
 .bss           0x0000000020400080        0x0 ./RTD/src/Clock_Ip_Selector.o
 .bss           0x0000000020400080        0x0 ./RTD/src/Clock_Ip_Specific.o
 .bss           0x0000000020400080        0x0 ./RTD/src/Det.o
 .bss           0x0000000020400080        0x0 ./RTD/src/Det_stub.o
 .bss           0x0000000020400080        0x0 ./RTD/src/Hse_Ip.o
 .bss           0x0000000020400080        0x0 ./RTD/src/Hse_Ip_Semaphore.o
 .bss           0x0000000020400080        0x0 ./RTD/src/Igf_Port_Ip.o
 .bss           0x0000000020400080        0x0 ./RTD/src/IntCtrl_Ip.o
 .bss           0x0000000020400080        0x0 ./RTD/src/Mu_Ip_Irq.o
 .bss           0x0000000020400080        0x0 ./RTD/src/OsIf_Interrupts.o
 .bss           0x0000000020400080        0x0 ./RTD/src/OsIf_Software_Semaphore.o
 .bss           0x0000000020400080        0x0 ./RTD/src/OsIf_Timer.o
 .bss           0x0000000020400080        0x0 ./RTD/src/OsIf_Timer_System.o
 .bss           0x0000000020400080        0x0 ./RTD/src/OsIf_Timer_System_Internal_Systick.o
 .bss           0x0000000020400080        0x0 ./RTD/src/SchM_BaseNXP.o
 .bss           0x0000000020400080        0x0 ./RTD/src/SchM_Crypto_43_HSE.o
 .bss           0x0000000020400080        0x0 ./RTD/src/SchM_Dio.o
 .bss           0x0000000020400080        0x0 ./RTD/src/SchM_Mcl.o
 .bss           0x0000000020400080        0x0 ./RTD/src/SchM_Mcu.o
 .bss           0x0000000020400080        0x0 ./RTD/src/SchM_Mem_43_INFLS.o
 .bss           0x0000000020400080        0x0 ./RTD/src/SchM_Port.o
 .bss           0x0000000020400080        0x0 ./RTD/src/Siul2_Dio_Ip.o
 .bss           0x0000000020400080        0x0 ./RTD/src/Siul2_Port_Ip.o
 .bss           0x0000000020400080        0x0 ./RTD/src/Tspc_Port_Ip.o
 .bss           0x0000000020400080        0x0 ./board/Siul2_Port_Ip_Cfg.o
 .bss           0x0000000020400080        0x0 ./board/Tspc_Port_Ip_Cfg.o
 .bss           0x0000000020400080        0x0 ./generate/src/C40_Ip_Cfg.o
 .bss           0x0000000020400080        0x0 ./generate/src/Clock_Ip_Cfg.o
 .bss           0x0000000020400080        0x0 ./generate/src/Hse_Ip_Cfg.o
 .bss           0x0000000020400080        0x0 ./generate/src/Igf_Port_Ip_Cfg.o
 .bss           0x0000000020400080        0x0 ./generate/src/IntCtrl_Ip_Cfg.o
 .bss           0x0000000020400080        0x0 ./generate/src/OsIf_Cfg.o
 .bss           0x0000000020400080        0x0 ./src/APP_Main.o
 .bss           0x0000000020400080       0xe2 ./src/HSE_FlashStorage_Example.o
                0x0000000020400080                HSE_Example_NvmKeyRoundTripMatch
                0x0000000020400081                HSE_Example_GeneratedKeyRoundTripMatch
                0x0000000020400082                HSE_Example_CtrIvGenerated
                0x0000000020400083                HSE_Example_CtrRoundTripMatch
 *fill*         0x0000000020400162        0x2 
 .bss           0x0000000020400164      0x3f0 ./src/HSE_Mac_Ecc_Example.o
                0x0000000020400164                HSE_Mac_Tag
                0x0000000020400174                HSE_Mac_TagLength
                0x0000000020400178                HSE_Mac_TagFromFlash
                0x0000000020400188                HSE_Mac_FlashRoundTripVerified
                0x000000002040018c                HSE_EccPublicKey
                0x00000000204001cc                HSE_EccSignatureR
                0x00000000204001ec                HSE_EccSignatureS
                0x000000002040020c                HSE_EccSignatureRLength
                0x0000000020400210                HSE_EccSignatureSLength
                0x0000000020400214                HSE_Ecc_FlashRoundTripVerified
 *fill*         0x0000000020400554        0x4 
 .bss           0x0000000020400558      0x39c ./src/HSE_Main.o
                0x0000000020400834                HSE_AesKeyInfo
                0x0000000020400864                HSE_AesRoundTripMatch
                0x0000000020400868                HSE_NvmAesKeyInfo
                0x0000000020400898                HSE_AesNvmRoundTripMatch
                0x000000002040089c                HSE_GeneratedAesKeyInfo
                0x00000000204008cc                HSE_AesGeneratedRoundTripMatch
 .bss           0x00000000204008f4      0x28c ./src/HSE_SecureBoot.o
                0x00000000204008f4                HSE_SecureBootTestDataVerified
                0x00000000204008f8                HSE_SmrVerifyKeyInfo
                0x0000000020400908                HSE_SmrInstallTag
                0x0000000020400918                HSE_SmrInstallTagLength
                0x000000002040091c                HSE_SecureBootNegativeControlPassed
 .bss           0x0000000020400b80        0x1 ./src/LED.o
                0x0000000020400b80                val
 .bss           0x0000000020400b81        0x0 ./src/main.o
 .bss           0x0000000020400b81        0x0 c:/nxp/s32ds.3.6.7/s32ds/build_tools/gcc_v10.2/gcc-10.2-arm32-eabi/bin/../lib/gcc/arm-none-eabi/10.2.0/../../../../arm-none-eabi/lib/thumb/v7e-m+fp/hard\libc_nano.a(lib_a-memcmp.o)
 .bss           0x0000000020400b81        0x0 c:/nxp/s32ds.3.6.7/s32ds/build_tools/gcc_v10.2/gcc-10.2-arm32-eabi/bin/../lib/gcc/arm-none-eabi/10.2.0/../../../../arm-none-eabi/lib/thumb/v7e-m+fp/hard\libc_nano.a(lib_a-memset.o)
 .bss           0x0000000020400b81        0x0 c:/nxp/s32ds.3.6.7/s32ds/build_tools/gcc_v10.2/gcc-10.2-arm32-eabi/bin/../lib/gcc/arm-none-eabi/10.2.0/../../../../arm-none-eabi/lib/thumb/v7e-m+fp/hard\libc_nano.a(lib_a-strlen.o)
 .bss           0x0000000020400b81        0x0 c:/nxp/s32ds.3.6.7/s32ds/build_tools/gcc_v10.2/gcc-10.2-arm32-eabi/bin/../lib/gcc/arm-none-eabi/10.2.0/thumb/v7e-m+fp/hard\libgcc.a(_aeabi_uldivmod.o)
 .bss           0x0000000020400b81        0x0 c:/nxp/s32ds.3.6.7/s32ds/build_tools/gcc_v10.2/gcc-10.2-arm32-eabi/bin/../lib/gcc/arm-none-eabi/10.2.0/thumb/v7e-m+fp/hard\libgcc.a(_udivmoddi4.o)
 .bss           0x0000000020400b81        0x0 c:/nxp/s32ds.3.6.7/s32ds/build_tools/gcc_v10.2/gcc-10.2-arm32-eabi/bin/../lib/gcc/arm-none-eabi/10.2.0/thumb/v7e-m+fp/hard\libgcc.a(_dvmd_tls.o)
 *(.bss*)
                0x0000000020400b90                . = ALIGN (0x10)
 *fill*         0x0000000020400b81        0xf 
 *(.mcal_bss)
 .mcal_bss      0x0000000020400b90        0x4 ./Project_Settings/Startup_Code/system.o
                0x0000000020400b90                RESET_CATCH_CORE
 .mcal_bss      0x0000000020400b94       0x18 ./RTD/src/C40_Ip.o
                0x0000000020400ba8                C40_Ip_Instance
 .mcal_bss      0x0000000020400bac       0x63 ./RTD/src/Clock_Ip.o
                0x0000000020400bb4                Clock_Ip_pxConfig
                0x0000000020400bb8                Clock_Ip_FreqIds
 *fill*         0x0000000020400c0f        0x1 
 .mcal_bss      0x0000000020400c10        0xc ./RTD/src/Clock_Ip_Monitor.o
 *fill*         0x0000000020400c1c        0x4 
 .mcal_bss      0x0000000020400c20        0x8 ./RTD/src/Clock_Ip_ProgFreqSwitch.o
 .mcal_bss      0x0000000020400c28        0x9 ./RTD/src/Clock_Ip_Specific.o
 *fill*         0x0000000020400c31        0x3 
 .mcal_bss      0x0000000020400c34        0x8 ./RTD/src/Hse_Ip.o
 .mcal_bss      0x0000000020400c3c        0x8 ./RTD/src/Siul2_Port_Ip.o
                0x0000000020400c44                . = ALIGN (0x4)
                0x0000000020400c44                __sram_bss_end = .

.sram_data      0x0000000020400c44      0x224 load address 0x0000000000496998
                0x0000000020400c44                . = ALIGN (0x4)
                0x0000000020400c44                __sram_data_begin__ = .
                0x0000000020400c44                . = ALIGN (0x4)
 *(.ramcode)
 .ramcode       0x0000000020400c44       0xf0 ./RTD/src/Clock_Ip_Specific.o
                0x0000000020400d34                . = ALIGN (0x4)
 *(.data)
 .data          0x0000000020400d34        0x0 ./Project_Settings/Startup_Code/Vector_Table.o
 .data          0x0000000020400d34        0x0 ./Project_Settings/Startup_Code/exceptions.o
 .data          0x0000000020400d34        0x0 ./Project_Settings/Startup_Code/nvic.o
 .data          0x0000000020400d34        0x0 ./Project_Settings/Startup_Code/startup.o
 .data          0x0000000020400d34        0x0 ./Project_Settings/Startup_Code/startup_cm7.o
 .data          0x0000000020400d34        0x0 ./Project_Settings/Startup_Code/system.o
 .data          0x0000000020400d34        0x0 ./RTD/src/C40_Ip.o
 .data          0x0000000020400d34        0x0 ./RTD/src/C40_Ip_Ac.o
 .data          0x0000000020400d34        0x0 ./RTD/src/Cache_Ip.o
 .data          0x0000000020400d34        0x0 ./RTD/src/Cache_Ip_HwAcc_ArmCoreMx.o
 .data          0x0000000020400d34        0x4 ./RTD/src/Clock_Ip.o
 .data          0x0000000020400d38        0x0 ./RTD/src/Clock_Ip_Data.o
 .data          0x0000000020400d38        0x0 ./RTD/src/Clock_Ip_Divider.o
 .data          0x0000000020400d38        0x0 ./RTD/src/Clock_Ip_DividerTrigger.o
 .data          0x0000000020400d38        0x0 ./RTD/src/Clock_Ip_ExtOsc.o
 .data          0x0000000020400d38        0x0 ./RTD/src/Clock_Ip_FracDiv.o
 .data          0x0000000020400d38        0x0 ./RTD/src/Clock_Ip_Frequency.o
 .data          0x0000000020400d38        0x0 ./RTD/src/Clock_Ip_Gate.o
 .data          0x0000000020400d38        0x0 ./RTD/src/Clock_Ip_IntOsc.o
 .data          0x0000000020400d38        0x0 ./RTD/src/Clock_Ip_Irq.o
 .data          0x0000000020400d38        0x0 ./RTD/src/Clock_Ip_Monitor.o
 .data          0x0000000020400d38        0x0 ./RTD/src/Clock_Ip_Pll.o
 .data          0x0000000020400d38        0x0 ./RTD/src/Clock_Ip_ProgFreqSwitch.o
 .data          0x0000000020400d38        0x0 ./RTD/src/Clock_Ip_Selector.o
 .data          0x0000000020400d38        0x0 ./RTD/src/Clock_Ip_Specific.o
 .data          0x0000000020400d38        0x0 ./RTD/src/Det.o
 .data          0x0000000020400d38        0x0 ./RTD/src/Det_stub.o
 .data          0x0000000020400d38        0x0 ./RTD/src/Hse_Ip.o
 .data          0x0000000020400d38        0x0 ./RTD/src/Hse_Ip_Semaphore.o
 .data          0x0000000020400d38        0x0 ./RTD/src/Igf_Port_Ip.o
 .data          0x0000000020400d38        0x0 ./RTD/src/IntCtrl_Ip.o
 .data          0x0000000020400d38        0x0 ./RTD/src/Mu_Ip_Irq.o
 .data          0x0000000020400d38        0x0 ./RTD/src/OsIf_Interrupts.o
 .data          0x0000000020400d38        0x0 ./RTD/src/OsIf_Software_Semaphore.o
 .data          0x0000000020400d38        0x0 ./RTD/src/OsIf_Timer.o
 .data          0x0000000020400d38        0x0 ./RTD/src/OsIf_Timer_System.o
 .data          0x0000000020400d38        0x0 ./RTD/src/OsIf_Timer_System_Internal_Systick.o
 .data          0x0000000020400d38        0x0 ./RTD/src/SchM_BaseNXP.o
 .data          0x0000000020400d38        0x0 ./RTD/src/SchM_Crypto_43_HSE.o
 .data          0x0000000020400d38        0x0 ./RTD/src/SchM_Dio.o
 .data          0x0000000020400d38        0x0 ./RTD/src/SchM_Mcl.o
 .data          0x0000000020400d38        0x0 ./RTD/src/SchM_Mcu.o
 .data          0x0000000020400d38        0x0 ./RTD/src/SchM_Mem_43_INFLS.o
 .data          0x0000000020400d38        0x0 ./RTD/src/SchM_Port.o
 .data          0x0000000020400d38        0x0 ./RTD/src/Siul2_Dio_Ip.o
 .data          0x0000000020400d38        0x0 ./RTD/src/Siul2_Port_Ip.o
 .data          0x0000000020400d38        0x0 ./RTD/src/Tspc_Port_Ip.o
 .data          0x0000000020400d38        0x0 ./board/Siul2_Port_Ip_Cfg.o
 .data          0x0000000020400d38        0x0 ./board/Tspc_Port_Ip_Cfg.o
 .data          0x0000000020400d38        0x0 ./generate/src/C40_Ip_Cfg.o
 .data          0x0000000020400d38        0x0 ./generate/src/Clock_Ip_Cfg.o
 .data          0x0000000020400d38        0x0 ./generate/src/Hse_Ip_Cfg.o
 .data          0x0000000020400d38        0x0 ./generate/src/Igf_Port_Ip_Cfg.o
 .data          0x0000000020400d38        0x0 ./generate/src/IntCtrl_Ip_Cfg.o
 .data          0x0000000020400d38        0x0 ./generate/src/OsIf_Cfg.o
 .data          0x0000000020400d38        0x0 ./src/APP_Main.o
 .data          0x0000000020400d38       0x40 ./src/HSE_FlashStorage_Example.o
                0x0000000020400d38                HSE_Example_NvmKeyEncryptResponse
                0x0000000020400d3c                HSE_Example_NvmKeyFlashWriteStatus
                0x0000000020400d40                HSE_Example_NvmKeyFlashReadStatus
                0x0000000020400d44                HSE_Example_NvmKeyDecryptResponse
                0x0000000020400d48                HSE_Example_GeneratedKeyEncryptResponse
                0x0000000020400d4c                HSE_Example_GeneratedKeyFlashWriteStatus
                0x0000000020400d50                HSE_Example_GeneratedKeyFlashReadStatus
                0x0000000020400d54                HSE_Example_GeneratedKeyDecryptResponse
                0x0000000020400d58                HSE_Example_CtrEncryptResponse
                0x0000000020400d5c                HSE_Example_CtrFlashWriteStatus
                0x0000000020400d60                HSE_Example_CtrFlashReadStatus
                0x0000000020400d64                HSE_Example_CtrDecryptResponse
 .data          0x0000000020400d78       0x34 ./src/HSE_Mac_Ecc_Example.o
                0x0000000020400d78                HSE_Mac_ImportKeyResponse
                0x0000000020400d7c                HSE_Mac_GenerateTagResponse
                0x0000000020400d80                HSE_Mac_VerifyTagResponse
                0x0000000020400d84                HSE_Mac_FlashWriteStatus
                0x0000000020400d88                HSE_Mac_FlashReadStatus
                0x0000000020400d8c                HSE_Mac_VerifyFromFlashResponse
                0x0000000020400d90                HSE_Ecc_GenerateKeyPairResponse
                0x0000000020400d94                HSE_Ecc_SignResponse
                0x0000000020400d98                HSE_Ecc_VerifyResponse
                0x0000000020400d9c                HSE_Ecc_FlashWriteStatus
                0x0000000020400da0                HSE_Ecc_FlashReadStatus
                0x0000000020400da4                HSE_Ecc_ImportPubKeyFromFlashResponse
                0x0000000020400da8                HSE_Ecc_VerifyFromFlashResponse
 .data          0x0000000020400dac       0x84 ./src/HSE_Main.o
                0x0000000020400dac                HSE_Status
                0x0000000020400df4                HSE_FormatKeyCatalogsResponse
                0x0000000020400df8                HSE_ImportKeyResponse
                0x0000000020400dfc                HSE_GetAesKeyInfoResponse
                0x0000000020400e00                HSE_AesEncryptResponse
                0x0000000020400e04                HSE_AesDecryptResponse
                0x0000000020400e08                HSE_ImportNvmKeyResponse
                0x0000000020400e0c                HSE_GetNvmAesKeyInfoResponse
                0x0000000020400e10                HSE_AesEncryptNvmResponse
                0x0000000020400e14                HSE_AesDecryptNvmResponse
                0x0000000020400e18                HSE_GenerateAesKeyResponse
                0x0000000020400e1c                HSE_GetGeneratedAesKeyInfoResponse
                0x0000000020400e20                HSE_AesEncryptGeneratedResponse
                0x0000000020400e24                HSE_AesDecryptGeneratedResponse
 .data          0x0000000020400e30       0x28 ./src/HSE_SecureBoot.o
                0x0000000020400e30                HSE_SecureBootTestDataWriteStatus
                0x0000000020400e34                HSE_ImportSmrSignKeyRamResponse
                0x0000000020400e38                HSE_ImportSmrVerifyKeyNvmResponse
                0x0000000020400e3c                HSE_GetSmrVerifyKeyInfoResponse
                0x0000000020400e40                HSE_ComputeSmrInstallTagResponse
                0x0000000020400e44                HSE_EraseSmrSignKeyRamResponse
                0x0000000020400e48                HSE_InstallSmrEntryResponse
                0x0000000020400e4c                HSE_VerifySmrEntryResponse
                0x0000000020400e50                HSE_SecureBootCorruptTestDataStatus
                0x0000000020400e54                HSE_VerifySmrEntryAfterCorruptionResponse
 .data          0x0000000020400e58        0x0 ./src/LED.o
 .data          0x0000000020400e58        0x0 ./src/main.o
 .data          0x0000000020400e58        0x0 c:/nxp/s32ds.3.6.7/s32ds/build_tools/gcc_v10.2/gcc-10.2-arm32-eabi/bin/../lib/gcc/arm-none-eabi/10.2.0/../../../../arm-none-eabi/lib/thumb/v7e-m+fp/hard\libc_nano.a(lib_a-memcmp.o)
 .data          0x0000000020400e58        0x0 c:/nxp/s32ds.3.6.7/s32ds/build_tools/gcc_v10.2/gcc-10.2-arm32-eabi/bin/../lib/gcc/arm-none-eabi/10.2.0/../../../../arm-none-eabi/lib/thumb/v7e-m+fp/hard\libc_nano.a(lib_a-memset.o)
 .data          0x0000000020400e58        0x0 c:/nxp/s32ds.3.6.7/s32ds/build_tools/gcc_v10.2/gcc-10.2-arm32-eabi/bin/../lib/gcc/arm-none-eabi/10.2.0/../../../../arm-none-eabi/lib/thumb/v7e-m+fp/hard\libc_nano.a(lib_a-strlen.o)
 .data          0x0000000020400e58        0x0 c:/nxp/s32ds.3.6.7/s32ds/build_tools/gcc_v10.2/gcc-10.2-arm32-eabi/bin/../lib/gcc/arm-none-eabi/10.2.0/thumb/v7e-m+fp/hard\libgcc.a(_aeabi_uldivmod.o)
 .data          0x0000000020400e58        0x0 c:/nxp/s32ds.3.6.7/s32ds/build_tools/gcc_v10.2/gcc-10.2-arm32-eabi/bin/../lib/gcc/arm-none-eabi/10.2.0/thumb/v7e-m+fp/hard\libgcc.a(_udivmoddi4.o)
 .data          0x0000000020400e58        0x0 c:/nxp/s32ds.3.6.7/s32ds/build_tools/gcc_v10.2/gcc-10.2-arm32-eabi/bin/../lib/gcc/arm-none-eabi/10.2.0/thumb/v7e-m+fp/hard\libgcc.a(_dvmd_tls.o)
 *(.data*)
                0x0000000020400e58                . = ALIGN (0x4)
 *(.mcal_data)
 .mcal_data     0x0000000020400e58        0x8 ./RTD/src/C40_Ip.o
 .mcal_data     0x0000000020400e60        0x4 ./RTD/src/Clock_Ip_Specific.o
 .mcal_data     0x0000000020400e64        0x4 ./RTD/src/Siul2_Dio_Ip.o
                0x0000000020400e64                Siul2_Dio_Ip_au32BaseAdresses
                0x0000000020400e68                . = ALIGN (0x4)
                0x0000000020400e68                __sram_data_end__ = .
                0x0000000000496bbc                __sram_data_rom_end = (__sram_data_rom + (__sram_data_end__ - __sram_data_begin__))

.heap           0x0000000020400e68      0x200 load address 0x0000000000496bbc
                0x0000000000000000                . = (. + ALIGN (0x4))
                0x0000000020400e68                _end = .
                0x0000000020400e68                end = .
                0x0000000020400e68                _heap_start = .
                0x0000000000000200                . = (. + HEAP_SIZE)
 *fill*         0x0000000020400e68      0x200 
                0x0000000020401068                _heap_end = .

.acfls_code_ram
                0x0000000020407f00        0x0
                0x0000000020407f00                __acfls_code_ram_start = .
 *(.acfls_code_ram)
                0x0000000020407f00                __acfls_code_ram_end = .
                0x0000000020407f00                __acmem_43_infls_code_ram_start = .
 *(.acmem_43_infls_code_ram)
                0x0000000020407f00                __acmem_43_infls_code_ram_end = .
                0x0000000000496bbc                __non_cacheable_data_rom = __sram_data_rom_end

.non_cacheable_data
                0x0000000020408000        0x4 load address 0x0000000000496bbc
                0x0000000020408000                . = ALIGN (0x4)
                0x0000000020408000                __non_cacheable_data_start__ = .
 *(.mcal_data_no_cacheable)
                0x0000000020408000                . = ALIGN (0x4)
 *(.mcal_const_no_cacheable)
                0x0000000020408000                . = ALIGN (0x4)
                0x0000000020408000                HSE_LOOP_ADDR = .
                0x0000000020408000        0x4 LONG 0x0
                0x0000000020408004                __non_cacheable_data_end__ = .
                0x0000000000496bc0                __non_cacheable_data_rom_end = (__non_cacheable_data_rom + (__non_cacheable_data_end__ - __non_cacheable_data_start__))

.igot.plt       0x0000000020408004        0x0 load address 0x0000000000496bc0
 .igot.plt      0x0000000020408004        0x0 ./Project_Settings/Startup_Code/Vector_Table.o

.non_cacheable_bss
                0x0000000020408004     0x164c load address 0x0000000000496bc0
                0x0000000020408010                . = ALIGN (0x10)
 *fill*         0x0000000020408004        0xc 
                0x0000000020408010                __non_cacheable_bss_start = .
 *(.mcal_bss_no_cacheable)
 .mcal_bss_no_cacheable
                0x0000000020408010      0x7a0 ./RTD/src/Det.o
                0x0000000020408010                Det_InstanceId
                0x0000000020408038                Det_ApiId
                0x0000000020408060                Det_ErrorId
                0x0000000020408088                Det_RuntimeInstanceId
                0x00000000204080b0                Det_RuntimeApiId
                0x00000000204080d8                Det_RuntimeErrorId
                0x0000000020408100                Det_TransientInstanceId
                0x0000000020408128                Det_TransientApiId
                0x0000000020408150                Det_TransientFaultId
                0x0000000020408178                Det_TransientModuleId
                0x00000000204081c8                Det_ModuleId
                0x0000000020408218                Det_RuntimeModuleId
                0x0000000020408268                Det_numEventErrors
                0x0000000020408288                Det_numRuntimeEventErrors
                0x00000000204082a8                Det_numTransientEventErrors
                0x00000000204082c8                Det_NextIdxList
                0x0000000020408318                Det_Head
                0x0000000020408328                Det_Tail
                0x0000000020408338                Det_Transient_NextIdxList
                0x0000000020408388                Det_Transient_Head
                0x0000000020408398                Det_Transient_Tail
                0x00000000204083a8                Det_Runtime_NextIdxList
                0x00000000204083f8                Det_Runtime_Head
                0x0000000020408408                Det_Runtime_Tail
                0x0000000020408418                Det_aErrorState
                0x0000000020408538                Det_aRuntimeErrorState
                0x0000000020408658                Det_aTransientErrorState
                0x0000000020408778                Det_ModuleState
                0x0000000020408798                Det_OverflowErrorFlag
                0x00000000204087a0                Det_OverflowRuntimeErrorFlag
                0x00000000204087a8                Det_OverflowTransientErrorFlag
 .mcal_bss_no_cacheable
                0x00000000204087b0       0x40 ./RTD/src/SchM_BaseNXP.o
 .mcal_bss_no_cacheable
                0x00000000204087f0      0x100 ./RTD/src/SchM_Crypto_43_HSE.o
 .mcal_bss_no_cacheable
                0x00000000204088f0       0x40 ./RTD/src/SchM_Dio.o
 .mcal_bss_no_cacheable
                0x0000000020408930      0x600 ./RTD/src/SchM_Mcl.o
 .mcal_bss_no_cacheable
                0x0000000020408f30       0x60 ./RTD/src/SchM_Mcu.o
 .mcal_bss_no_cacheable
                0x0000000020408f90      0x340 ./RTD/src/SchM_Mem_43_INFLS.o
 .mcal_bss_no_cacheable
                0x00000000204092d0      0x380 ./RTD/src/SchM_Port.o
                0x0000000020409650                . = ALIGN (0x4)
                0x0000000020409650                __non_cacheable_bss_end = .

.int_results    0x000000002040ff00      0x100
                0x000000002040ff00                . = ALIGN (0x4)
 *(.int_results)
                0x0000000020410000                . = (. + 0x100)
 *fill*         0x000000002040ff00      0x100 
                0x0000000000496bc0                __shareable_data_rom = __non_cacheable_data_rom_end

.shareable_data
                0x0000000020410000        0x0 load address 0x0000000000496bc0
                0x0000000020410000                . = ALIGN (0x4)
                0x0000000020410000                __shareable_data_start__ = .
 *(.mcal_shared_data)
                0x0000000020410000                . = ALIGN (0x4)
                0x0000000020410000                __shareable_data_end__ = .
                0x0000000000496bc0                __shareable_data_rom_end = (__shareable_data_rom + (__shareable_data_end__ - __shareable_data_start__))

.int_vector     0x0000000020000000      0x408
                0x0000000020000000                . = ALIGN (0x800)
                0x0000000020000000                __interrupts_ram_start = .
                0x0000000020000408                . = (. + (__interrupts_init_end - __interrupts_init_start))
 *fill*         0x0000000020000000      0x408 
                0x0000000020000408                . = ALIGN (0x4)
                0x0000000020000408                __interrupts_ram_end = .
                0x0000000000496bc0                __tcm_data_rom = __shareable_data_rom_end

.data_tcm_data  0x0000000020000408        0x0 load address 0x0000000000496bc0
                0x0000000020000408                . = ALIGN (0x4)
                0x0000000020000408                __dtcm_data_start__ = .
 *(.dtcm_data*)
                0x0000000020000408                . = ALIGN (0x4)
                0x0000000020000408                __dtcm_data_end__ = .
                0x0000000000496bc0                __tcm_data_rom_end = (__tcm_data_rom + (__dtcm_data_end__ - __dtcm_data_start__))

.bss_tcm_data   0x0000000020000408        0x0
                0x0000000020000408                . = ALIGN (0x4)
                0x0000000020000408                __dtcm_bss_start__ = .
 *(.dtcm_bss*)
                0x0000000020000408                . = ALIGN (0x4)
                0x0000000020000408                __dtcm_bss_end__ = .
                0x0000000000496bc0                __tcm_code_rom_start = __tcm_data_rom_end

.itcm_text      0x0000000000000000        0x0 load address 0x0000000000496bc0
                0x0000000000000000                . = ALIGN (0x4)
                0x0000000000000000                __itcm_start__ = .
 *(.itcm_text*)
                0x0000000000000000                . = ALIGN (0x4)
                0x0000000000000000                __itcm_end__ = .
                0x0000000000496bc0                __tcm_code_rom_end = (__tcm_code_rom_start + (__itcm_end__ - __itcm_start__))

.shareable_bss  0x0000000020410000        0x0
                0x0000000020410000                . = ALIGN (0x10)
                0x0000000020410000                __shareable_bss_start = .
 *(.mcal_shared_bss)
                0x0000000020410000                . = ALIGN (0x4)
                0x0000000020410000                __shareable_bss_end = .
                0x000000002000f000                __Stack_dtcm_end = ORIGIN (int_stack_dtcm)
                0x0000000020010000                __Stack_dtcm_start = (ORIGIN (int_stack_dtcm) + LENGTH (int_stack_dtcm))
                0x0000000020400000                __INT_SRAM_START = ORIGIN (int_sram)
                0x0000000020418000                __INT_SRAM_END = ORIGIN (ram_rsvd2)
                0x0000000000000000                __INT_ITCM_START = ORIGIN (int_itcm)
                0x0000000000008000                __INT_ITCM_END = (ORIGIN (int_itcm) + LENGTH (int_itcm))
                0x0000000020000000                __INT_DTCM_START = ORIGIN (int_dtcm)
                0x0000000020010000                __INT_DTCM_END = ((ORIGIN (int_dtcm) + LENGTH (int_dtcm)) + LENGTH (int_stack_dtcm))
                0x0000000020410000                __RAM_SHAREABLE_START = __shareable_data_start__
                0x000000000000000f                __RAM_SHAREABLE_SIZE = 0xf
                0x0000000000496bc0                __ROM_SHAREABLE_START = __shareable_data_rom
                0x0000000000496bc0                __ROM_SHAREABLE_END = __shareable_data_rom_end
                0x0000000020408000                __RAM_NO_CACHEABLE_START = __non_cacheable_data_start__
                0x000000000000000f                __RAM_NO_CACHEABLE_SIZE = 0xf
                0x0000000000496bbc                __ROM_NO_CACHEABLE_START = __non_cacheable_data_rom
                0x0000000000496bc0                __ROM_NO_CACHEABLE_END = __non_cacheable_data_rom_end
                0x0000000020400c44                __RAM_CACHEABLE_START = __sram_data_begin__
                0x000000000000000f                __RAM_CACHEABLE_SIZE = 0xf
                0x0000000000496998                __ROM_CACHEABLE_START = __sram_data_rom
                0x0000000000496bbc                __ROM_CACHEABLE_END = __sram_data_rom_end
                0x0000000000482000                __ROM_CODE_START = ORIGIN (int_pflash)
                0x0000000010000000                __ROM_DATA_START = ORIGIN (int_dflash)
                0x0000000020400000                __BSS_SRAM_START = __sram_bss_start
                0x0000000020400c44                __BSS_SRAM_END = __sram_bss_end
                0x0000000000000c44                __BSS_SRAM_SIZE = (__sram_bss_end - __sram_bss_start)
                0x0000000020408010                __BSS_SRAM_NC_START = __non_cacheable_bss_start
                0x0000000000001640                __BSS_SRAM_NC_SIZE = (__non_cacheable_bss_end - __non_cacheable_bss_start)
                0x0000000020409650                __BSS_SRAM_NC_END = __non_cacheable_bss_end
                0x0000000020410000                __BSS_SRAM_SH_START = __shareable_bss_start
                0x0000000000000000                __BSS_SRAM_SH_SIZE = (__shareable_bss_end - __shareable_bss_start)
                0x0000000020410000                __BSS_SRAM_SH_END = __shareable_bss_end
                0x0000000020000000                __RAM_INTERRUPT_START = __interrupts_ram_start
                0x0000000000484000                __INIT_INTERRUPT_START = __interrupts_init_start
                0x0000000000484408                __INIT_INTERRUPT_END = __interrupts_init_end
                0x0000000000000000                __RAM_ITCM_START = __itcm_start__
                0x0000000000496bc0                __ROM_ITCM_START = __tcm_code_rom_start
                0x0000000000496bc0                __ROM_ITCM_END = __tcm_code_rom_end
                0x0000000020000408                __RAM_DTCM_DATA_START = __dtcm_data_start__
                0x0000000000496bc0                __ROM_DTCM_DATA_START = __tcm_data_rom
                0x0000000000496bc0                __ROM_DTCM_END = __tcm_data_rom_end
                0x0000000000496928                __INIT_TABLE = __init_table
                0x0000000000496974                __ZERO_TABLE = __zero_table